dumble-overdrive-special           compile=ok           n= 71 relRms=  8.2e-1 sNC=   81/9600 dNC=   73 wNC=10/22 sMean=  4.2 dMean=  4.0 sxRT=  3.90 fb=0/49474 drop=[] repiv=[] aband=[] 
fender-5e3-deluxe-tweed            compile=ok           n= 48 relRms= 1.2e-10 sNC=    0/9600 dNC=    0 wNC=0/0 sMean=  2.9 dMean=  2.9 sxRT=  2.62 fb=0/34699 drop=[] repiv=[] aband=[] 
fender-5f1-champ                   compile=ok           n= 37 relRms= 3.6e-11 sNC=    0/9600 dNC=    0 wNC=0/0 sMean=  3.0 dMean=  3.0 sxRT=  1.15 fb=0/34693 drop=[] repiv=[] aband=[] 
fender-bassman                     compile=ok           n= 69 relRms=  1.3e-9 sNC=    0/9600 dNC=    0 wNC=0/0 sMean=  2.8 dMean=  2.8 sxRT=  3.17 fb=0/33821 drop=[] repiv=[] aband=[] 
fender-super-reverb-aa1069         compile=ok           n= 73 relRms= 1.7e-10 sNC=    0/9600 dNC=    0 wNC=0/0 sMean=  2.6 dMean=  2.6 sxRT=  4.16 fb=0/31722 drop=[] repiv=[] aband=[] 
fender-super-reverb                compile=ok           n= 73 relRms= 2.1e-10 sNC=    0/9600 dNC=    0 wNC=0/0 sMean=  2.6 dMean=  2.6 sxRT=  2.79 fb=0/31118 drop=[] repiv=[] aband=[] 
fender-twin-reverb                 compile=ok           n= 79 relRms= 8.5e-10 sNC=    0/9600 dNC=    0 wNC=0/36 sMean=  2.4 dMean=  2.4 sxRT=  3.34 fb=0/28817 drop=[] repiv=[] aband=[] 
hiwatt-dr103                       compile=ok           n= 79 relRms=  6.3e-2 sNC=   25/9600 dNC=   30 wNC=0/0 sMean=  4.5 dMean=  4.6 sxRT=  7.18 fb=0/50336 drop=[] repiv=[] aband=[] 
marshall-1959-super-lead-plexi     compile=ok           n= 62 relRms=  2.4e-2 sNC=  948/9600 dNC= 5346 wNC=654/654 sMean=  9.6 dMean= 45.1 sxRT= 12.56 fb=0/144419 drop=[] repiv=[] aband=[] 
marshall-jcm800                    compile=ok           n= 80 relRms=  3.2e-8 sNC=    0/9600 dNC=    0 wNC=0/0 sMean=  3.1 dMean=  3.1 sxRT=  3.26 fb=0/35898 drop=[] repiv=[] aband=[] 
marshall-jtm45                     compile=ok           n= 64 relRms= 6.7e-10 sNC=    0/9600 dNC=    0 wNC=0/0 sMean=  2.9 dMean=  2.9 sxRT=  2.62 fb=0/34748 drop=[] repiv=[] aband=[] 
mesa-boogie-dual-rectifier         compile=ok           n= 83 relRms= 7.1e-12 sNC=    0/9600 dNC=    0 wNC=0/0 sMean=  4.3 dMean=  4.3 sxRT=  4.49 fb=0/51414 drop=[] repiv=[] aband=[] 
mesa-boogie-mark-v                 compile=ok           n= 44 relRms=  0.0e+0 sNC=    0/9600 dNC=    0 wNC=0/0 sMean=  2.6 dMean=  2.6 sxRT=  3.57 fb=0/0 drop=[] repiv=[] aband=[] 
orange-gro100                      compile=ok           n= 88 relRms=  0.0e+0 sNC=    0/9600 dNC=    0 wNC=0/0 sMean=  2.2 dMean=  2.2 sxRT= 11.08 fb=0/0 drop=[] repiv=[] aband=[] 
orange-rockerverb                  compile=ok           n=108 relRms= 3.8e-12 sNC=    0/9600 dNC=    0 wNC=0/0 sMean=  2.7 dMean=  2.7 sxRT=  5.50 fb=0/32213 drop=[] repiv=[] aband=[] 
peavey-5150                        compile=ok           n= 91 relRms= 4.3e-11 sNC=    0/9600 dNC=    0 wNC=0/0 sMean=  3.9 dMean=  3.9 sxRT=  5.10 fb=0/46385 drop=[] repiv=[] aband=[] 
roland-jc-120-jazz-chorus          compile=ok           n= 27 relRms=  0.0e+0 sNC=    0/9600 dNC=    0 wNC=0/0 sMean=  2.0 dMean=  2.0 sxRT=  1.03 fb=0/0 drop=[] repiv=[] aband=[] 
soldano-slo-100                    compile=ok           n= 77 relRms=  0.0e+0 sNC=    0/9600 dNC=    0 wNC=0/0 sMean=  3.1 dMean=  3.1 sxRT=  3.73 fb=0/0 drop=[] repiv=[] aband=[] 
sunn-beta-lead                     compile=ok           n=119 relRms= 1.3e-10 sNC=    0/9600 dNC=    0 wNC=0/0 sMean=  3.6 dMean=  3.6 sxRT= 10.74 fb=0/43012 drop=[] repiv=[] aband=[] 
trainwreck-express                 compile=ok           n= 65 relRms=  2.6e-8 sNC=    0/9600 dNC=    0 wNC=0/0 sMean=  2.6 dMean=  2.6 sxRT=  3.44 fb=0/30956 drop=[] repiv=[] aband=[] 
vox-ac15-ef86-channel              compile=ok           n= 12 relRms= 7.1e-12 sNC=    0/9600 dNC=    0 wNC=0/0 sMean=  2.0 dMean=  2.0 sxRT=  0.59 fb=0/24499 drop=[] repiv=[] aband=[] 
vox-ac15-top-boost                 compile=ok           n= 66 relRms=  1.1e-9 sNC=    0/9600 dNC=    0 wNC=0/0 sMean=  3.1 dMean=  3.1 sxRT=  3.52 fb=0/36280 drop=[] repiv=[] aband=[] 
vox-ac30-top-boost                 compile=ok           n= 72 relRms= 3.7e-10 sNC=    0/9600 dNC=    0 wNC=0/0 sMean=  4.0 dMean=  4.0 sxRT=  5.00 fb=0/46535 drop=[] repiv=[] aband=[] 

wrote 23 rows to docs/spikes/sparse-pivot/baseline-amps.jsonl
