analog-man-prince-of-tone          compile=ok           n= 27 relRms=  0.0e+0 sNC=    0/9600 dNC=    0 wNC=0/0 sMean=  2.9 dMean=  2.9 sxRT=  0.92 fb=0/0 drop=[] repiv=[] aband=[] 
belton-brick-reverb                compile=ok           n= 18 relRms=  0.0e+0 sNC=    0/9600 dNC=    0 wNC=0/0 sMean=  3.7 dMean=  3.7 sxRT=  0.78 fb=0/0 drop=[] repiv=[] aband=[] 
big-muff-pi-ec3003-rev-f           compile=ok           n= 36 relRms=  0.0e+0 sNC=    0/9600 dNC=    0 wNC=0/0 sMean=  3.6 dMean=  3.6 sxRT=  2.53 fb=0/0 drop=[] repiv=[] aband=[] 
big-muff-pi-v3                     compile=ok           n= 36 relRms=  0.0e+0 sNC=    0/9600 dNC=    0 wNC=0/0 sMean=  3.0 dMean=  3.0 sxRT=  1.33 fb=0/0 drop=[] repiv=[] aband=[] 
big-muff-pi                        compile=ok           n= 30 relRms= 6.5e-12 sNC=    0/9600 dNC=    0 wNC=0/0 sMean=  3.1 dMean=  3.1 sxRT=  1.50 fb=0/37165 drop=[] repiv=[] aband=[] 
bk-butler-tube-driver              compile=ok           n= 46 relRms= 6.9e-10 sNC=    0/9600 dNC=    0 wNC=0/0 sMean=  2.7 dMean=  2.7 sxRT=  3.02 fb=0/32816 drop=[] repiv=[] aband=[] 
boss-aw-2                          compile=ok           n= 89 relRms=  1.7e-4 sNC=    0/9600 dNC=    0 wNC=1/4 sMean=  4.0 dMean=  4.0 sxRT= 10.80 fb=0/48257 drop=[] repiv=[analog:0] aband=[] 
boss-bd-2-blues-driver-keeley-mod  compile=ok           n= 72 relRms= 7.0e-10 sNC=    0/9600 dNC=    0 wNC=0/0 sMean=  2.8 dMean=  2.8 sxRT=  6.89 fb=0/33496 drop=[] repiv=[] aband=[] 
boss-bd-2-blues-driver             compile=ok           n= 70 relRms= 2.1e-11 sNC=    0/9600 dNC=    0 wNC=0/0 sMean=  2.8 dMean=  2.8 sxRT=  3.99 fb=0/33498 drop=[] repiv=[] aband=[] 
boss-bf-2                          compile=ok           n= 38 relRms=  0.0e+0 sNC=    0/9600 dNC=    0 wNC=0/0 sMean=  3.8 dMean=  3.8 sxRT=  2.25 fb=0/34001 drop=[] repiv=[] aband=[] 
boss-bf-3                          compile=ok           n=  0 relRms=  0.0e+0 sNC=    0/9600 dNC=    0 wNC=0/0 sMean=  0.0 dMean=  0.0 sxRT=  0.00 fb=0/0 drop=[] repiv=[] aband=[] dense output near-silent; relRms is absolute
boss-ce-1                          compile=ok           n= 12 relRms=  0.0e+0 sNC=    0/9600 dNC=    0 wNC=0/0 sMean=  3.0 dMean=  3.0 sxRT=  0.42 fb=0/0 drop=[] repiv=[] aband=[] dense output near-silent; relRms is absolute
boss-ce-2                          compile=ok           n= 80 relRms= 7.6e-11 sNC=    0/9600 dNC=    0 wNC=0/0 sMean=  2.0 dMean=  2.0 sxRT=  3.65 fb=0/24483 drop=[] repiv=[] aband=[] 
boss-ce-2b                         compile=ok           n= 80 relRms= 7.2e-12 sNC=    0/9600 dNC=    0 wNC=0/0 sMean=  3.9 dMean=  3.9 sxRT= 14.02 fb=0/46602 drop=[] repiv=[] aband=[] 
boss-ce-5                          compile=ok           n=110 relRms= 4.6e-11 sNC=    0/9600 dNC=    0 wNC=0/0 sMean=  3.0 dMean=  3.0 sxRT=  7.77 fb=0/36011 drop=[] repiv=[] aband=[] 
boss-ch-1                          compile=ok           n=100 relRms=  5.0e-9 sNC=    0/9600 dNC=    0 wNC=0/0 sMean=  4.5 dMean=  4.5 sxRT= 10.07 fb=0/52912 drop=[] repiv=[] aband=[] 
boss-cs-2                          compile=ok           n= 51 relRms= 1.9e-11 sNC=    0/9600 dNC=    0 wNC=0/0 sMean=  3.6 dMean=  3.6 sxRT=  3.86 fb=0/42973 drop=[] repiv=[] aband=[] 
boss-cs-3                          compile=ok           n= 51 relRms= 1.5e-10 sNC=    0/9600 dNC=    0 wNC=0/0 sMean=  2.7 dMean=  2.7 sxRT=  2.83 fb=0/32250 drop=[] repiv=[] aband=[] 
boss-dd-2                          compile=ok           n=  0 relRms=  0.0e+0 sNC=    0/9600 dNC=    0 wNC=0/0 sMean=  3.0 dMean=  3.0 sxRT=  0.31 fb=0/0 drop=[] repiv=[] aband=[] 
boss-dd-3a                         compile=ok           n= 11 relRms=  3.3e-8 sNC=    0/9600 dNC=    0 wNC=0/0 sMean=  1.0 dMean=  1.0 sxRT=  0.57 fb=0/12014 drop=[] repiv=[] aband=[] 
boss-dd-3b                         compile=ok           n= 50 relRms=  2.2e-7 sNC=    0/9600 dNC=    0 wNC=38/34 sMean=  1.0 dMean=  3.0 sxRT=  3.42 fb=0/14609 drop=[] repiv=[] aband=[] 
boss-dd-5                          compile=ok           n= 65 relRms= 3.2e-10 sNC=    0/9600 dNC=    0 wNC=0/0 sMean=  2.0 dMean=  2.0 sxRT=  4.58 fb=0/24006 drop=[] repiv=[] aband=[] 
boss-dm-2                          compile=ok           n= 89 relRms= 8.2e-10 sNC=    0/9600 dNC=    0 wNC=0/0 sMean=  2.3 dMean=  2.3 sxRT=  7.36 fb=0/27806 drop=[] repiv=[] aband=[] 
boss-dm-3                          compile=ok           n= 92 relRms= 3.9e-11 sNC=    0/9600 dNC=    0 wNC=1/1 sMean=  5.0 dMean=  5.0 sxRT=  8.95 fb=0/48173 drop=[] repiv=[] aband=[] 
boss-ds-1                          compile=ok           n= 50 relRms= 7.4e-11 sNC=    0/9600 dNC=    0 wNC=0/0 sMean=  3.8 dMean=  3.8 sxRT=  3.65 fb=0/45489 drop=[] repiv=[] aband=[] 
boss-ds-2                          compile=ok           n= 84 relRms=  2.3e-8 sNC=    0/9600 dNC=    0 wNC=0/0 sMean=  2.4 dMean=  2.4 sxRT=  3.95 fb=0/28312 drop=[] repiv=[] aband=[] 
boss-dsd-3                         compile=ok           n=  0 relRms=  0.0e+0 sNC=    0/9600 dNC=    0 wNC=0/0 sMean=  1.0 dMean=  1.0 sxRT=  0.07 fb=0/0 drop=[] repiv=[] aband=[] dense output near-silent; relRms is absolute
boss-fa-1                          compile=ok           n= 35 relRms=  0.0e+0 sNC=    0/9600 dNC=    0 wNC=0/0 sMean=  2.0 dMean=  2.0 sxRT=  1.21 fb=0/0 drop=[] repiv=[] aband=[] 
boss-ge-7                          compile=ok           n= 58 relRms= 2.4e-11 sNC=    0/9600 dNC=    0 wNC=0/0 sMean=  2.6 dMean=  2.6 sxRT=  4.05 fb=0/31798 drop=[] repiv=[] aband=[] 
boss-hm-2                          compile=ok           n= 75 relRms=  5.8e-9 sNC=    0/9600 dNC=    0 wNC=0/0 sMean=  5.2 dMean=  5.2 sxRT=  9.01 fb=0/62679 drop=[] repiv=[] aband=[] 
boss-hr-2                          compile=ok           n= 22 relRms=  0.0e+0 sNC=    0/9600 dNC=    0 wNC=0/0 sMean=  0.0 dMean=  0.0 sxRT=  0.00 fb=0/0 drop=[analog:3] repiv=[] aband=[] dense output near-silent; relRms is absolute
boss-lm-2                          compile=ok           n= 78 relRms=  2.1e-9 sNC=    0/9600 dNC=    0 wNC=0/0 sMean=  3.9 dMean=  3.9 sxRT=  7.42 fb=0/44760 drop=[] repiv=[] aband=[] 
boss-md-2                          compile=ok           n= 74 relRms= 3.1e-10 sNC=    0/9600 dNC=    0 wNC=0/0 sMean=  2.8 dMean=  2.8 sxRT=  3.41 fb=0/32999 drop=[] repiv=[] aband=[] 
boss-mt-2                          compile=ok           n= 93 relRms=  1.5e-2 sNC=   11/9600 dNC=   26 wNC=3/3 sMean=  4.0 dMean=  4.1 sxRT=  9.06 fb=0/48623 drop=[] repiv=[] aband=[] 
boss-nf-1-noise-gate               compile=ok           n= 50 relRms= 7.0e-11 sNC=    0/9600 dNC=    0 wNC=1/1 sMean=  3.3 dMean=  3.3 sxRT=  2.78 fb=0/39990 drop=[] repiv=[] aband=[] 
boss-oc-2                          compile=ok           n= 20 relRms=  0.0e+0 sNC=    0/9600 dNC=    0 wNC=0/0 sMean=  1.0 dMean=  1.0 sxRT=  0.13 fb=0/0 drop=[] repiv=[] aband=[] 
boss-oc-3                          compile=ok           n=  0 relRms=  0.0e+0 sNC=    0/9600 dNC=    0 wNC=0/0 sMean=  0.0 dMean=  0.0 sxRT=  0.00 fb=0/0 drop=[] repiv=[] aband=[] dense output near-silent; relRms is absolute
boss-od-1                          compile=ok           n= 41 relRms= 1.8e-10 sNC=    0/9600 dNC=    0 wNC=0/0 sMean=  2.2 dMean=  2.2 sxRT=  2.91 fb=0/26029 drop=[] repiv=[] aband=[] 
boss-od-3                          compile=ok           n= 57 relRms=  5.4e-8 sNC=    0/9600 dNC=    0 wNC=0/0 sMean=  3.0 dMean=  3.0 sxRT=  6.45 fb=0/36000 drop=[] repiv=[] aband=[] 
boss-os-2                          compile=ok           n= 70 relRms=  2.6e-6 sNC=    0/9600 dNC=    0 wNC=0/0 sMean=  3.6 dMean=  3.6 sxRT=  8.96 fb=0/43163 drop=[] repiv=[] aband=[] 
boss-ph-1r                         compile=ok           n= 62 relRms= 3.2e-10 sNC=    0/9600 dNC=    0 wNC=0/0 sMean=  4.0 dMean=  4.0 sxRT= 10.64 fb=0/44224 drop=[] repiv=[] aband=[] 
boss-ph-2                          compile=ok           n=  0 relRms=  0.0e+0 sNC=    0/9600 dNC=    0 wNC=0/0 sMean=  1.0 dMean=  1.0 sxRT=  0.06 fb=0/0 drop=[] repiv=[] aband=[] 
boss-ph-3                          compile=ok           n= 15 relRms= 2.7e-12 sNC=    0/9600 dNC=    0 wNC=0/0 sMean=  2.0 dMean=  2.0 sxRT=  0.80 fb=0/24000 drop=[] repiv=[] aband=[] 
boss-pq-4                          compile=ok           n= 86 relRms= 2.8e-10 sNC=    0/9600 dNC=    0 wNC=0/0 sMean=  3.0 dMean=  3.0 sxRT=  8.18 fb=0/36000 drop=[] repiv=[] aband=[] 
boss-ps-2                          compile=ok           n=  0 relRms=  0.0e+0 sNC=    0/9600 dNC=    0 wNC=0/0 sMean=  0.0 dMean=  0.0 sxRT=  0.02 fb=0/0 drop=[] repiv=[] aband=[] dense output near-silent; relRms is absolute
boss-rt-2                          compile=ok           n=  0 relRms=  0.0e+0 sNC=    0/9600 dNC=    0 wNC=0/0 sMean=  1.0 dMean=  1.0 sxRT=  0.02 fb=0/0 drop=[] repiv=[] aband=[] dense output near-silent; relRms is absolute
boss-rv-3                          compile=ok           n=  0 relRms=  0.0e+0 sNC=    0/9600 dNC=    0 wNC=0/0 sMean=  1.0 dMean=  1.0 sxRT=  0.06 fb=0/0 drop=[] repiv=[] aband=[] 
boss-rv-5                          compile=ok           n= 16 relRms=  0.0e+0 sNC=    0/9600 dNC=    0 wNC=0/0 sMean=  1.0 dMean=  1.0 sxRT=  0.06 fb=0/0 drop=[] repiv=[] aband=[] 
boss-rv-6                          compile=ok           n=  0 relRms=  0.0e+0 sNC=    0/9600 dNC=    0 wNC=0/0 sMean=  1.0 dMean=  1.0 sxRT=  0.08 fb=0/0 drop=[] repiv=[] aband=[] 
boss-sd-1                          compile=ok           n= 51 relRms=  6.9e-8 sNC=    0/9600 dNC=    0 wNC=0/0 sMean=  3.0 dMean=  3.0 sxRT=  4.88 fb=0/36286 drop=[] repiv=[] aband=[] 
boss-sg-1-slow-gear                compile=ok           n= 37 relRms= 2.5e-10 sNC=    0/9600 dNC=    0 wNC=0/0 sMean=  2.6 dMean=  2.6 sxRT=  1.75 fb=0/31501 drop=[] repiv=[] aband=[] 
boss-sp-1-spectrum                 compile=ok           n= 55 relRms= 2.5e-11 sNC=    0/9600 dNC=    0 wNC=0/0 sMean=  2.3 dMean=  2.3 sxRT=  1.94 fb=0/27824 drop=[] repiv=[] aband=[] 
boss-st-2                          compile=ok           n=  0 relRms=  0.0e+0 sNC=    0/9600 dNC=    0 wNC=0/0 sMean=  0.0 dMean=  0.0 sxRT=  0.00 fb=0/0 drop=[] repiv=[] aband=[] dense output near-silent; relRms is absolute
boss-tr-2                          compile=ok           n= 64 relRms= 5.4e-10 sNC=    0/9600 dNC=    0 wNC=0/0 sMean=  2.0 dMean=  2.0 sxRT=  2.52 fb=0/24000 drop=[] repiv=[] aband=[] 
boss-tu-3                          compile=ok           n= 17 relRms= 1.2e-11 sNC=    0/9600 dNC=    0 wNC=0/0 sMean=  2.0 dMean=  2.0 sxRT=  0.42 fb=0/24499 drop=[] repiv=[] aband=[] 
boss-tw-1                          compile=ok           n= 47 relRms=  1.8e-3 sNC=    0/9600 dNC=    0 wNC=588/724 sMean=  3.0 dMean=  3.0 sxRT=  2.74 fb=0/82158 drop=[] repiv=[] aband=[] 
boss-vb-2                          compile=ok           n=  0 relRms=  0.0e+0 sNC=    0/9600 dNC=    0 wNC=0/0 sMean=  2.0 dMean=  2.0 sxRT=  0.21 fb=0/0 drop=[] repiv=[] aband=[] 
dallas-arbiter-fuzz-face-ac128     compile=ok           n= 13 relRms= 5.6e-14 sNC=    0/9600 dNC=    0 wNC=0/0 sMean=  3.0 dMean=  3.0 sxRT=  0.83 fb=0/36289 drop=[] repiv=[] aband=[] 
dallas-rangemaster-original-treble-booster compile=ok           n=  0 relRms=  0.0e+0 sNC=    0/9600 dNC=    0 wNC=0/0 sMean=  2.7 dMean=  2.7 sxRT=  0.76 fb=0/0 drop=[] repiv=[] aband=[] 
dan-armstrong-green-ringer         compile=ok           n= 16 relRms= 2.7e-12 sNC=    0/9600 dNC=    0 wNC=0/0 sMean=  2.6 dMean=  2.6 sxRT=  0.73 fb=0/30996 drop=[] repiv=[] aband=[] 
digitech-drop                      compile=ok           n=  0 relRms=  0.0e+0 sNC=    0/9600 dNC=    0 wNC=0/0 sMean=  1.0 dMean=  1.0 sxRT=  0.05 fb=0/0 drop=[] repiv=[] aband=[] 
dod-envelope-filter-440-vintage-green compile=ok           n= 26 relRms= 3.2e-10 sNC=    0/9600 dNC=    0 wNC=0/0 sMean=  2.8 dMean=  2.8 sxRT=  1.12 fb=0/33679 drop=[] repiv=[] aband=[] 
dod-fx59-thrashmaster              compile=ok           n= 80 relRms= 1.1e-11 sNC=    0/9600 dNC=    0 wNC=0/0 sMean=  2.1 dMean=  2.1 sxRT=  3.09 fb=0/24967 drop=[] repiv=[] aband=[] 
dod-preamp-250                     compile=ok           n= 19 relRms=  0.0e+0 sNC=    0/9600 dNC=    0 wNC=0/0 sMean=  2.0 dMean=  2.0 sxRT=  0.46 fb=0/0 drop=[] repiv=[] aband=[] 
earthquaker-devices-plumes         compile=ok           n= 38 relRms= 3.6e-13 sNC=    0/9600 dNC=    0 wNC=0/0 sMean=  2.9 dMean=  2.9 sxRT=  1.47 fb=0/34503 drop=[] repiv=[] aband=[] 
electro-harmonix-bad-stone         compile=ok           n= 73 relRms=  0.0e+0 sNC=    0/9600 dNC=    0 wNC=0/0 sMean=  3.1 dMean=  3.1 sxRT= 13.53 fb=0/0 drop=[] repiv=[] aband=[] 
electro-harmonix-deluxe-memory-man-eh7550 compile=ok           n= 18 relRms= 2.1e-13 sNC=    0/9600 dNC=    0 wNC=0/0 sMean=  5.0 dMean=  5.0 sxRT=  1.35 fb=0/24000 drop=[] repiv=[] aband=[] 
electro-harmonix-deluxe-memory-man compile=ok           n=126 relRms= 1.5e-12 sNC=    0/9600 dNC=    0 wNC=0/0 sMean=  4.0 dMean=  4.0 sxRT= 10.02 fb=0/48005 drop=[] repiv=[] aband=[] 
electro-harmonix-electric-mistress compile=ok           n=  0 relRms=  0.0e+0 sNC=    0/9600 dNC=    0 wNC=0/0 sMean=  2.0 dMean=  2.0 sxRT=  0.19 fb=0/0 drop=[] repiv=[] aband=[] 
electro-harmonix-frequency-analyzer compile=ok           n= 46 relRms= 1.3e-10 sNC=    0/9600 dNC=    0 wNC=0/0 sMean=  3.2 dMean=  3.2 sxRT=  2.79 fb=0/37692 drop=[] repiv=[] aband=[] 
electro-harmonix-holy-grail        compile=ok           n= 47 relRms=  0.0e+0 sNC=    0/9600 dNC=    0 wNC=0/0 sMean=  2.0 dMean=  2.0 sxRT=  0.82 fb=0/0 drop=[] repiv=[] aband=[] 
electro-harmonix-lpb-1             compile=ok           n=  0 relRms=  0.0e+0 sNC=    0/9600 dNC=    0 wNC=0/0 sMean=  2.3 dMean=  2.3 sxRT=  0.44 fb=0/0 drop=[] repiv=[] aband=[] 
electro-harmonix-q-tron            compile=ok           n=  0 relRms=  0.0e+0 sNC=    4/9600 dNC=    4 wNC=0/0 sMean=  3.4 dMean=  3.4 sxRT= 22.57 fb=0/0 drop=[analog:0] repiv=[] aband=[] 
electro-harmonix-slapback-echo     compile=ok           n= 46 relRms=  0.0e+0 sNC=    0/9600 dNC=    0 wNC=0/0 sMean=  4.0 dMean=  4.0 sxRT=  2.44 fb=0/0 drop=[] repiv=[] aband=[] 
electro-harmonix-small-stone       compile=ok           n= 40 relRms=  1.5e-6 sNC=    0/9600 dNC=    0 wNC=0/0 sMean=  2.0 dMean=  2.0 sxRT=  1.49 fb=0/24000 drop=[] repiv=[] aband=[] 
ernie-ball-vp-jr                   compile=ok           n=  0 relRms=  0.0e+0 sNC=    0/9600 dNC=    0 wNC=0/0 sMean=  1.0 dMean=  1.0 sxRT=  0.07 fb=0/0 drop=[] repiv=[] aband=[] 
foxx-tone-machine                  compile=ok           n= 30 relRms= 8.7e-10 sNC=    0/9600 dNC=    0 wNC=0/0 sMean=  3.6 dMean=  3.6 sxRT=  1.76 fb=0/42987 drop=[] repiv=[] aband=[] 
fulltone-ocd-v1.4                  compile=ok           n= 27 relRms= 3.1e-11 sNC=    0/9600 dNC=    0 wNC=0/0 sMean=  4.1 dMean=  4.1 sxRT=  1.57 fb=0/48579 drop=[] repiv=[] aband=[] 
ibanez-dl5                         compile=ok           n= 54 relRms= 2.7e-14 sNC=    0/9600 dNC=    0 wNC=0/0 sMean=  2.0 dMean=  2.0 sxRT=  2.45 fb=0/24001 drop=[] repiv=[] aband=[] 
ibanez-pql                         compile=ok           n= 48 relRms= 5.2e-14 sNC=    0/9600 dNC=    0 wNC=0/0 sMean=  2.0 dMean=  2.0 sxRT=  1.73 fb=0/24000 drop=[] repiv=[] aband=[] 
ibanez-ts808                       compile=ok           n= 46 relRms= 7.6e-10 sNC=    0/9600 dNC=    0 wNC=0/0 sMean=  2.9 dMean=  2.9 sxRT=  2.76 fb=0/35008 drop=[] repiv=[] aband=[] 
ibanez-ts9-reissue                 compile=ok           n= 51 relRms=  3.0e-9 sNC=    0/9600 dNC=    0 wNC=0/0 sMean=  2.6 dMean=  2.6 sxRT=  2.28 fb=0/31511 drop=[] repiv=[] aband=[] 
ibanez-ts9                         compile=ok           n= 46 relRms= 7.1e-10 sNC=    0/9600 dNC=    0 wNC=0/0 sMean=  2.6 dMean=  2.6 sxRT=  1.95 fb=0/31512 drop=[] repiv=[] aband=[] 
interfax-harmonic-percolator       compile=ok           n= 16 relRms= 3.4e-12 sNC=    0/9600 dNC=    0 wNC=0/0 sMean=  3.0 dMean=  3.0 sxRT=  0.77 fb=0/35771 drop=[] repiv=[] aband=[] 
jhs-424-gain-stage                 compile=ok           n= 38 relRms= 3.1e-10 sNC=    0/9600 dNC=    0 wNC=0/0 sMean=  2.8 dMean=  2.8 sxRT=  1.61 fb=0/34499 drop=[] repiv=[] aband=[] 
jhs-clover                         compile=ok           n=  0 relRms=  0.0e+0 sNC=    0/9600 dNC=    0 wNC=0/0 sMean=  1.0 dMean=  1.0 sxRT=  0.05 fb=0/0 drop=[] repiv=[] aband=[] 
jhs-morning-glory                  compile=ok           n= 34 relRms=  6.2e-9 sNC=    0/9600 dNC=    0 wNC=0/0 sMean=  2.7 dMean=  2.7 sxRT=  1.22 fb=0/32963 drop=[] repiv=[] aband=[] 
jim-dunlop-cry-baby-gcb-95         compile=ok           n= 20 relRms=  0.0e+0 sNC=    0/9600 dNC=    0 wNC=0/0 sMean=  2.0 dMean=  2.0 sxRT=  0.41 fb=0/0 drop=[] repiv=[] aband=[] 
jim-dunlop-fuzz-face-jh2           compile=ok           n= 15 relRms= 1.0e-11 sNC=  121/9600 dNC=  121 wNC=0/0 sMean=  3.7 dMean=  3.7 sxRT=  0.89 fb=0/42924 drop=[] repiv=[] aband=[] 
jim-dunlop-fuzz-face               compile=ok           n= 15 relRms= 1.0e-11 sNC=  121/9600 dNC=  121 wNC=0/0 sMean=  3.7 dMean=  3.7 sxRT=  0.95 fb=0/42924 drop=[] repiv=[] aband=[] 
keeley-compressor-plus             compile=ok           n= 65 relRms=  0.0e+0 sNC=    0/9600 dNC=    0 wNC=0/0 sMean=  2.0 dMean=  2.0 sxRT=  4.15 fb=0/0 drop=[] repiv=[] aband=[] 
klon-centaur                       compile=ok           n= 46 relRms=  0.0e+0 sNC=    0/9600 dNC=    0 wNC=0/0 sMean=  2.0 dMean=  2.0 sxRT=  1.50 fb=0/0 drop=[] repiv=[] aband=[] 
maestro-fz-1a                      compile=ok           n= 15 relRms= 6.4e-12 sNC=    0/9600 dNC=    0 wNC=0/0 sMean=  2.8 dMean=  2.8 sxRT=  0.74 fb=0/33750 drop=[] repiv=[] aband=[] 
marshall-blues-breaker             compile=ok           n= 34 relRms=  1.2e-9 sNC=    0/9600 dNC=    0 wNC=0/0 sMean=  2.9 dMean=  2.9 sxRT=  1.37 fb=0/34497 drop=[] repiv=[] aband=[] 
marshall-guvnor-drivemaster        compile=ok           n= 28 relRms=  0.0e+0 sNC=    0/9600 dNC=    0 wNC=0/0 sMean=  3.8 dMean=  3.8 sxRT=  1.34 fb=0/0 drop=[] repiv=[] aband=[] 
moogerfooger-mf-102                compile=ok           n=117 relRms=  0.0e+0 sNC= 9600/9600 dNC= 4467 wNC=2400/1115 sMean= 64.0 dMean= 64.0 sxRT=264.49 fb=0/768000 drop=[] repiv=[] aband=[] dense output near-silent; relRms is absolute
mxr-blue-box                       compile=ok           n= 34 relRms=  1.5e+0 sNC= 9600/9600 dNC=  197 wNC=490/75 sMean= 64.0 dMean=  6.1 sxRT= 41.20 fb=15/655245 drop=[] repiv=[] aband=[] 
mxr-carbon-copy                    compile=ok           n=118 relRms= 1.6e-11 sNC=    0/9600 dNC=    0 wNC=0/0 sMean=  3.0 dMean=  3.0 sxRT= 10.61 fb=0/36267 drop=[] repiv=[] aband=[] 
mxr-distortion-plus                compile=ok           n= 17 relRms=  1.4e-9 sNC=    0/9600 dNC=    0 wNC=0/0 sMean=  2.6 dMean=  2.6 sxRT=  0.53 fb=0/31768 drop=[] repiv=[] aband=[] 
mxr-dyna-comp                      compile=ok           n= 27 relRms= 6.2e-10 sNC= 9600/9600 dNC= 9600 wNC=2395/2395 sMean= 64.0 dMean= 64.0 sxRT= 34.60 fb=0/767810 drop=[] repiv=[analog:0] aband=[] 
mxr-m117r-flanger                  compile=ok           n= 71 relRms= 1.5e-16 sNC=    0/9600 dNC=    0 wNC=0/0 sMean=  4.0 dMean=  4.0 sxRT=  9.84 fb=0/48034 drop=[] repiv=[] aband=[] 
mxr-micro-amp                      compile=ok           n= 16 relRms= 1.1e-12 sNC=    0/9600 dNC=    0 wNC=0/0 sMean=  2.0 dMean=  2.0 sxRT=  0.61 fb=0/24000 drop=[] repiv=[] aband=[] 
mxr-micro-flanger                  compile=ok           n= 54 relRms= 1.1e-16 sNC=    0/9600 dNC=    0 wNC=0/0 sMean=  3.0 dMean=  3.0 sxRT=  5.98 fb=0/36001 drop=[] repiv=[] aband=[] 
mxr-noise-gate-line-driver         compile=ok           n= 30 relRms= 3.7e-10 sNC=    0/9600 dNC=    0 wNC=0/0 sMean=  2.9 dMean=  2.9 sxRT=  3.07 fb=0/34980 drop=[] repiv=[] aband=[] 
mxr-phase-45                       compile=ok           n= 33 relRms=  3.2e-8 sNC=    0/9600 dNC=    0 wNC=0/0 sMean=  4.0 dMean=  4.0 sxRT=  4.74 fb=0/45844 drop=[] repiv=[] aband=[] 
mxr-phase-90-early-block           compile=ok           n= 38 relRms=  4.6e-3 sNC=    2/9600 dNC=    0 wNC=0/0 sMean=  8.2 dMean=  4.0 sxRT= 14.87 fb=0/87752 drop=[] repiv=[] aband=[] 
mxr-phase-90-script                compile=ok           n= 36 relRms=  4.2e-9 sNC=    0/9600 dNC=    0 wNC=0/0 sMean=  3.0 dMean=  3.0 sxRT=  4.95 fb=0/35418 drop=[] repiv=[] aband=[] 
mxr-phase-90                       compile=ok           n= 42 relRms=  1.3e-7 sNC=    0/9600 dNC=    0 wNC=0/0 sMean=  3.0 dMean=  3.0 sxRT=  5.38 fb=0/34180 drop=[] repiv=[] aband=[] 
nobels-odr-1                       compile=ok           n= 14 relRms= 2.2e-10 sNC=    0/9600 dNC=    0 wNC=0/0 sMean=  2.1 dMean=  2.1 sxRT=  0.69 fb=0/25817 drop=[] repiv=[] aband=[] 
pigtronix-philosophers-tone        compile=ok           n= 55 relRms= 4.5e-14 sNC=    0/9600 dNC=    0 wNC=0/0 sMean=  2.2 dMean=  2.2 sxRT=  2.33 fb=0/26833 drop=[] repiv=[] aband=[] 
pro-co-rat-2-v4b-op07cp            compile=ok           n= 26 relRms=  0.0e+0 sNC=    0/9600 dNC=    0 wNC=0/0 sMean=  2.5 dMean=  2.5 sxRT=  0.76 fb=0/0 drop=[] repiv=[] aband=[] 
pro-co-rat                         compile=ok           n= 31 relRms= 2.5e-10 sNC=    0/9600 dNC=    0 wNC=0/0 sMean=  2.7 dMean=  2.7 sxRT=  1.53 fb=0/32352 drop=[] repiv=[] aband=[] 
pt2399-delay                       compile=ok           n= 29 relRms=  0.0e+0 sNC=    0/9600 dNC=    0 wNC=0/0 sMean=  6.0 dMean=  6.0 sxRT=  1.13 fb=0/0 drop=[] repiv=[] aband=[] 
runoffgroove-tremulus-lune         compile=ok           n= 36 relRms= 3.8e-10 sNC=    0/9600 dNC=    0 wNC=0/0 sMean=  4.0 dMean=  4.0 sxRT=  2.52 fb=0/46183 drop=[] repiv=[] aband=[] 
schaller-tremolo                   compile=ok           n= 21 relRms= 6.4e-11 sNC=    0/9600 dNC=    0 wNC=0/0 sMean=  2.0 dMean=  2.0 sxRT=  0.82 fb=0/24499 drop=[] repiv=[] aband=[] 
sola-sound-mki-tone-bender         compile=ok           n= 15 relRms= 3.7e-11 sNC=    0/9600 dNC=    0 wNC=0/0 sMean=  3.7 dMean=  3.7 sxRT=  0.83 fb=0/44008 drop=[] repiv=[] aband=[] 
sola-sound-tone-bender-professional-mkii compile=ok           n= 16 relRms= 4.1e-14 sNC=    0/9600 dNC=    0 wNC=0/0 sMean=  3.6 dMean=  3.6 sxRT=  0.92 fb=0/43560 drop=[] repiv=[] aband=[] 
tape-echo                          compile=ok           n= 32 relRms= 2.5e-10 sNC=    0/9600 dNC=    0 wNC=0/0 sMean=  2.0 dMean=  2.0 sxRT=  0.85 fb=0/24000 drop=[] repiv=[] aband=[] 
tycobrahe-octavia                  compile=ok           n= 22 relRms= 8.7e-12 sNC=    0/9600 dNC=    0 wNC=0/0 sMean=  3.2 dMean=  3.2 sxRT=  2.00 fb=0/37850 drop=[] repiv=[] aband=[] 
univox-super-fuzz                  compile=ok           n= 37 relRms= 3.2e-10 sNC=    9/9600 dNC=    9 wNC=0/0 sMean=  4.1 dMean=  4.1 sxRT=  2.62 fb=0/49293 drop=[] repiv=[] aband=[] 
vemuram-jan-ray                    compile=ok           n= 24 relRms=  0.0e+0 sNC=    0/9600 dNC=    0 wNC=0/0 sMean=  2.4 dMean=  2.4 sxRT=  0.73 fb=0/0 drop=[] repiv=[] aband=[] 
zvex-fuzz-factory                  compile=ok           n= 18 relRms=  0.0e+0 sNC=    0/9600 dNC=    0 wNC=0/0 sMean=  3.0 dMean=  3.0 sxRT=  0.47 fb=0/0 drop=[] repiv=[] aband=[] 

wrote 123 rows to docs/spikes/sparse-pivot/baseline-pedals.jsonl
