measure cap=64 warmup=2400 samples=9600 host samples, 1 kHz 0.1 V, fixedPoint=true

blue-box os=1: shipped-vs-dense (known positive) relRms=1.5e+0 maxAbs=3.4e-2 denseRms=1.50e-2 sNC=9600 dNC=185 shippedHash=cef5a8467d15
  method       it/host  fac/host  asm/host  reuse/h  1-step%  relax    NC  peak  stall   cap    lim   brdy   relRms   maxAbs    xRT   devTol  dev>1   m>tw  tw-it/h  twNC hash
  m2within      64.000    60.000    64.000    4.000      0.0      0  9600    64  28800     0 537600      0   1.5e+0   3.4e-2 826.94    0.000      0      0   64.000  9600 9c27a446c448
  m2within25    64.000    62.000    64.000    2.000      0.0      0  9600    64  19200     0 556800      0   1.3e+0   3.1e-2 875.36    0.000      0      0   64.000  9600 889def396edf
  m2across       9.365     5.497     9.365    3.868      0.0      0   710    64  25681    24  27284      0   3.2e-2   8.1e-3  96.19    7.352     37    751    9.087   577 7e7881242f28
  m2nostall     13.980     2.727    13.980   11.253      0.0      0  1149    64      0     0  26144      0   7.8e-1   3.2e-2 139.34 1965.223   1102   1528   10.998   477 3ca7fc7d8981
  m3within       9.358     5.560     9.358    3.798      0.0      0   741    64  25148     0  18783   3963   3.0e-2   7.4e-3 109.75    6.717     33    690    8.680   527 1804ffc4d6d2
  m3across      64.000    50.000    64.000   14.000      0.0      0  9600    64 124800     0 355200      0   1.6e+0   3.7e-2 703.85    0.000      0      0   64.000  9600 641267e9edf5
  m4             9.665     5.560     9.665    4.104      0.0      0   733    64  25919    44  27593      0   3.0e-2   7.3e-3  94.37 1000.772     43   1105    8.529   493 28b2a032b03d
  m4adapt        8.016     5.764     8.016    2.252      0.0      0   455    64   9248    72  36104      0   1.1e-1   1.7e-2  60.49    2.827      1   1088    7.180   283 b1fbfe2a5b2f

blue-box os=4: shipped-vs-dense (known positive) relRms=2.2e-4 maxAbs=1.1e-5 denseRms=1.50e-2 sNC=0 dNC=0 shippedHash=e37cb43d897a
  method       it/host  fac/host  asm/host  reuse/h  1-step%  relax    NC  peak  stall   cap    lim   brdy   relRms   maxAbs    xRT   devTol  dev>1   m>tw  tw-it/h  twNC hash
  m2within      15.557    10.372    15.557    5.184      0.0      0     1    64  21156    50  39969      0   2.2e-4   1.2e-5 120.55 1000.544     36    705   14.894    10 0f10af8ba7d2
  m2within25    15.251    10.307    15.251    4.943      0.0      0     0    64  20544    50  39956      0   2.3e-4   1.2e-5  86.48    3.256     40    704   14.827     0 eea420bd54b0
  m2across      15.539    10.281    15.539    5.258      0.0      0     0    64  21094    50  77557      0   2.2e-4   1.2e-5 100.30    3.256     34    701   14.826     0 abaa94040525
  m2nostall    199.838    14.131   199.838  185.708      0.0      0  7439    64      0     0 135655      0   1.2e+0   3.3e-2 460.30   20.314     50  29573   40.145     0 a50a4813467f
  m3within      15.704    10.494    15.704    5.210      0.0      0    27    64  22001     0  40365   4511   1.6e-3   8.7e-4  65.35 1000.807     22    690   15.292    68 3a9b2bee8812
  m3across      16.151    10.644    16.151    5.507      0.0      0    62    64  23573     0  78659   4792   3.0e-3   8.4e-4  92.37 1000.807     51    766   16.398   222 a31ad76b7a86
  m4            15.556    10.169    15.556    5.386      0.0      0     0    64  21328    50  76247      0   2.2e-4   1.2e-5  98.10    3.694     44    740   14.826     0 d349d664d67d
  m4adapt       15.498    10.356    15.498    5.141      0.0      0    20    64  21961    48  39025      0   2.2e-4   1.2e-5 101.17    3.696     47    676   14.852     0 5b110962aa70
