measure cap=64 warmup=2400 samples=9600 host samples, 1 kHz 0.1 V, fixedPoint=true

blue-box os=1: shipped-vs-dense (known positive) relRms=1.5e+0 maxAbs=3.4e-2 denseRms=1.50e-2 sNC=9600 dNC=185 shippedHash=cef5a8467d15
  method       it/host  fac/host  asm/host  reuse/h  1-step%  relax    NC  peak  stall   cap    lim   brdy   relRms   maxAbs    xRT   devTol  dev>1   m>tw  tw-it/h  twNC hash
  shipped       64.000    64.000    64.000    0.000      0.0      0  9600    64      0     0      0      0   1.5e+0   3.4e-2 829.23    0.000      0      0   64.000  9600 cef5a8467d15 =shipped
  m1lin          6.153     6.153     6.153    0.000      0.0      0   200    64      0     0      0      0   1.4e-2   7.3e-3  74.80 5.664e-5      0    540    5.951   200 26bd66b273b4
  m1quad        16.324    16.324    16.324    0.000      0.0      0  1828    64      0     0      0      0   5.8e-1   3.3e-2 198.55    3.854      2   1035   15.907  1757 8f7ffabdddb6
  m1adapt        6.316     6.316     6.316    0.000      0.0      0   273    64      0     0      0      0   7.3e-2   9.1e-3  89.66    3.246     55    687    6.360   218 5368fa55f738
  m1wrong        6.466     6.466     6.466    0.000      0.0      0   227    64      0     0      0      0   1.6e+0   3.7e-2  76.35 1010.040    252    486    7.504   377 c1cebce7ab93

blue-box os=2: shipped-vs-dense (known positive) relRms=2.6e-6 maxAbs=1.4e-7 denseRms=1.50e-2 sNC=0 dNC=0 shippedHash=cf2ff137cb2c
  method       it/host  fac/host  asm/host  reuse/h  1-step%  relax    NC  peak  stall   cap    lim   brdy   relRms   maxAbs    xRT   devTol  dev>1   m>tw  tw-it/h  twNC hash
  shipped        7.972     7.972     7.972    0.000      0.0      0     0    64      0     0      0      0   2.6e-6   1.4e-7  89.02 7.942e-7      0      0    7.972     0 cf2ff137cb2c =shipped
  m1lin          7.788     7.788     7.788    0.000      0.0      0     0    64      0     0      0      0   2.6e-6   1.4e-7  96.48 5.801e-4      0    553    7.972     0 eca7865c6855
  m1quad         8.838     8.838     8.838    0.000      0.0      0     0    64      0     0      0      0   2.6e-6   1.4e-7 106.84    3.854    200    979    7.972     0 99d03f4aded9
  m1adapt        7.754     7.754     7.754    0.000      0.0      0     0    64      0     0      0      0   2.6e-6   1.4e-7  99.73 5.801e-4      0    429    7.972     0 cd4298ae35e2
  m1wrong        9.952     9.952     9.952    0.000      0.0      0    77    64      0     0      0      0   2.5e-3   3.3e-4 118.49 1000.544    142    890    8.854   154 50451b5682b6

blue-box os=4: shipped-vs-dense (known positive) relRms=2.2e-4 maxAbs=1.1e-5 denseRms=1.50e-2 sNC=0 dNC=0 shippedHash=e37cb43d897a
  method       it/host  fac/host  asm/host  reuse/h  1-step%  relax    NC  peak  stall   cap    lim   brdy   relRms   maxAbs    xRT   devTol  dev>1   m>tw  tw-it/h  twNC hash
  shipped       14.832    14.832    14.832    0.000      0.0      0     0    64      0     0      0      0   2.2e-4   1.1e-5 153.64 5.069e-7      0      0   14.832     0 e37cb43d897a =shipped
  m1lin         14.713    14.713    14.713    0.000      0.0      0     0    64      0     0      0      0   2.2e-4   1.2e-5 150.44    3.696     43    451   14.826     0 841339bf257c
  m1quad        15.552    15.552    15.552    0.000      0.0      0     0    64      0     0      0      0   2.2e-4   1.2e-5 158.53    3.957    200    950   14.828     0 9efddd1e481f
  m1adapt       14.622    14.622    14.622    0.000      0.0      0     0    64      0     0      0      0   2.2e-4   1.2e-5 128.69    3.696     46    400   14.828     0 3c744533ffe4
  m1wrong       15.718    15.718    15.718    0.000      0.0      0     1    64      0     0      0      0   2.2e-4   1.2e-5 154.63    3.958    217   1087   14.846     0 30282ce280f2
