measure cap=64 warmup=2400 samples=9600 host samples, 1 kHz 0.1 V, fixedPoint=true

gro100 os=1: shipped-vs-dense (known positive) relRms=0.0e+0 maxAbs=0.0e+0 denseRms=8.30e-2 sNC=0 dNC=0 shippedHash=80b79a967e95
  method       it/host  fac/host  asm/host  reuse/h  1-step%  relax    NC  peak  stall   cap    lim   brdy   relRms   maxAbs    xRT   devTol  dev>1   m>tw  tw-it/h  twNC hash
  m2within       3.018     1.418     3.018    1.600      0.0      0   105    64   3568     0    493      0   5.4e-3   1.2e-3 147.78 1073.251     90    498    2.745    52 26f17c6f5cd3
  m2within25     2.628     1.255     2.628    1.373      0.0      0    24    64   2144     0    310      0   6.9e-3   1.0e-3 111.72  974.466     72    519    2.241     0 94ce9bcf2123
  m2across       3.492     0.379     3.492    3.113      0.0      0    83    64   3150    18    506      0   6.5e-3   1.1e-3 271.68 1220.371   1645   2904    6.559   139 74452fa1473d
  m2nostall      9.097     0.036     9.097    9.061      0.0      0   399    64      0     0    350      0   7.2e-3   1.3e-3 529.48 1997.750   4832   1892   12.346   236 16e711ea5260
  m3within       2.672     1.253     2.672    1.419      0.0      0    62    64   2058     0    409   1840   4.4e-3   6.4e-4 107.31  999.315     66    500    2.294     1 f4adccf1a49a
  m3across       3.299     0.216     3.299    3.083      0.0      0    38    64   1855     0    234  18132   1.0e-3   2.4e-4 281.63 1542.814   2339   2424    7.582    43 a3bb3eebd135
  m4             3.569     0.360     3.569    3.208      2.7      0    76    64   2933     0    562      0   2.7e-3   4.5e-4 262.40 1628.225   2531    800    6.012    13 5541557561a7
  m4adapt        2.622     1.363     2.622    1.260     19.7      0    72    64   2765     0    739      0   1.4e-2   2.7e-3 160.73  995.046    610    739    2.314     0 f8186b0617d6

gro100 os=4: shipped-vs-dense (known positive) relRms=0.0e+0 maxAbs=0.0e+0 denseRms=8.34e-2 sNC=0 dNC=0 shippedHash=0a342f88e445
  method       it/host  fac/host  asm/host  reuse/h  1-step%  relax    NC  peak  stall   cap    lim   brdy   relRms   maxAbs    xRT   devTol  dev>1   m>tw  tw-it/h  twNC hash
  m2within       8.973     4.360     8.973    4.613      0.0      0    55    64   3094     0    379      0   1.3e-3   1.8e-4 446.76  998.422     83    594    8.478     2 d7f34909d906
  m2within25     8.826     4.334     8.826    4.492      0.0      0    21    64   2878     0    351      0   1.6e-3   3.0e-4 336.41  998.468     55    604    8.344     0 f30985957100
  m2across      11.976     0.397    11.976   11.579      0.0      0    56    64   3373    14    438      0   1.7e-3   2.7e-4 626.11 1571.822  10357   7821   31.181    47 6cef6ab6dc76
  m2nostall     22.570     0.065    22.570   22.505      0.0      0    96    64      0     0    624      0   1.7e-3   2.5e-4 990.02 1986.536  17475   4713   59.175  1559 2fcc04baecc5
  m3within       8.824     4.295     8.824    4.529      0.0      0    34    64   2552     0    309   2448   1.3e-3   2.2e-4 144.17  998.424     46    599    8.310     0 29491597b678
  m3across      12.359     0.218    12.359   12.142      0.0      0    21    64   1889     0    226  76074   1.3e-5   7.3e-6 494.08 1793.514  14264   7185   39.669     0 0e3f2c0393d5
  m4            13.761     0.592    13.761   13.170     13.8      0   103    64   4613     0   1143      0   4.2e-3   5.5e-4 406.42 1631.826  16623   2503   42.315     5 28f735cd868a
  m4adapt        4.802     4.182     4.802    0.620     89.7      0    11    64   1117     0    632      0   2.6e-4   4.4e-5  82.84  984.840    807    753    8.242     0 04dc4b81bf66
