timing method=m1adapt3 repeats=5 cap=64 window 2400+9600 host samples; ns/host sample (median of 5), xRT = ns/20833
packet    os | A(shipped) ns   xRT  it/host | B(m1adapt3) ns   xRT  it/host fac/host asm/host | B/A
muff       1 |      5e+4   2.19    3.563 (NC 0) |      5e+4   2.26    3.563    3.563    3.563 (NC 0) | 1.031  (A runs: 2.19 2.13 2.20 2.12 2.25; B runs: 2.27 2.24 2.27 2.24 2.26)
muff       2 |      7e+4   3.31    5.188 (NC 0) |      7e+4   3.26    4.875    4.875    4.875 (NC 0) | 0.984  (A runs: 3.29 3.36 3.30 3.37 3.31; B runs: 3.26 3.71 3.28 3.24 3.24)
muff       4 |      1e+5   6.03    9.063 (NC 0) |      9e+4   4.21    5.500    5.500    5.500 (NC 0) | 0.698  (A runs: 6.03 6.04 5.94 5.93 6.70; B runs: 4.51 4.21 4.21 4.17 4.75)
sd1        1 |      4e+4   1.89    3.042 (NC 0) |      4e+4   1.79    2.708    2.708    2.708 (NC 0) | 0.949  (A runs: 1.98 1.89 1.89 1.83 1.87; B runs: 1.79 1.90 1.78 1.73 1.83)
sd1        2 |      6e+4   3.05    5.001 (NC 0) |      5e+4   2.33    3.542    3.542    3.542 (NC 0) | 0.763  (A runs: 3.09 3.08 3.05 3.01 3.01; B runs: 2.38 2.58 2.33 2.25 2.29)
sd1        4 |      1e+5   5.47    8.938 (NC 0) |      7e+4   3.33    5.273    5.273    5.273 (NC 0) | 0.608  (A runs: 5.50 5.59 5.47 5.27 5.40; B runs: 3.54 3.41 3.33 3.32 3.29)
ts9        1 |      4e+4   1.80    2.625 (NC 0) |      4e+4   1.70    2.500    2.500    2.500 (NC 0) | 0.942  (A runs: 1.80 1.83 1.84 1.65 1.63; B runs: 1.64 1.71 1.70 1.74 1.67)
ts9        2 |      6e+4   2.87    4.500 (NC 0) |      4e+4   1.89    2.917    2.917    2.917 (NC 0) | 0.659  (A runs: 2.83 2.87 2.88 2.76 2.93; B runs: 1.88 1.96 1.89 2.10 1.84)
ts9        4 |      1e+5   5.21    8.375 (NC 0) |      8e+4   3.72    4.625    4.625    4.625 (NC 0) | 0.714  (A runs: 5.11 5.07 5.21 7.04 6.48; B runs: 3.00 3.49 3.72 4.05 4.00)
ts808      1 |      4e+4   1.98    2.917 (NC 0) |      4e+4   1.97    2.792    2.792    2.792 (NC 0) | 0.995  (A runs: 1.98 1.98 1.98 1.79 1.73; B runs: 1.97 1.94 1.95 1.97 1.97)
ts808      2 |      6e+4   3.07    5.104 (NC 0) |      5e+4   2.47    3.792    3.792    3.792 (NC 0) | 0.807  (A runs: 3.07 3.18 3.12 3.06 3.05; B runs: 2.43 2.47 2.70 2.39 2.55)
ts808      4 |      1e+5   5.22    8.792 (NC 0) |      6e+4   2.94    4.646    4.646    4.646 (NC 0) | 0.564  (A runs: 5.23 5.22 5.25 5.12 5.20; B runs: 3.01 2.94 3.47 2.94 2.94)
gro100     1 |      2e+5  10.40    2.197 (NC 0) |      2e+5   9.87    1.990    1.990    1.990 (NC 0) | 0.949  (A runs: 10.40 10.43 10.43 10.17 10.29; B runs: 9.87 9.97 10.00 9.76 9.66)
gro100     2 |      4e+5  21.51    4.206 (NC 0) |      4e+5  17.03    2.744    2.744    2.744 (NC 0) | 0.791  (A runs: 21.25 21.79 21.56 21.42 21.51; B runs: 16.73 17.03 16.67 17.03 17.20)
gro100     4 |      9e+5  42.97    8.218 (NC 0) |      6e+5  30.91    4.635    4.635    4.635 (NC 0) | 0.719  (A runs: 44.25 42.99 42.97 42.77 39.13; B runs: 31.26 30.91 31.11 30.88 25.63)
blue-box   1 |      6e+5  31.11   64.000 (NC 9600) |      7e+5  32.29   64.000   64.000   64.000 (NC 9600) | 1.038  (A runs: 32.10 31.73 30.42 31.11 30.76; B runs: 31.59 32.29 32.34 32.25 32.43)
blue-box   2 |      7e+4   3.49    7.972 (NC 0) |      8e+4   3.72    7.972    7.972    7.972 (NC 0) | 1.066  (A runs: 3.54 3.47 3.49 3.42 3.51; B runs: 3.72 3.97 4.06 3.70 3.63)
blue-box   4 |      1e+5   6.31   14.832 (NC 0) |      1e+5   6.75   14.791   14.791   14.791 (NC 2) | 1.071  (A runs: 6.41 6.31 6.60 6.31 6.31; B runs: 7.18 6.72 7.37 6.72 6.75)
