timing method=m1adapt repeats=5 cap=64 window 2400+9600 host samples; ns/host sample (median of 5), xRT = ns/20833
packet    os | A(shipped) ns   xRT  it/host | B(m1adapt) ns   xRT  it/host fac/host asm/host | B/A
muff       1 |      5e+4   2.25    3.563 (NC 0) | -  (A runs: 2.25 2.16 2.21 2.27 2.25)
muff       2 |      7e+4   3.24    4.875 (NC 0) | -  (A runs: 3.24 3.35 3.33 3.21 3.24)
muff       4 |      9e+4   4.29    5.500 (NC 0) | -  (A runs: 4.52 4.19 4.29 4.19 4.33)
sd1        1 |      4e+4   2.01    2.708 (NC 0) | -  (A runs: 2.01 1.83 1.93 2.18 2.02)
sd1        2 |      5e+4   2.47    3.542 (NC 0) | -  (A runs: 2.47 2.64 2.43 2.51 2.39)
sd1        4 |      7e+4   3.53    5.273 (NC 0) | -  (A runs: 3.87 3.55 3.53 3.46 3.53)
ts9        1 |      4e+4   1.74    2.500 (NC 0) | -  (A runs: 1.69 1.96 1.80 1.74 1.68)
ts9        2 |      4e+4   2.01    2.917 (NC 0) | -  (A runs: 2.00 2.02 2.00 2.09 2.01)
ts9        4 |      7e+4   3.13    4.625 (NC 0) | -  (A runs: 3.12 3.13 3.17 3.34 3.11)
ts808      1 |      4e+4   1.85    2.792 (NC 0) | -  (A runs: 1.85 1.79 1.96 1.92 1.72)
ts808      2 |      5e+4   2.33    3.792 (NC 0) | -  (A runs: 2.33 2.30 2.29 2.44 2.34)
ts808      4 |      6e+4   2.87    4.646 (NC 0) | -  (A runs: 2.87 2.88 3.06 2.86 2.84)
gro100     1 |      2e+5   7.82    1.990 (NC 0) | -  (A runs: 7.82 7.95 8.06 7.68 7.67)
gro100     2 |      3e+5  12.90    2.744 (NC 0) | -  (A runs: 12.96 12.47 12.90 13.20 12.43)
gro100     4 |      5e+5  22.01    4.635 (NC 0) | -  (A runs: 22.01 23.55 22.00 21.90 22.45)
blue-box   1 |      6e+5  31.06   64.000 (NC 9600) | -  (A runs: 31.76 31.06 31.37 30.82 30.70)
blue-box   2 |      7e+4   3.46    7.972 (NC 0) | -  (A runs: 3.46 3.41 3.45 3.62 3.47)
blue-box   4 |      1e+5   6.42   14.791 (NC 2) | -  (A runs: 6.42 6.41 6.34 6.52 6.47)
