
== TS: 145 packets compared (window: samples 0..2048), max|a-b| / peak(a)
bit-identical: 39  |  <=1e-9: 14  |  <=1e-7: 24  |  <=1e-6: 23  |  <=1e-5: 24  |  <=1e-4: 14  |  <=1e-3: 5  |  >1e-2: 2
  boss-dm-2                                    max abs 5.419e-3  rel 6.206e-2  relRMS 6.562e-2  peak 8.733e-2  a-repivoted=[] b-repivoted=[]
  boss-mt-2                                    max abs 4.840e-3  rel 2.141e-2  relRMS 8.029e-4  peak 2.261e-1  a-repivoted=[] b-repivoted=[]
  boss-hm-2                                    max abs 1.188e-4  rel 3.845e-4  relRMS 2.272e-5  peak 3.089e-1  a-repivoted=[] b-repivoted=[]
  boss-ce-2b                                   max abs 4.356e-4  rel 3.019e-4  relRMS 2.722e-5  peak 1.443e+0  a-repivoted=[] b-repivoted=[]
  dumble-overdrive-special                     max abs 1.406e-3  rel 2.736e-4  relRMS 2.700e-5  peak 5.141e+0  a-repivoted=[] b-repivoted=[]
  electro-harmonix-lpb-1                       max abs 6.439e-4  rel 2.573e-4  relRMS 8.584e-6  peak 2.503e+0  a-repivoted=[] b-repivoted=[]
  interfax-harmonic-percolator                 max abs 5.650e-5  rel 1.009e-4  relRMS 6.995e-6  peak 5.598e-1  a-repivoted=[] b-repivoted=[]
  analog-man-prince-of-tone                    max abs 2.260e-5  rel 9.426e-5  relRMS 2.075e-5  peak 2.397e-1  a-repivoted=[] b-repivoted=[]
  mxr-phase-90-script                          max abs 3.117e-5  rel 6.698e-5  relRMS 3.580e-5  peak 4.654e-1  a-repivoted=[] b-repivoted=[]
  runoffgroove-tremulus-lune                   max abs 1.978e-5  rel 6.272e-5  relRMS 2.263e-6  peak 3.154e-1  a-repivoted=[] b-repivoted=[]
  mxr-phase-90                                 max abs 4.922e-5  rel 5.844e-5  relRMS 3.965e-5  peak 8.422e-1  a-repivoted=[] b-repivoted=[]
  boss-bd-2-blues-driver-keeley-mod            max abs 1.968e-5  rel 5.693e-5  relRMS 5.709e-6  peak 3.457e-1  a-repivoted=[] b-repivoted=[]
  mxr-phase-90-early-block                     max abs 3.478e-5  rel 4.608e-5  relRMS 2.506e-5  peak 7.547e-1  a-repivoted=[] b-repivoted=[]
  boss-bd-2-blues-driver                       max abs 1.097e-5  rel 3.877e-5  relRMS 4.398e-6  peak 2.831e-1  a-repivoted=[] b-repivoted=[]
  vemuram-jan-ray                              max abs 3.762e-5  rel 3.016e-5  relRMS 8.893e-6  peak 1.247e+0  a-repivoted=[] b-repivoted=[]
  boss-fa-1                                    max abs 1.062e-4  rel 2.360e-5  relRMS 1.844e-6  peak 4.501e+0  a-repivoted=[] b-repivoted=[]
  boss-od-1                                    max abs 1.360e-5  rel 2.209e-5  relRMS 9.805e-6  peak 6.157e-1  a-repivoted=[] b-repivoted=[]
  mxr-phase-45                                 max abs 4.500e-6  rel 1.928e-5  relRMS 9.483e-6  peak 2.334e-1  a-repivoted=[] b-repivoted=[]
  boss-os-2                                    max abs 1.749e-5  rel 1.595e-5  relRMS 5.517e-6  peak 1.097e+0  a-repivoted=[] b-repivoted=[]
  ibanez-ts808                                 max abs 2.364e-6  rel 1.233e-5  relRMS 2.589e-6  peak 1.918e-1  a-repivoted=[] b-repivoted=[]
  ibanez-ts9-reissue                           max abs 2.694e-6  rel 1.006e-5  relRMS 2.571e-6  peak 2.677e-1  a-repivoted=[] b-repivoted=[]
  ibanez-ts9                                   max abs 2.564e-6  rel 9.549e-6  relRMS 2.457e-6  peak 2.685e-1  a-repivoted=[] b-repivoted=[]
  jim-dunlop-fuzz-face-jh2                     max abs 4.903e-7  rel 6.135e-6  relRMS 8.281e-7  peak 7.991e-2  a-repivoted=[] b-repivoted=[]
  jim-dunlop-fuzz-face                         max abs 4.903e-7  rel 6.135e-6  relRMS 8.281e-7  peak 7.991e-2  a-repivoted=[] b-repivoted=[]
  boss-cs-2                                    max abs 1.827e-6  rel 5.822e-6  relRMS 1.249e-6  peak 3.138e-1  a-repivoted=[] b-repivoted=[]
  mxr-noise-gate-line-driver                   max abs 1.585e-6  rel 5.706e-6  relRMS 8.254e-7  peak 2.777e-1  a-repivoted=[] b-repivoted=[]
  earthquaker-devices-plumes                   max abs 2.178e-6  rel 4.352e-6  relRMS 1.214e-6  peak 5.004e-1  a-repivoted=[] b-repivoted=[]
  boss-ds-2                                    max abs 4.841e-7  rel 4.188e-6  relRMS 7.896e-7  peak 1.156e-1  a-repivoted=[] b-repivoted=[]
  foxx-tone-machine                            max abs 4.065e-7  rel 4.181e-6  relRMS 3.503e-7  peak 9.723e-2  a-repivoted=[] b-repivoted=[]
  fulltone-ocd-v1.4                            max abs 3.736e-6  rel 4.174e-6  relRMS 3.597e-7  peak 8.950e-1  a-repivoted=[] b-repivoted=[]
  big-muff-pi                                  max abs 8.535e-7  rel 3.301e-6  relRMS 4.603e-7  peak 2.585e-1  a-repivoted=[] b-repivoted=[]
  dallas-arbiter-fuzz-face-ac128               max abs 8.106e-6  rel 3.282e-6  relRMS 3.242e-7  peak 2.470e+0  a-repivoted=[] b-repivoted=[]
  dod-preamp-250                               max abs 5.567e-7  rel 3.022e-6  relRMS 5.790e-7  peak 1.843e-1  a-repivoted=[] b-repivoted=[]
  belton-brick-reverb                          max abs 7.457e-7  rel 2.882e-6  relRMS 1.632e-7  peak 2.587e-1  a-repivoted=[] b-repivoted=[]
  jhs-morning-glory                            max abs 1.917e-6  rel 2.517e-6  relRMS 6.241e-7  peak 7.614e-1  a-repivoted=[] b-repivoted=[]
  big-muff-pi-v3                               max abs 5.686e-7  rel 2.459e-6  relRMS 3.709e-7  peak 2.312e-1  a-repivoted=[] b-repivoted=[]
  boss-cs-3                                    max abs 5.207e-7  rel 2.171e-6  relRMS 3.611e-7  peak 2.399e-1  a-repivoted=[] b-repivoted=[]
  big-muff-pi-ec3003-rev-f                     max abs 2.260e-7  rel 2.163e-6  relRMS 1.284e-7  peak 1.045e-1  a-repivoted=[] b-repivoted=[]
  dan-armstrong-green-ringer                   max abs 1.332e-6  rel 1.906e-6  relRMS 4.301e-7  peak 6.992e-1  a-repivoted=[] b-repivoted=[]
  sola-sound-mki-tone-bender                   max abs 2.047e-8  rel 1.896e-6  relRMS 1.858e-7  peak 1.080e-2  a-repivoted=[] b-repivoted=[]
  mesa-boogie-mark-v                           max abs 4.337e-5  rel 1.304e-6  relRMS 7.578e-8  peak 3.327e+1  a-repivoted=[] b-repivoted=[]
  tycobrahe-octavia                            max abs 5.099e-7  rel 1.303e-6  relRMS 9.044e-8  peak 3.914e-1  a-repivoted=[] b-repivoted=[]
  mesa-boogie-dual-rectifier                   max abs 1.102e-6  rel 1.223e-6  relRMS 2.522e-7  peak 9.005e-1  a-repivoted=[] b-repivoted=[]
  vox-ac30-top-boost                           max abs 2.059e-6  rel 1.168e-6  relRMS 4.960e-7  peak 1.762e+0  a-repivoted=[] b-repivoted=[]
  maestro-fz-1a                                max abs 2.050e-7  rel 1.147e-6  relRMS 1.198e-7  peak 1.787e-1  a-repivoted=[] b-repivoted=[]
  marshall-blues-breaker                       max abs 4.751e-6  rel 9.973e-7  relRMS 1.667e-7  peak 4.764e+0  a-repivoted=[] b-repivoted=[]
  klon-centaur                                 max abs 8.189e-7  rel 8.432e-7  relRMS 2.223e-7  peak 9.712e-1  a-repivoted=[] b-repivoted=[]
  univox-super-fuzz                            max abs 4.060e-7  rel 8.244e-7  relRMS 4.351e-8  peak 4.924e-1  a-repivoted=[] b-repivoted=[]
  pro-co-rat                                   max abs 1.770e-7  rel 7.645e-7  relRMS 1.046e-7  peak 2.316e-1  a-repivoted=[] b-repivoted=[]
  pro-co-rat-2-v4b-op07cp                      max abs 1.414e-7  rel 6.480e-7  relRMS 6.890e-8  peak 2.181e-1  a-repivoted=[] b-repivoted=[]
