
== TS: 9 packets compared (window: samples 0..9600), max|a-b| / peak(a)
<=1e-9: 1  |  <=1e-7: 1  |  <=1e-5: 2  |  <=1e-4: 1  |  <=1e-3: 1  |  <=1e-2: 1  |  >1e-2: 2
  big-muff-pi-ec3003-rev-f                     max abs 4.243e-11  rel 4.676e-10  relRMS 2.261e-10  peak 9.072e-2  a-repivoted=[] b-repivoted=[]
  boss-dm-2                                    max abs 6.089e-5  rel 9.379e-3  relRMS 5.608e-3  peak 6.492e-3  a-repivoted=[] b-repivoted=[]
  boss-hm-2                                    max abs 6.324e-5  rel 2.292e-4  relRMS 3.363e-5  peak 2.760e-1  a-repivoted=[] b-repivoted=[]
  boss-mt-2                                    max abs 1.722e-2  rel 1.924e-1  relRMS 7.756e-3  peak 8.948e-2  a-repivoted=[] b-repivoted=[]
  boss-od-1                                    max abs 5.569e-6  rel 2.004e-5  relRMS 9.911e-6  peak 2.779e-1  a-repivoted=[] b-repivoted=[]
  ibanez-ts808                                 max abs 8.451e-7  rel 7.340e-6  relRMS 4.458e-6  peak 1.151e-1  a-repivoted=[] b-repivoted=[]
  ibanez-ts9-reissue                           max abs 1.052e-6  rel 6.275e-6  relRMS 4.209e-6  peak 1.677e-1  a-repivoted=[] b-repivoted=[]
  mxr-blue-box                                 max abs 3.272e-3  rel 1.978e-1  relRMS 1.978e-1  peak 1.654e-2  a-repivoted=[] b-repivoted=[]
  orange-gro100                                max abs 2.457e-10  rel 1.295e-9  relRMS 7.452e-10  peak 1.898e-1  a-repivoted=[] b-repivoted=[]
ts: bit-identical 0 of 9; differ 9

== WASM: 9 packets compared (window: samples 0..9600), max|a-b| / peak(a)
<=1e-7: 2  |  <=1e-5: 2  |  <=1e-4: 1  |  <=1e-3: 1  |  <=1e-2: 1  |  >1e-2: 2
  big-muff-pi-ec3003-rev-f                     max abs 7.451e-9  rel 8.212e-8  relRMS 3.218e-9  peak 9.072e-2  a-repivotedBlocks=0 b-repivotedBlocks=0
  boss-dm-2                                    max abs 6.089e-5  rel 9.379e-3  relRMS 5.608e-3  peak 6.492e-3  a-repivotedBlocks=0 b-repivotedBlocks=0
  boss-hm-2                                    max abs 6.325e-5  rel 2.292e-4  relRMS 3.363e-5  peak 2.760e-1  a-repivotedBlocks=0 b-repivotedBlocks=0
  boss-mt-2                                    max abs 3.160e-2  rel 3.531e-1  relRMS 1.236e-2  peak 8.950e-2  a-repivotedBlocks=0 b-repivotedBlocks=0
  boss-od-1                                    max abs 5.573e-6  rel 2.005e-5  relRMS 9.911e-6  peak 2.779e-1  a-repivotedBlocks=0 b-repivotedBlocks=0
  ibanez-ts808                                 max abs 8.494e-7  rel 7.377e-6  relRMS 4.458e-6  peak 1.151e-1  a-repivotedBlocks=0 b-repivotedBlocks=0
  ibanez-ts9-reissue                           max abs 1.058e-6  rel 6.309e-6  relRMS 4.209e-6  peak 1.677e-1  a-repivotedBlocks=0 b-repivotedBlocks=0
  mxr-blue-box                                 max abs 3.161e-2  rel 2.273e+0  relRMS 1.471e+0  peak 1.391e-2  a-repivotedBlocks=0 b-repivotedBlocks=0
  orange-gro100                                max abs 1.490e-8  rel 7.852e-8  relRMS 6.344e-9  peak 1.898e-1  a-repivotedBlocks=0 b-repivotedBlocks=0
wasm: bit-identical 0 of 9; differ 9

programs: emitted text or JSON differs for 0 packets
