muff      os2: 5.188 it/host, seeds 0, one-iteration 0, non-converged 0
muff      os3: 7.124 it/host, seeds 0, one-iteration 0, non-converged 0
muff      os4: 9.063 it/host, seeds 0, one-iteration 0, non-converged 0
muff      os5: 11.104 it/host, seeds 0, one-iteration 0, non-converged 0
muff      os6: 13.083 it/host, seeds 0, one-iteration 0, non-converged 0
muff      os8: 17.167 it/host, seeds 0, one-iteration 0, non-converged 0
sd1       os2: 5.001 it/host, seeds 0, one-iteration 0, non-converged 0
sd1       os3: 7.021 it/host, seeds 0, one-iteration 0, non-converged 0
sd1       os4: 8.958 it/host, seeds 0, one-iteration 0, non-converged 0
sd1       os5: 11.063 it/host, seeds 0, one-iteration 0, non-converged 0
sd1       os6: 13.104 it/host, seeds 0, one-iteration 0, non-converged 0
sd1       os8: 16.958 it/host, seeds 0, one-iteration 0, non-converged 0
ts9       os2: 4.500 it/host, seeds 0, one-iteration 0, non-converged 0
ts9       os3: 6.583 it/host, seeds 0, one-iteration 0, non-converged 0
ts9       os4: 8.375 it/host, seeds 0, one-iteration 0, non-converged 0
ts9       os5: 10.458 it/host, seeds 0, one-iteration 0, non-converged 0
ts9       os6: 12.417 it/host, seeds 0, one-iteration 0, non-converged 0
ts9       os8: 16.000 it/host, seeds 0, one-iteration 0, non-converged 0
ts808     os2: 5.104 it/host, seeds 0, one-iteration 0, non-converged 0
ts808     os3: 7.104 it/host, seeds 0, one-iteration 0, non-converged 0
ts808     os4: 8.792 it/host, seeds 0, one-iteration 0, non-converged 0
ts808     os5: 10.729 it/host, seeds 0, one-iteration 0, non-converged 0
ts808     os6: 12.625 it/host, seeds 0, one-iteration 0, non-converged 0
ts808     os8: 16.167 it/host, seeds 0, one-iteration 0, non-converged 0
gro100    os2: 4.206 it/host, seeds 0, one-iteration 0, non-converged 0
gro100    os3: 6.212 it/host, seeds 0, one-iteration 0, non-converged 0
gro100    os4: 8.218 it/host, seeds 0, one-iteration 0, non-converged 0
gro100    os5: 10.222 it/host, seeds 0, one-iteration 0, non-converged 0
gro100    os6: 12.228 it/host, seeds 0, one-iteration 0, non-converged 0
gro100    os8: 16.239 it/host, seeds 0, one-iteration 0, non-converged 0
