packet     os | it/host OFF -> ON (saving)  | seeds ON | one-it ON | NC off/on | output movement ON vs OFF: relRMS, max abs
muff        2 | 5.188 -> 4.875 (-6.0%) | 13200 | 800 | 0/0 | 5.84e-8, 6.35e-9
muff        3 | 7.124 -> 7.124 (0.0%) | 12920 | 0 | 0/0 | 1.69e-8, 1.79e-9
muff        4 | 9.063 -> 5.542 (-38.9%) | 36800 | 26000 | 0/0 | 3.89e-7, 5.36e-8
muff        5 | 11.104 -> 9.441 (-15.0%) | 34478 | 10764 | 0/0 | 1.11e-7, 1.41e-8
muff        6 | 13.083 -> 10.039 (-23.3%) | 47419 | 19623 | 0/0 | 4.40e-7, 7.22e-8
muff        8 | 17.167 -> 9.520 (-44.5%) | 75600 | 63400 | 0/0 | 1.34e-7, 1.35e-8
sd1         2 | 5.001 -> 4.293 (-14.2%) | 15800 | 3191 | 0/0 | 2.89e-7, 4.53e-8
sd1         3 | 7.021 -> 6.960 (-0.9%) | 15016 | 783 | 0/0 | 4.12e-7, 7.00e-8
sd1         4 | 8.958 -> 5.335 (-40.4%) | 35800 | 29182 | 0/0 | 7.85e-8, 1.69e-8
sd1         5 | 11.063 -> 9.837 (-11.1%) | 31740 | 11968 | 0/0 | 1.87e-7, 2.84e-8
sd1         6 | 13.104 -> 10.965 (-16.3%) | 39779 | 20739 | 0/0 | 2.04e-7, 6.18e-8
sd1         8 | 16.958 -> 9.000 (-46.9%) | 76200 | 67800 | 0/0 | 2.18e-8, 6.41e-9
ts9         2 | 4.500 -> 3.833 (-14.8%) | 18000 | 2800 | 0/0 | 1.45e-6, 2.89e-7
ts9         3 | 6.583 -> 6.542 (-0.6%) | 10000 | 800 | 0/0 | 1.47e-6, 2.43e-7
ts9         4 | 8.375 -> 4.646 (-44.5%) | 38400 | 32200 | 0/0 | 3.14e-7, 5.43e-8
ts9         5 | 10.458 -> 9.625 (-8.0%) | 29200 | 8400 | 0/0 | 2.04e-6, 2.33e-7
ts9         6 | 12.417 -> 11.167 (-10.1%) | 38800 | 11200 | 0/0 | 5.53e-6, 5.83e-7
ts9         8 | 16.000 -> 8.125 (-49.2%) | 76800 | 75600 | 0/0 | 4.87e-7, 7.69e-8
ts808       2 | 5.104 -> 4.583 (-10.2%) | 12200 | 1400 | 0/0 | 1.97e-6, 3.51e-7
ts808       3 | 7.104 -> 7.042 (-0.9%) | 8200 | 600 | 0/0 | 1.71e-6, 2.75e-7
ts808       4 | 8.792 -> 4.646 (-47.2%) | 38400 | 32200 | 0/0 | 3.52e-7, 7.16e-8
ts808       5 | 10.729 -> 9.896 (-7.8%) | 27400 | 8200 | 0/0 | 2.06e-6, 3.15e-7
ts808       6 | 12.625 -> 11.292 (-10.6%) | 37600 | 11200 | 0/0 | 5.97e-6, 7.55e-7
ts808       8 | 16.167 -> 8.125 (-49.7%) | 76800 | 75600 | 0/0 | 4.95e-7, 9.34e-8
gro100      2 | 4.206 -> 3.746 (-10.9%) | 18161 | 4359 | 0/0 | 2.63e-10, 8.86e-11
gro100      3 | 6.212 -> 6.132 (-1.3%) | 12749 | 596 | 0/0 | 2.19e-10, 9.12e-11
gro100      4 | 8.218 -> 4.657 (-43.3%) | 37325 | 33828 | 0/0 | 1.41e-10, 7.34e-11
gro100      5 | 10.222 -> 8.242 (-19.4%) | 31039 | 18713 | 0/0 | 1.56e-10, 7.25e-11
gro100      6 | 12.228 -> 9.287 (-24.1%) | 40357 | 28015 | 0/0 | 1.52e-10, 8.24e-11
gro100      8 | 16.239 -> 8.801 (-45.8%) | 75093 | 71996 | 0/0 | 1.21e-10, 5.78e-11
