muff      os2: 4.875 it/host, seeds 13200, one-iteration 800, non-converged 0
muff      os3: 7.124 it/host, seeds 12920, one-iteration 0, non-converged 0
muff      os4: 5.542 it/host, seeds 36800, one-iteration 26000, non-converged 0
muff      os5: 9.441 it/host, seeds 34478, one-iteration 10764, non-converged 0
muff      os6: 10.039 it/host, seeds 47419, one-iteration 19623, non-converged 0
muff      os8: 9.520 it/host, seeds 75600, one-iteration 63400, non-converged 0
sd1       os2: 4.293 it/host, seeds 15800, one-iteration 3191, non-converged 0
sd1       os3: 6.960 it/host, seeds 15016, one-iteration 783, non-converged 0
sd1       os4: 5.335 it/host, seeds 35800, one-iteration 29182, non-converged 0
sd1       os5: 9.837 it/host, seeds 31740, one-iteration 11968, non-converged 0
sd1       os6: 10.965 it/host, seeds 39779, one-iteration 20739, non-converged 0
sd1       os8: 9.000 it/host, seeds 76200, one-iteration 67800, non-converged 0
ts9       os2: 3.833 it/host, seeds 18000, one-iteration 2800, non-converged 0
ts9       os3: 6.542 it/host, seeds 10000, one-iteration 800, non-converged 0
ts9       os4: 4.646 it/host, seeds 38400, one-iteration 32200, non-converged 0
ts9       os5: 9.625 it/host, seeds 29200, one-iteration 8400, non-converged 0
ts9       os6: 11.167 it/host, seeds 38800, one-iteration 11200, non-converged 0
ts9       os8: 8.125 it/host, seeds 76800, one-iteration 75600, non-converged 0
ts808     os2: 4.583 it/host, seeds 12200, one-iteration 1400, non-converged 0
ts808     os3: 7.042 it/host, seeds 8200, one-iteration 600, non-converged 0
ts808     os4: 4.646 it/host, seeds 38400, one-iteration 32200, non-converged 0
ts808     os5: 9.896 it/host, seeds 27400, one-iteration 8200, non-converged 0
ts808     os6: 11.292 it/host, seeds 37600, one-iteration 11200, non-converged 0
ts808     os8: 8.125 it/host, seeds 76800, one-iteration 75600, non-converged 0
gro100    os2: 3.746 it/host, seeds 18161, one-iteration 4359, non-converged 0
gro100    os3: 6.132 it/host, seeds 12749, one-iteration 596, non-converged 0
gro100    os4: 4.657 it/host, seeds 37325, one-iteration 33828, non-converged 0
gro100    os5: 8.242 it/host, seeds 31039, one-iteration 18713, non-converged 0
gro100    os6: 9.287 it/host, seeds 40357, one-iteration 28015, non-converged 0
gro100    os8: 8.801 it/host, seeds 75093, one-iteration 71996, non-converged 0
