muff     os2: identical (it/host, seeds, one-iteration, non-converged, every output sample)
muff     os3: identical (it/host, seeds, one-iteration, non-converged, every output sample)
muff     os4: identical (it/host, seeds, one-iteration, non-converged, every output sample)
muff     os5: identical (it/host, seeds, one-iteration, non-converged, every output sample)
muff     os6: identical (it/host, seeds, one-iteration, non-converged, every output sample)
muff     os8: identical (it/host, seeds, one-iteration, non-converged, every output sample)
sd1      os2: identical (it/host, seeds, one-iteration, non-converged, every output sample)
sd1      os3: identical (it/host, seeds, one-iteration, non-converged, every output sample)
sd1      os4: identical (it/host, seeds, one-iteration, non-converged, every output sample)
sd1      os5: identical (it/host, seeds, one-iteration, non-converged, every output sample)
sd1      os6: identical (it/host, seeds, one-iteration, non-converged, every output sample)
sd1      os8: identical (it/host, seeds, one-iteration, non-converged, every output sample)
ts9      os2: identical (it/host, seeds, one-iteration, non-converged, every output sample)
ts9      os3: identical (it/host, seeds, one-iteration, non-converged, every output sample)
ts9      os4: identical (it/host, seeds, one-iteration, non-converged, every output sample)
ts9      os5: identical (it/host, seeds, one-iteration, non-converged, every output sample)
ts9      os6: identical (it/host, seeds, one-iteration, non-converged, every output sample)
ts9      os8: identical (it/host, seeds, one-iteration, non-converged, every output sample)
ts808    os2: identical (it/host, seeds, one-iteration, non-converged, every output sample)
ts808    os3: identical (it/host, seeds, one-iteration, non-converged, every output sample)
ts808    os4: identical (it/host, seeds, one-iteration, non-converged, every output sample)
ts808    os5: identical (it/host, seeds, one-iteration, non-converged, every output sample)
ts808    os6: identical (it/host, seeds, one-iteration, non-converged, every output sample)
ts808    os8: identical (it/host, seeds, one-iteration, non-converged, every output sample)
gro100   os2: identical (it/host, seeds, one-iteration, non-converged, every output sample)
gro100   os3: identical (it/host, seeds, one-iteration, non-converged, every output sample)
gro100   os4: identical (it/host, seeds, one-iteration, non-converged, every output sample)
gro100   os5: identical (it/host, seeds, one-iteration, non-converged, every output sample)
gro100   os6: identical (it/host, seeds, one-iteration, non-converged, every output sample)
gro100   os8: identical (it/host, seeds, one-iteration, non-converged, every output sample)
30 of 30 rows identical
