[post-port] parity: two-tone 440@0.25+1320@0.1, cap 1024, settle 100 / window 2048; bars r>=0.9999 & maxDelta<1e-4
packet    os | maxDelta   r          relRms    | TS it/host  WASM peak  TS peak | verdict
muff       1 | 5.018e-9  1.000000  2.80e-8 |      2.692         12       12 | PASS
muff       2 | 4.356e-9  1.000000  2.76e-8 |      3.311         10       10 | PASS
muff       4 | 4.150e-9  1.000000  2.81e-8 |      4.868          6        6 | PASS
muff       8 | 3.400e-9  1.000000  2.79e-8 |      8.654          4        4 | PASS
sd1        1 | 7.680e-6  1.000000  4.37e-5 |      2.885         26       26 | PASS
sd1        2 | 7.733e-6  1.000000  4.44e-5 |      4.177         10       10 | PASS
sd1        4 | 7.741e-6  1.000000  4.45e-5 |      5.754          6        6 | PASS
sd1        8 | 7.755e-6  1.000000  4.44e-5 |      9.431          4        4 | PASS
ts9        1 | 2.688e-5  1.000000  1.72e-4 |      2.530          8        8 | PASS
ts9        2 | 2.703e-5  1.000000  1.74e-4 |      3.263          7        7 | PASS
ts9        4 | 2.707e-5  1.000000  1.74e-4 |      4.951          4        4 | PASS
ts9        8 | 2.709e-5  1.000000  1.74e-4 |      8.216          3        3 | PASS
ts808      1 | 1.802e-8  1.000000  3.31e-8 |      2.830          8        8 | PASS
ts808      2 | 1.391e-8  1.000000  3.46e-8 |      3.705          7        7 | PASS
ts808      4 | 1.901e-8  1.000000  3.37e-8 |      4.958          4        4 | PASS
ts808      8 | 1.518e-8  1.000000  3.44e-8 |      8.244          3        3 | PASS
gro100     1 | 7.421e-9  1.000000  2.41e-8 |      2.010         26       26 | PASS
gro100     2 | 7.425e-9  1.000000  2.54e-8 |      2.847         14       14 | PASS
gro100     4 | 7.427e-9  1.000000  2.50e-8 |      4.860         11       11 | PASS
gro100     8 | 7.443e-9  1.000000  2.44e-8 |      9.004          8        8 | PASS
blue-box   1 | 7.023e-7  1.000000  2.38e-6 |      4.840        301      301 | PASS
blue-box   2 | 1.043e-4  1.000000  5.17e-4 |      8.439        345      258 | FAIL
blue-box   4 | 9.295e-10  1.000000  2.58e-8 |     14.647        210      210 | PASS
blue-box   8 | 9.318e-10  1.000000  2.53e-8 |     28.380        226      226 | PASS
