aef38274384e36db5433963f6893a1f32045daf8685f7d10df9aeba0c01adf02  packages/runtime/src/wasm/v2_dsp.wasm
uptime at start: 14:11:43 up  1:28,  0 users,  load average: 2.23, 2.91, 2.90
WASM in-process ns/host sample, 1 kHz 10 mV 1 s, cap 1024, block 512, 5 interleaved repeats (A=baseline wasm-base, B=port), median; 20833 ns = 1.0 xRT in-process (not worklet)
packet    os | A ns (xRT)      | B ns (xRT)      | B/A   | it/host A (TS ref) / B | one-it/host B | seeds/host B | peak A/B | under budget
muff       1 |    8216 ( 0.39) |    8042 ( 0.39) | 0.979 | — / 2.833 | 0.000 | 0.459 | 6/6 | A yes, B yes  runs A 0.43 0.39 0.39 0.43 0.39 B 0.41 0.38 0.38 0.42 0.39
sd1        1 |   15646 ( 0.75) |   13781 ( 0.66) | 0.881 | — / 2.354 | 0.062 | 0.646 | 4/4 | A yes, B yes  runs A 0.76 0.75 0.75 0.77 0.75 B 0.66 0.66 0.69 0.66 0.66
ts9        1 |    5260 ( 0.25) |    4784 ( 0.23) | 0.910 | — / 1.708 | 0.292 | 1.000 | 3/2 | A yes, B yes  runs A 0.26 0.27 0.25 0.25 0.25 B 0.24 0.23 0.23 0.23 0.23
ts808      1 |    5580 ( 0.27) |    4651 ( 0.22) | 0.833 | — / 1.834 | 0.166 | 1.000 | 3/2 | A yes, B yes  runs A 0.27 0.27 0.27 0.27 0.27 B 0.23 0.22 0.22 0.22 0.25
gro100     1 |   89964 ( 4.32) |   83141 ( 3.99) | 0.924 | — / 6.894 | 0.131 | 0.678 | 1024/1024 | A no, B no  runs A 4.21 4.24 4.35 4.32 4.61 B 4.17 3.99 3.92 4.02 3.93
blue-box   1 |    4987 ( 0.24) |    5099 ( 0.24) | 1.022 | — / 3.903 | 0.000 | 0.062 | 1024/1024 | A yes, B yes  runs A 0.24 0.24 0.24 0.24 0.24 B 0.24 0.24 0.25 0.25 0.24
muff       2 |   14644 ( 0.70) |   11957 ( 0.57) | 0.817 | — / 3.708 | 0.459 | 1.875 | 4/4 | A yes, B yes  runs A 0.70 0.70 0.70 0.70 0.71 B 0.57 0.58 0.57 0.58 0.57
sd1        2 |   28494 ( 1.37) |   21894 ( 1.05) | 0.768 | — / 3.625 | 0.375 | 2.000 | 3/3 | A no, B no  runs A 1.35 1.38 1.38 1.37 1.36 B 1.05 1.05 1.05 1.06 1.05
ts9        2 |   10239 ( 0.49) |    9817 ( 0.47) | 0.959 | — / 3.458 | 0.541 | 2.000 | 2/2 | A yes, B yes  runs A 0.49 0.49 0.49 0.49 0.49 B 0.47 0.47 0.48 0.47 0.47
ts808      2 |   10117 ( 0.49) |    9285 ( 0.45) | 0.918 | — / 3.459 | 0.541 | 2.000 | 3/2 | A yes, B yes  runs A 0.48 0.49 0.51 0.49 0.48 B 0.45 0.45 0.44 0.45 0.44
gro100     2 |  129540 ( 6.22) |  117095 ( 5.62) | 0.904 | — / 8.816 | 0.329 | 1.638 | 1024/1024 | A no, B no  runs A 6.12 6.12 6.27 6.41 6.22 B 5.57 5.55 5.68 5.65 5.62
blue-box   2 |    9190 ( 0.44) |    9542 ( 0.46) | 1.038 | — / 7.583 | 0.021 | 0.250 | 44/42 | A yes, B yes  runs A 0.44 0.44 0.44 0.44 0.44 B 0.47 0.46 0.46 0.45 0.45
muff       4 |   27513 ( 1.32) |   20315 ( 0.98) | 0.738 | — / 5.625 | 2.375 | 4.000 | 3/2 | A no, B yes  runs A 1.30 1.32 1.36 1.32 1.34 B 0.97 1.00 0.98 0.98 0.97
sd1        4 |   49721 ( 2.39) |   29509 ( 1.42) | 0.594 | — / 4.585 | 3.415 | 4.000 | 3/2 | A no, B no  runs A 2.39 2.43 2.41 2.39 2.38 B 1.42 1.41 1.43 1.42 1.40
ts9        4 |   20649 ( 0.99) |   13159 ( 0.63) | 0.637 | — / 4.043 | 3.957 | 4.000 | 2/2 | A yes, B yes  runs A 0.99 0.99 0.99 1.01 0.99 B 0.64 0.63 0.63 0.64 0.63
ts808      4 |   19141 ( 0.92) |   12226 ( 0.59) | 0.639 | — / 4.044 | 3.956 | 4.000 | 3/2 | A yes, B yes  runs A 0.92 0.92 0.92 0.92 0.94 B 0.61 0.58 0.60 0.59 0.58
gro100     4 |  178485 ( 8.57) |  145627 ( 6.99) | 0.816 | — / 9.880 | 2.495 | 3.626 | 1024/1024 | A no, B no  runs A 8.57 8.50 8.70 8.54 8.57 B 6.89 7.36 7.17 6.99 6.94
blue-box   4 |   15680 ( 0.75) |   16108 ( 0.77) | 1.027 | — / 12.190 | 0.480 | 1.084 | 50/140 | A yes, B yes  runs A 0.78 0.76 0.75 0.75 0.75 B 0.78 0.77 0.77 0.77 0.77
muff       8 |   50251 ( 2.41) |   37014 ( 1.78) | 0.737 | — / 9.579 | 6.421 | 8.000 | 3/2 | A no, B no  runs A 2.42 2.40 2.41 2.41 2.44 B 1.79 1.77 1.76 1.79 1.78
sd1        8 |   95239 ( 4.57) |   52001 ( 2.50) | 0.546 | — / 8.001 | 7.999 | 8.000 | 3/2 | A no, B no  runs A 4.48 4.57 4.58 4.57 4.80 B 2.48 2.59 2.50 2.50 2.49
ts9        8 |   41449 ( 1.99) |   26299 ( 1.26) | 0.634 | — / 8.001 | 7.999 | 8.000 | 2/2 | A no, B no  runs A 2.01 1.99 1.98 1.99 1.99 B 1.27 1.26 1.26 1.28 1.26
ts808      8 |   38040 ( 1.83) |   24329 ( 1.17) | 0.640 | — / 8.002 | 7.998 | 7.999 | 2/2 | A no, B no  runs A 1.83 1.83 1.83 1.87 1.82 B 1.17 1.17 1.17 1.17 1.17
gro100     8 |  283567 (13.61) |  209722 (10.07) | 0.740 | — / 12.741 | 6.562 | 7.587 | 1024/1024 | A no, B no  runs A 13.62 13.64 13.54 13.54 13.61 B 10.07 10.01 10.10 9.98 10.10
blue-box   8 |   25037 ( 1.20) |   23819 ( 1.14) | 0.951 | — / 16.119 | 2.771 | 5.666 | 103/53 | A no, B no  runs A 1.20 1.21 1.21 1.20 1.20 B 1.14 1.14 1.15 1.14 1.14
uptime at end: 14:20:06 up  1:37,  0 users,  load average: 1.78, 2.10, 2.51
