aef38274384e36db5433963f6893a1f32045daf8685f7d10df9aeba0c01adf02  packages/runtime/src/wasm/v2_dsp.wasm
uptime at start: 14:20:19 up  1:37,  0 users,  load average: 1.39, 1.99, 2.47
WASM in-process ns/host sample, 1 kHz 10 mV 1 s, cap 1024, block 512, 5 interleaved repeats (A=baseline wasm-base, B=port), median; 20833 ns = 1.0 xRT in-process (not worklet)
packet    os | A ns (xRT)      | B ns (xRT)      | B/A   | it/host A (TS ref) / B | one-it/host B | seeds/host B | peak A/B | under budget
muff       1 |    8314 ( 0.40) |    8246 ( 0.40) | 0.992 | — / 2.833 | 0.000 | 0.459 | 6/6 | A yes, B yes  runs A 0.42 0.40 0.39 0.39 0.40 B 0.44 0.39 0.40 0.48 0.40
sd1        1 |   15495 ( 0.74) |   13766 ( 0.66) | 0.888 | — / 2.354 | 0.062 | 0.646 | 4/4 | A yes, B yes  runs A 0.74 0.75 0.75 0.74 0.74 B 0.68 0.66 0.67 0.66 0.66
ts9        1 |    5223 ( 0.25) |    4742 ( 0.23) | 0.908 | — / 1.708 | 0.292 | 1.000 | 3/2 | A yes, B yes  runs A 0.25 0.25 0.25 0.25 0.25 B 0.23 0.23 0.23 0.23 0.23
ts808      1 |    5573 ( 0.27) |    4641 ( 0.22) | 0.833 | — / 1.834 | 0.166 | 1.000 | 3/2 | A yes, B yes  runs A 0.27 0.27 0.27 0.27 0.27 B 0.23 0.22 0.22 0.22 0.22
gro100     1 |   88970 ( 4.27) |   81233 ( 3.90) | 0.913 | — / 6.894 | 0.131 | 0.678 | 1024/1024 | A no, B no  runs A 4.31 4.27 4.27 4.25 4.23 B 3.89 3.90 3.91 3.90 3.94
blue-box   1 |    5056 ( 0.24) |    5053 ( 0.24) | 0.999 | — / 3.903 | 0.000 | 0.062 | 1024/1024 | A yes, B yes  runs A 0.24 0.25 0.24 0.26 0.24 B 0.24 0.24 0.24 0.24 0.26
muff       2 |   14448 ( 0.69) |   12006 ( 0.58) | 0.831 | — / 3.708 | 0.459 | 1.875 | 4/4 | A yes, B yes  runs A 0.70 0.69 0.72 0.69 0.69 B 0.58 0.61 0.57 0.58 0.57
sd1        2 |   27597 ( 1.32) |   21823 ( 1.05) | 0.791 | — / 3.625 | 0.375 | 2.000 | 3/3 | A no, B no  runs A 1.33 1.32 1.32 1.32 1.33 B 1.05 1.05 1.05 1.05 1.05
ts9        2 |   10158 ( 0.49) |    9814 ( 0.47) | 0.966 | — / 3.458 | 0.541 | 2.000 | 2/2 | A yes, B yes  runs A 0.49 0.49 0.49 0.49 0.49 B 0.47 0.47 0.47 0.47 0.47
ts808      2 |   10090 ( 0.48) |    9166 ( 0.44) | 0.908 | — / 3.459 | 0.541 | 2.000 | 3/2 | A yes, B yes  runs A 0.48 0.48 0.48 0.49 0.48 B 0.44 0.44 0.44 0.44 0.44
gro100     2 |  131006 ( 6.29) |  115948 ( 5.57) | 0.885 | — / 8.816 | 0.329 | 1.638 | 1024/1024 | A no, B no  runs A 6.23 6.29 6.20 6.29 6.36 B 5.58 5.55 5.55 5.57 5.57
blue-box   2 |    9190 ( 0.44) |    9432 ( 0.45) | 1.026 | — / 7.583 | 0.021 | 0.250 | 44/42 | A yes, B yes  runs A 0.45 0.44 0.44 0.44 0.44 B 0.46 0.45 0.45 0.46 0.45
muff       4 |   27202 ( 1.31) |   20234 ( 0.97) | 0.744 | — / 5.625 | 2.375 | 4.000 | 3/2 | A no, B yes  runs A 1.29 1.32 1.31 1.30 1.31 B 0.97 0.97 0.97 0.97 0.98
sd1        4 |   49638 ( 2.38) |   29243 ( 1.40) | 0.589 | — / 4.585 | 3.415 | 4.000 | 3/2 | A no, B no  runs A 2.38 2.36 2.39 2.38 2.37 B 1.42 1.40 1.40 1.40 1.43
ts9        4 |   20817 ( 1.00) |   13245 ( 0.64) | 0.636 | — / 4.043 | 3.957 | 4.000 | 2/2 | A yes, B yes  runs A 1.00 1.00 1.00 1.01 1.00 B 0.63 0.65 0.64 0.64 0.63
ts808      4 |   19267 ( 0.92) |   12180 ( 0.58) | 0.632 | — / 4.044 | 3.956 | 4.000 | 3/2 | A yes, B yes  runs A 0.92 0.92 0.92 0.93 0.93 B 0.58 0.58 0.58 0.59 0.59
gro100     4 |  185712 ( 8.91) |  144403 ( 6.93) | 0.778 | — / 9.880 | 2.495 | 3.626 | 1024/1024 | A no, B no  runs A 8.97 8.93 8.91 8.91 8.89 B 6.95 7.17 6.91 6.93 6.92
blue-box   4 |   15646 ( 0.75) |   16203 ( 0.78) | 1.036 | — / 12.190 | 0.480 | 1.084 | 50/140 | A yes, B yes  runs A 0.75 0.75 0.75 0.75 0.78 B 0.77 0.77 0.78 0.78 0.79
muff       8 |   50584 ( 2.43) |   36862 ( 1.77) | 0.729 | — / 9.579 | 6.421 | 8.000 | 3/2 | A no, B no  runs A 2.43 2.46 2.41 2.42 2.44 B 1.79 1.78 1.76 1.75 1.77
sd1        8 |   92868 ( 4.46) |   52120 ( 2.50) | 0.561 | — / 8.001 | 7.999 | 8.000 | 3/2 | A no, B no  runs A 4.43 4.37 4.47 4.49 4.46 B 2.50 2.50 2.51 2.51 2.49
ts9        8 |   41333 ( 1.98) |   26378 ( 1.27) | 0.638 | — / 8.001 | 7.999 | 8.000 | 2/2 | A no, B no  runs A 1.98 1.99 2.01 1.98 1.97 B 1.27 1.26 1.27 1.27 1.26
ts808      8 |   37973 ( 1.82) |   24548 ( 1.18) | 0.646 | — / 8.002 | 7.998 | 7.999 | 2/2 | A no, B no  runs A 1.83 1.82 1.82 1.83 1.82 B 1.17 1.18 1.18 1.20 1.19
gro100     8 |  303995 (14.59) |  207061 ( 9.94) | 0.681 | — / 12.741 | 6.562 | 7.587 | 1024/1024 | A no, B no  runs A 14.59 14.85 14.85 14.54 14.53 B 9.99 9.93 10.08 9.93 9.94
blue-box   8 |   24944 ( 1.20) |   23589 ( 1.13) | 0.946 | — / 16.119 | 2.771 | 5.666 | 103/53 | A no, B no  runs A 1.19 1.19 1.20 1.20 1.21 B 1.13 1.13 1.14 1.13 1.16
uptime at end: 14:28:47 up  1:46,  0 users,  load average: 2.37, 2.28, 2.37
