$ astro build
[96m[info][0m Loaded plugin typedoc-plugin-markdown
14:17:06 [starlight-typedoc-plugin] markdown generated at ./docs/src/content/docs/reference/api
14:17:06 [content] Syncing content
14:17:10 [content] Synced content
14:17:10 [types] Generated 4.40s
14:17:10 [build] output: "static"
14:17:10 [build] mode: "static"
14:17:10 [build] directory: /tmp/npw-verify/gh-pages/
14:17:10 [build] Collecting build info...
14:17:10 [build] ✓ Completed in 9.31s.
14:17:10 [build] Building static entrypoints...
14:17:13 [vite] ✓ built in 3.22s
14:17:14 [vite] ✓ built in 672ms
14:17:14 [build] Rearranging server assets...

 generating static routes 
14:17:14   ├─ /404.htmlEntry docs → 404 was not found.
 (+39ms) 
14:17:14   ├─ /examples/pro-co-rat/index.html (+19ms) 
14:17:14   ├─ /formats/index.html (+13ms) 
14:17:14   ├─ /formats/programs-and-firmware/index.html (+12ms) 
14:17:14   ├─ /guides/compiler/index.html (+17ms) 
14:17:14   ├─ /guides/control-ui/index.html (+22ms) 
14:17:14   ├─ /guides/controls/index.html (+11ms) 
14:17:14   ├─ /guides/generated-3d-previews/index.html (+11ms) 
14:17:14   ├─ /guides/getting-started/index.html (+10ms) 
14:17:14   ├─ /guides/runtime/index.html (+12ms) 
14:17:14   ├─ /guides/signal-chain/index.html (+12ms) 
14:17:14   ├─ /guides/stompbox/index.html (+12ms) 
14:17:14   ├─ /index.html (+9ms) 
14:17:14   ├─ /reference/api/amp/src/functions/createamppreviewglb/index.html (+15ms) 
14:17:14   ├─ /reference/api/amp/src/functions/createamppreviewlayout/index.html (+7ms) 
14:17:14   ├─ /reference/api/amp/src/functions/createamppreviewobject3d/index.html (+7ms) 
14:17:14   ├─ /reference/api/amp/src/functions/createampprofilefromdocument/index.html (+7ms) 
14:17:14   ├─ /reference/api/amp/src/functions/createampprofilefromvdsp/index.html (+7ms) 
14:17:14   ├─ /reference/api/amp/src/type-aliases/amppreviewappearance/index.html (+7ms) 
14:17:14   ├─ /reference/api/amp/src/type-aliases/amppreviewcontrollayout/index.html (+7ms) 
14:17:14   ├─ /reference/api/amp/src/type-aliases/amppreviewglb/index.html (+7ms) 
14:17:14   ├─ /reference/api/amp/src/type-aliases/amppreviewlayout/index.html (+7ms) 
14:17:14   ├─ /reference/api/amp/src/type-aliases/amppreviewobjectoptions/index.html (+15ms) 
14:17:14   ├─ /reference/api/amp/src/type-aliases/ampprofilederiveoptions/index.html (+8ms) 
14:17:14   ├─ /reference/api/cabinet/src/functions/createcabinetpreviewglb/index.html (+8ms) 
14:17:14   ├─ /reference/api/cabinet/src/functions/createcabinetpreviewlayout/index.html (+7ms) 
14:17:14   ├─ /reference/api/cabinet/src/functions/createcabinetpreviewobject3d/index.html (+6ms) 
14:17:14   ├─ /reference/api/cabinet/src/type-aliases/cabinetpreviewappearance/index.html (+6ms) 
14:17:14   ├─ /reference/api/cabinet/src/type-aliases/cabinetpreviewglb/index.html (+7ms) 
14:17:14   ├─ /reference/api/cabinet/src/type-aliases/cabinetpreviewlayout/index.html (+7ms) 
14:17:14   ├─ /reference/api/cabinet/src/type-aliases/cabinetpreviewobjectoptions/index.html (+7ms) 
14:17:14   ├─ /reference/api/chain/src/classes/ampshapernode/index.html (+15ms) 
14:17:14   ├─ /reference/api/chain/src/classes/cabinetirnode/index.html (+8ms) 
14:17:14   ├─ /reference/api/chain/src/classes/gainnode/index.html (+9ms) 
14:17:14   ├─ /reference/api/chain/src/classes/inputprofilenode/index.html (+8ms) 
14:17:15   ├─ /reference/api/chain/src/classes/masternode/index.html (+7ms) 
14:17:15   ├─ /reference/api/chain/src/classes/namnode/index.html (+7ms) 
14:17:15   ├─ /reference/api/chain/src/classes/runtimenode/index.html (+7ms) 
14:17:15   ├─ /reference/api/chain/src/classes/signalchain/index.html (+7ms) 
14:17:15   ├─ /reference/api/chain/src/functions/customsupplyprofile/index.html (+7ms) 
14:17:15   ├─ /reference/api/chain/src/functions/instantiatenamengine/index.html (+15ms) 
14:17:15   ├─ /reference/api/chain/src/functions/loadnammodel/index.html (+7ms) 
14:17:15   ├─ /reference/api/chain/src/functions/namloudness/index.html (+7ms) 
14:17:15   ├─ /reference/api/chain/src/functions/parsecablelengthmeters/index.html (+7ms) 
14:17:15   ├─ /reference/api/chain/src/functions/profilefrommeasurement/index.html (+8ms) 
14:17:15   ├─ /reference/api/chain/src/functions/resampleimpulseresponse/index.html (+7ms) 
14:17:15   ├─ /reference/api/chain/src/functions/resetnamenginefortests/index.html (+7ms) 
14:17:15   ├─ /reference/api/chain/src/interfaces/ampshaperconfig/index.html (+7ms) 
14:17:15   ├─ /reference/api/chain/src/interfaces/cabinetirconfig/index.html (+7ms) 
14:17:15   ├─ /reference/api/chain/src/interfaces/chainnode/index.html (+15ms) 
14:17:15   ├─ /reference/api/chain/src/interfaces/chainpreset/index.html (+8ms) 
14:17:15   ├─ /reference/api/chain/src/interfaces/inputprofileconfig/index.html (+7ms) 
14:17:15   ├─ /reference/api/chain/src/interfaces/masterconfig/index.html (+7ms) 
14:17:15   ├─ /reference/api/chain/src/interfaces/namnodeconfig/index.html (+7ms) 
14:17:15   ├─ /reference/api/chain/src/interfaces/namnodeinfo/index.html (+7ms) 
14:17:15   ├─ /reference/api/chain/src/interfaces/nodesnapshot/index.html (+7ms) 
14:17:15   ├─ /reference/api/chain/src/interfaces/signalchainoptions/index.html (+7ms) 
14:17:15   ├─ /reference/api/chain/src/type-aliases/cablelengthpreset/index.html (+7ms) 
14:17:15   ├─ /reference/api/chain/src/type-aliases/namenginemodule/index.html (+16ms) 
14:17:15   ├─ /reference/api/chain/src/type-aliases/namloudness/index.html (+8ms) 
14:17:15   ├─ /reference/api/chain/src/type-aliases/pickuptype/index.html (+7ms) 
14:17:15   ├─ /reference/api/chain/src/type-aliases/runtimenodeoptions/index.html (+7ms) 
14:17:15   ├─ /reference/api/chain/src/type-aliases/supplyprofile/index.html (+7ms) 
14:17:15   ├─ /reference/api/chain/src/variables/nam_loudness_target_db/index.html (+7ms) 
14:17:15   ├─ /reference/api/chain/src/variables/supply_profiles/index.html (+9ms) 
14:17:15   ├─ /reference/api/compiler/src/functions/attachdevicelaws/index.html (+8ms) 
14:17:15   ├─ /reference/api/compiler/src/functions/canonicalpartid/index.html (+7ms) 
14:17:15   ├─ /reference/api/compiler/src/functions/compile/index.html (+15ms) 
14:17:15   ├─ /reference/api/compiler/src/functions/compiletoartifact/index.html (+7ms) 
14:17:15   ├─ /reference/api/compiler/src/functions/computenumericrepivot/index.html (+7ms) 
14:17:15   ├─ /reference/api/compiler/src/functions/emit/index.html (+8ms) 
14:17:15   ├─ /reference/api/compiler/src/functions/foldpartid/index.html (+13ms) 
14:17:15   ├─ /reference/api/compiler/src/functions/foldtoken/index.html (+13ms) 
14:17:15   ├─ /reference/api/compiler/src/functions/parsequantity/index.html (+13ms) 
14:17:15   ├─ /reference/api/compiler/src/functions/readnetlist/index.html (+8ms) 
14:17:15   ├─ /reference/api/compiler/src/functions/registryentryfor/index.html (+8ms) 
14:17:15   ├─ /reference/api/compiler/src/functions/registrylawfor/index.html (+14ms) 
14:17:15   ├─ /reference/api/compiler/src/functions/resolvesupplystamps/index.html (+7ms) 
14:17:15   ├─ /reference/api/compiler/src/type-aliases/bjtlawdefaultwarning/index.html (+7ms) 
14:17:15   ├─ /reference/api/compiler/src/type-aliases/block/index.html (+7ms) 
14:17:15   ├─ /reference/api/compiler/src/type-aliases/bypassengageddisagreeswarning/index.html (+7ms) 
14:17:15   ├─ /reference/api/compiler/src/type-aliases/clockdriversupplyatgroundwarning/index.html (+6ms) 
14:17:15   ├─ /reference/api/compiler/src/type-aliases/clocklawparams/index.html (+7ms) 
14:17:15   ├─ /reference/api/compiler/src/type-aliases/clocklawport/index.html (+7ms) 
14:17:15   ├─ /reference/api/compiler/src/type-aliases/compilefailure/index.html (+7ms) 
14:17:15   ├─ /reference/api/compiler/src/type-aliases/compileoptions/index.html (+14ms) 
14:17:15   ├─ /reference/api/compiler/src/type-aliases/compilerefusal/index.html (+7ms) 
14:17:15   ├─ /reference/api/compiler/src/type-aliases/compileresult/index.html (+7ms) 
14:17:15   ├─ /reference/api/compiler/src/type-aliases/compilesuccess/index.html (+7ms) 
14:17:15   ├─ /reference/api/compiler/src/type-aliases/compilewarning/index.html (+7ms) 
14:17:15   ├─ /reference/api/compiler/src/type-aliases/composedgainsweep/index.html (+7ms) 
14:17:15   ├─ /reference/api/compiler/src/type-aliases/composedline/index.html (+7ms) 
14:17:15   ├─ /reference/api/compiler/src/type-aliases/composedlinesweep/index.html (+7ms) 
14:17:15   ├─ /reference/api/compiler/src/type-aliases/composedposition/index.html (+7ms) 
14:17:15   ├─ /reference/api/compiler/src/type-aliases/composedrouter/index.html (+14ms) 
14:17:15   ├─ /reference/api/compiler/src/type-aliases/composedsource/index.html (+7ms) 
14:17:15   ├─ /reference/api/compiler/src/type-aliases/composedterm/index.html (+7ms) 
14:17:15   ├─ /reference/api/compiler/src/type-aliases/control/index.html (+7ms) 
14:17:15   ├─ /reference/api/compiler/src/type-aliases/controlid/index.html (+7ms) 
14:17:15   ├─ /reference/api/compiler/src/type-aliases/controlpositiondisagreeswarning/index.html (+6ms) 
14:17:15   ├─ /reference/api/compiler/src/type-aliases/converterscalenotmodelledwarning/index.html (+6ms) 
14:17:15   ├─ /reference/api/compiler/src/type-aliases/costpredictors/index.html (+7ms) 
14:17:15   ├─ /reference/api/compiler/src/type-aliases/danglingactiveterminalwarning/index.html (+7ms) 
14:17:15   ├─ /reference/api/compiler/src/type-aliases/declareddelaywarning/index.html (+15ms) 
14:17:15   ├─ /reference/api/compiler/src/type-aliases/declaredparameterplan/index.html (+7ms) 
14:17:15   ├─ /reference/api/compiler/src/type-aliases/declaredprogram/index.html (+6ms) 
14:17:15   ├─ /reference/api/compiler/src/type-aliases/declaredprogramop/index.html (+7ms) 
14:17:15   ├─ /reference/api/compiler/src/type-aliases/declaredprogramparameter/index.html (+6ms) 
14:17:15   ├─ /reference/api/compiler/src/type-aliases/declaredprogramposition/index.html (+7ms) 
14:17:15   ├─ /reference/api/compiler/src/type-aliases/declaredprogramroute/index.html (+7ms) 
14:17:15   ├─ /reference/api/compiler/src/type-aliases/declaredprogramrouter/index.html (+7ms) 
14:17:15   ├─ /reference/api/compiler/src/type-aliases/declaredrouterplan/index.html (+7ms) 
14:17:15   ├─ /reference/api/compiler/src/type-aliases/declaredwinding/index.html (+15ms) 
14:17:15   ├─ /reference/api/compiler/src/type-aliases/declaredwindingimpedance/index.html (+7ms) 
14:17:15   ├─ /reference/api/compiler/src/type-aliases/delaylengthspec/index.html (+7ms) 
14:17:15   ├─ /reference/api/compiler/src/type-aliases/device/index.html (+7ms) 
14:17:15   ├─ /reference/api/compiler/src/type-aliases/deviceid/index.html (+6ms) 
14:17:15   ├─ /reference/api/compiler/src/type-aliases/deviceidentity/index.html (+7ms) 
14:17:15   ├─ /reference/api/compiler/src/type-aliases/devicekind/index.html (+7ms) 
14:17:15   ├─ /reference/api/compiler/src/type-aliases/devicelaw/index.html (+8ms) 
14:17:15   ├─ /reference/api/compiler/src/type-aliases/deviceresolution/index.html (+7ms) 
14:17:15   ├─ /reference/api/compiler/src/type-aliases/electricallyisolatedicwarning/index.html (+15ms) 
14:17:15   ├─ /reference/api/compiler/src/type-aliases/fetlawdefaultwarning/index.html (+8ms) 
14:17:15   ├─ /reference/api/compiler/src/type-aliases/genericspeakerprofilewarning/index.html (+7ms) 
14:17:15   ├─ /reference/api/compiler/src/type-aliases/generictubefitwarning/index.html (+7ms) 
14:17:15   ├─ /reference/api/compiler/src/type-aliases/icnotexecutedwarning/index.html (+7ms) 
14:17:15   ├─ /reference/api/compiler/src/type-aliases/inertcontrolwarning/index.html (+7ms) 
14:17:15   ├─ /reference/api/compiler/src/type-aliases/interfaceorsourceonlywarning/index.html (+7ms) 
14:17:15   ├─ /reference/api/compiler/src/type-aliases/lawednetlist/index.html (+7ms) 
14:17:15   ├─ /reference/api/compiler/src/type-aliases/ledgerdivergencewarning/index.html (+7ms) 
14:17:15   ├─ /reference/api/compiler/src/type-aliases/macroclockcontrol/index.html (+14ms) 
14:17:15   ├─ /reference/api/compiler/src/type-aliases/macromodel/index.html (+8ms) 
14:17:15   ├─ /reference/api/compiler/src/type-aliases/modulationnotmodelledwarning/index.html (+7ms) 
14:17:15   ├─ /reference/api/compiler/src/type-aliases/modulationport/index.html (+7ms) 
14:17:15   ├─ /reference/api/compiler/src/type-aliases/netlist/index.html (+7ms) 
14:17:15   ├─ /reference/api/compiler/src/type-aliases/netlistbypass/index.html (+7ms) 
14:17:15   ├─ /reference/api/compiler/src/type-aliases/nodeid/index.html (+7ms) 
14:17:15   ├─ /reference/api/compiler/src/type-aliases/nonexecutableclockdriverwarning/index.html (+7ms) 
14:17:15   ├─ /reference/api/compiler/src/type-aliases/nonexecutablesupportshellwarning/index.html (+7ms) 
14:17:15   ├─ /reference/api/compiler/src/type-aliases/nooutputtransformerwarning/index.html (+14ms) 
14:17:15   ├─ /reference/api/compiler/src/type-aliases/notpopulatedwarning/index.html (+7ms) 
14:17:15   ├─ /reference/api/compiler/src/type-aliases/notpopulatedwithoutvaluewarning/index.html (+7ms) 
14:17:15   ├─ /reference/api/compiler/src/type-aliases/opamplawdefaultwarning/index.html (+8ms) 
14:17:15   ├─ /reference/api/compiler/src/type-aliases/openicgapclass/index.html (+6ms) 
14:17:15   ├─ /reference/api/compiler/src/type-aliases/openicreason/index.html (+7ms) 
14:17:15   ├─ /reference/api/compiler/src/type-aliases/operatingpointseed/index.html (+7ms) 
14:17:15   ├─ /reference/api/compiler/src/type-aliases/operatorkind/index.html (+8ms) 
14:17:15   ├─ /reference/api/compiler/src/type-aliases/outputportnottransformercoupledwarning/index.html (+7ms) 
14:17:15   ├─ /reference/api/compiler/src/type-aliases/outputportunreachablewarning/index.html (+14ms) 
14:17:15   ├─ /reference/api/compiler/src/type-aliases/overdrivennodewarning/index.html (+7ms) 
14:17:15   ├─ /reference/api/compiler/src/type-aliases/parameterport/index.html (+7ms) 
14:17:15   ├─ /reference/api/compiler/src/type-aliases/partentry/index.html (+7ms) 
14:17:15   ├─ /reference/api/compiler/src/type-aliases/partidentity/index.html (+7ms) 
14:17:15   ├─ /reference/api/compiler/src/type-aliases/partitioning/index.html (+7ms) 
14:17:15   ├─ /reference/api/compiler/src/type-aliases/partregistry/index.html (+7ms) 
14:17:15   ├─ /reference/api/compiler/src/type-aliases/partsection/index.html (+7ms) 
14:17:15   ├─ /reference/api/compiler/src/type-aliases/ports/index.html (+7ms) 
14:17:15   ├─ /reference/api/compiler/src/type-aliases/powerdomaincontrolwarning/index.html (+15ms) 
14:17:16   ├─ /reference/api/compiler/src/type-aliases/primitiveop/index.html (+7ms) 
14:17:16   ├─ /reference/api/compiler/src/type-aliases/program/index.html (+8ms) 
14:17:16   ├─ /reference/api/compiler/src/type-aliases/programbypass/index.html (+7ms) 
14:17:16   ├─ /reference/api/compiler/src/type-aliases/programbypasskind/index.html (+7ms) 
14:17:16   ├─ /reference/api/compiler/src/type-aliases/railwithoutvoltagewarning/index.html (+7ms) 
14:17:16   ├─ /reference/api/compiler/src/type-aliases/refusedsupply/index.html (+7ms) 
14:17:16   ├─ /reference/api/compiler/src/type-aliases/region/index.html (+7ms) 
14:17:16   ├─ /reference/api/compiler/src/type-aliases/regionkind/index.html (+7ms) 
14:17:16   ├─ /reference/api/compiler/src/type-aliases/resolvedsupply/index.html (+15ms) 
14:17:16   ├─ /reference/api/compiler/src/type-aliases/selectorport/index.html (+8ms) 
14:17:16   ├─ /reference/api/compiler/src/type-aliases/sparseschedule/index.html (+7ms) 
14:17:16   ├─ /reference/api/compiler/src/type-aliases/stamp/index.html (+9ms) 
14:17:16   ├─ /reference/api/compiler/src/type-aliases/stamppartition/index.html (+7ms) 
14:17:16   ├─ /reference/api/compiler/src/type-aliases/supplyaddress/index.html (+7ms) 
14:17:16   ├─ /reference/api/compiler/src/type-aliases/supplyrefusalreason/index.html (+7ms) 
14:17:16   ├─ /reference/api/compiler/src/type-aliases/supplyresolution/index.html (+8ms) 
14:17:16   ├─ /reference/api/compiler/src/type-aliases/supplyshortwarning/index.html (+8ms) 
14:17:16   ├─ /reference/api/compiler/src/type-aliases/taperkind/index.html (+15ms) 
14:17:16   ├─ /reference/api/compiler/src/type-aliases/tapernotexecutablewarning/index.html (+8ms) 
14:17:16   ├─ /reference/api/compiler/src/type-aliases/taplaw/index.html (+7ms) 
14:17:16   ├─ /reference/api/compiler/src/type-aliases/unboundedopampwarning/index.html (+7ms) 
14:17:16   ├─ /reference/api/compiler/src/type-aliases/unconnectedbehaviorcomponentwarning/index.html (+7ms) 
14:17:16   ├─ /reference/api/compiler/src/type-aliases/unexecutedactiveregionwarning/index.html (+7ms) 
14:17:16   ├─ /reference/api/compiler/src/type-aliases/unimplementedcontrolrolewarning/index.html (+7ms) 
14:17:16   ├─ /reference/api/compiler/src/type-aliases/unimplementeddevicelawwarning/index.html (+7ms) 
14:17:16   ├─ /reference/api/compiler/src/type-aliases/unreadableterminalrolewarning/index.html (+7ms) 
14:17:16   ├─ /reference/api/compiler/src/type-aliases/unroutablethrowwarning/index.html (+14ms) 
14:17:16   ├─ /reference/api/compiler/src/type-aliases/unsupportedcomponentwarning/index.html (+7ms) 
14:17:16   ├─ /reference/api/compiler/src/type-aliases/unverifiedpinoutbindingwarning/index.html (+7ms) 
14:17:16   ├─ /reference/api/compiler/src/variables/emptyregistry/index.html (+7ms) 
14:17:16   ├─ /reference/api/compiler/src/variables/gateonlyfetpartids/index.html (+7ms) 
14:17:16   ├─ /reference/api/compiler/src/variables/ground/index.html (+7ms) 
14:17:16   ├─ /reference/api/compiler/src/variables/numeric_repivot_tau/index.html (+6ms) 
14:17:16   ├─ /reference/api/compiler/src/variables/pedalpartcatalog/index.html (+6ms) 
14:17:16   ├─ /reference/api/compiler/src/variables/zenercatalogpartids/index.html (+6ms) 
14:17:16   ├─ /reference/api/control-ui/src/functions/applycontroluimessage/index.html (+17ms) 
14:17:16   ├─ /reference/api/control-ui/src/functions/clampcontrolposition/index.html (+7ms) 
14:17:16   ├─ /reference/api/control-ui/src/functions/concentricknob/index.html (+6ms) 
14:17:16   ├─ /reference/api/control-ui/src/functions/controlframe/index.html (+7ms) 
14:17:16   ├─ /reference/api/control-ui/src/functions/controlmessageforvalue/index.html (+7ms) 
14:17:16   ├─ /reference/api/control-ui/src/functions/controlsurface/index.html (+7ms) 
14:17:16   ├─ /reference/api/control-ui/src/functions/controluithemeprovider/index.html (+8ms) 
14:17:16   ├─ /reference/api/control-ui/src/functions/controlvalueforid/index.html (+7ms) 
14:17:16   ├─ /reference/api/control-ui/src/functions/createcontrolsurfacerenderplan/index.html (+7ms) 
14:17:16   ├─ /reference/api/control-ui/src/functions/createcontroluistate/index.html (+14ms) 
14:17:16   ├─ /reference/api/control-ui/src/functions/detentedrotaryselect/index.html (+7ms) 
14:17:16   ├─ /reference/api/control-ui/src/functions/findpanelcontrol/index.html (+6ms) 
14:17:16   ├─ /reference/api/control-ui/src/functions/footswitchbutton/index.html (+7ms) 
14:17:16   ├─ /reference/api/control-ui/src/functions/formatcontrolvalue/index.html (+7ms) 
14:17:16   ├─ /reference/api/control-ui/src/functions/graphiceqslider/index.html (+7ms) 
14:17:16   ├─ /reference/api/control-ui/src/functions/jackindicator/index.html (+6ms) 
14:17:16   ├─ /reference/api/control-ui/src/functions/knobcontrol/index.html (+7ms) 
14:17:16   ├─ /reference/api/control-ui/src/functions/ledindicator/index.html (+8ms) 
14:17:16   ├─ /reference/api/control-ui/src/functions/normalizeswitchposition/index.html (+10ms) 
14:17:16   ├─ /reference/api/control-ui/src/functions/resolvecontrolappearance/index.html (+10ms) 
14:17:16   ├─ /reference/api/control-ui/src/functions/snapcontrolposition/index.html (+10ms) 
14:17:16   ├─ /reference/api/control-ui/src/functions/switchselectcontrol/index.html (+10ms) 
14:17:16   ├─ /reference/api/control-ui/src/functions/themetocssvariables/index.html (+10ms) 
14:17:16   ├─ /reference/api/control-ui/src/functions/toggleswitchcontrol/index.html (+33ms) 
14:17:16   ├─ /reference/api/control-ui/src/functions/usecontrolstate/index.html (+8ms) 
14:17:16   ├─ /reference/api/control-ui/src/functions/usecontroluitheme/index.html (+7ms) 
14:17:16   ├─ /reference/api/control-ui/src/functions/valueforcontrol/index.html (+7ms) 
14:17:16   ├─ /reference/api/control-ui/src/functions/valueposition/index.html (+7ms) 
14:17:16   ├─ /reference/api/control-ui/src/type-aliases/concentricknobprops/index.html (+7ms) 
14:17:16   ├─ /reference/api/control-ui/src/type-aliases/controlappearance/index.html (+7ms) 
14:17:16   ├─ /reference/api/control-ui/src/type-aliases/controlappearancemap/index.html (+6ms) 
14:17:16   ├─ /reference/api/control-ui/src/type-aliases/controlframeclassnames/index.html (+7ms) 
14:17:16   ├─ /reference/api/control-ui/src/type-aliases/controlframeprops/index.html (+6ms) 
14:17:16   ├─ /reference/api/control-ui/src/type-aliases/controlsurfaceclassnames/index.html (+8ms) 
14:17:16   ├─ /reference/api/control-ui/src/type-aliases/controlsurfaceprops/index.html (+13ms) 
14:17:16   ├─ /reference/api/control-ui/src/type-aliases/controlsurfacerenderitem/index.html (+8ms) 
14:17:16   ├─ /reference/api/control-ui/src/type-aliases/controlsurfacerenderplanoptions/index.html (+7ms) 
14:17:16   ├─ /reference/api/control-ui/src/type-aliases/controluicontrolref/index.html (+7ms) 
14:17:16   ├─ /reference/api/control-ui/src/type-aliases/controluitheme/index.html (+7ms) 
14:17:16   ├─ /reference/api/control-ui/src/type-aliases/controluithemeproviderprops/index.html (+7ms) 
14:17:16   ├─ /reference/api/control-ui/src/type-aliases/detentedrotaryselectprops/index.html (+7ms) 
14:17:16   ├─ /reference/api/control-ui/src/type-aliases/footswitchbuttonprops/index.html (+7ms) 
14:17:16   ├─ /reference/api/control-ui/src/type-aliases/graphiceqsliderprops/index.html (+7ms) 
14:17:16   ├─ /reference/api/control-ui/src/type-aliases/jackindicatorprops/index.html (+17ms) 
14:17:16   ├─ /reference/api/control-ui/src/type-aliases/knobcontrolprops/index.html (+7ms) 
14:17:16   ├─ /reference/api/control-ui/src/type-aliases/ledindicatorprops/index.html (+6ms) 
14:17:16   ├─ /reference/api/control-ui/src/type-aliases/switchselectcontrolprops/index.html (+7ms) 
14:17:16   ├─ /reference/api/control-ui/src/type-aliases/toggleswitchcontrolprops/index.html (+7ms) 
14:17:16   ├─ /reference/api/control-ui/src/type-aliases/usecontrolstateoptions/index.html (+7ms) 
14:17:16   ├─ /reference/api/control-ui/src/type-aliases/usecontrolstateresult/index.html (+7ms) 
14:17:16   ├─ /reference/api/core/src/functions/applycontrolmessage/index.html (+7ms) 
14:17:16   ├─ /reference/api/core/src/functions/applydocumentcommand/index.html (+7ms) 
14:17:16   ├─ /reference/api/core/src/functions/applyeditorcommand/index.html (+15ms) 
14:17:16   ├─ /reference/api/core/src/functions/buildcomponent/index.html (+8ms) 
14:17:16   ├─ /reference/api/core/src/functions/buildrenderablewires/index.html (+7ms) 
14:17:16   ├─ /reference/api/core/src/functions/canredo/index.html (+7ms) 
14:17:16   ├─ /reference/api/core/src/functions/canundo/index.html (+7ms) 
14:17:16   ├─ /reference/api/core/src/functions/classifydeviceterminalrole/index.html (+7ms) 
14:17:16   ├─ /reference/api/core/src/functions/classifypolarity/index.html (+7ms) 
14:17:16   ├─ /reference/api/core/src/functions/classifypotentiometerterminalrole/index.html (+7ms) 
14:17:16   ├─ /reference/api/core/src/functions/classifytaper/index.html (+8ms) 
14:17:16   ├─ /reference/api/core/src/functions/collectpolarityissues/index.html (+17ms) 
14:17:16   ├─ /reference/api/core/src/functions/collectports/index.html (+8ms) 
14:17:16   ├─ /reference/api/core/src/functions/collecttaperissues/index.html (+7ms) 
14:17:16   ├─ /reference/api/core/src/functions/collectterminalrolewarnings/index.html (+7ms) 
14:17:16   ├─ /reference/api/core/src/functions/colorforkind/index.html (+7ms) 
14:17:16   ├─ /reference/api/core/src/functions/componentdevices/index.html (+7ms) 
14:17:16   ├─ /reference/api/core/src/functions/computecomponentbox/index.html (+7ms) 
14:17:16   ├─ /reference/api/core/src/functions/computedocumentbounds/index.html (+7ms) 
14:17:16   ├─ /reference/api/core/src/functions/computelabeltextboxlayout/index.html (+7ms) 
14:17:16   ├─ /reference/api/core/src/functions/convertcircuitdocumentfile/index.html (+14ms) 
14:17:16   ├─ /reference/api/core/src/functions/convertcircuitdocumentfilewithreport/index.html (+8ms) 
14:17:16   ├─ /reference/api/core/src/functions/createeditorstate/index.html (+7ms) 
14:17:16   ├─ /reference/api/core/src/functions/createsourceruntimeboundaryrule/index.html (+7ms) 
14:17:16   ├─ /reference/api/core/src/functions/defaultcontrolstate/index.html (+7ms) 
14:17:16   ├─ /reference/api/core/src/functions/detectcircuitdocumentfileformat/index.html (+7ms) 
14:17:16   ├─ /reference/api/core/src/functions/detectcircuitformat/index.html (+7ms) 
14:17:16   ├─ /reference/api/core/src/functions/deviceterminalroles/index.html (+7ms) 
14:17:16   ├─ /reference/api/core/src/functions/extractdeviceinterface/index.html (+7ms) 
14:17:16   ├─ /reference/api/core/src/functions/extractpanel/index.html (+14ms) 
14:17:16   ├─ /reference/api/core/src/functions/findchaincorners/index.html (+7ms) 
14:17:16   ├─ /reference/api/core/src/functions/findhangingendpoints/index.html (+7ms) 
14:17:16   ├─ /reference/api/core/src/functions/findjunctions/index.html (+7ms) 
14:17:16   ├─ /reference/api/core/src/functions/findnearestport/index.html (+7ms) 
14:17:16   ├─ /reference/api/core/src/functions/findnearestwirebodyhit/index.html (+7ms) 
14:17:16   ├─ /reference/api/core/src/functions/findsnap/index.html (+7ms) 
14:17:16   ├─ /reference/api/core/src/functions/findwirechain/index.html (+8ms) 
14:17:16   ├─ /reference/api/core/src/functions/getpinnode/index.html (+8ms) 
14:17:16   ├─ /reference/api/core/src/functions/getrulesforkind/index.html (+15ms) 
14:17:17   ├─ /reference/api/core/src/functions/getspiceletter/index.html (+8ms) 
14:17:17   ├─ /reference/api/core/src/functions/getspicenodeorder/index.html (+7ms) 
14:17:17   ├─ /reference/api/core/src/functions/haserrors/index.html (+7ms) 
14:17:17   ├─ /reference/api/core/src/functions/isknob/index.html (+7ms) 
14:17:17   ├─ /reference/api/core/src/functions/isknobpositiononstep/index.html (+6ms) 
14:17:17   ├─ /reference/api/core/src/functions/isled/index.html (+7ms) 
14:17:17   ├─ /reference/api/core/src/functions/islegalterminalrole/index.html (+7ms) 
14:17:17   ├─ /reference/api/core/src/functions/isparsedquantity/index.html (+7ms) 
14:17:17   ├─ /reference/api/core/src/functions/ispropertyobject/index.html (+14ms) 
14:17:17   ├─ /reference/api/core/src/functions/isroleddevicekind/index.html (+7ms) 
14:17:17   ├─ /reference/api/core/src/functions/isslider/index.html (+6ms) 
14:17:17   ├─ /reference/api/core/src/functions/isswitch/index.html (+7ms) 
14:17:17   ├─ /reference/api/core/src/functions/isvdspfilename/index.html (+7ms) 
14:17:17   ├─ /reference/api/core/src/functions/kindforspiceletter/index.html (+6ms) 
14:17:17   ├─ /reference/api/core/src/functions/knobstepsize/index.html (+6ms) 
14:17:17   ├─ /reference/api/core/src/functions/movepanelelement/index.html (+7ms) 
14:17:17   ├─ /reference/api/core/src/functions/nearestknobstep/index.html (+7ms) 
14:17:17   ├─ /reference/api/core/src/functions/orthogonalpath/index.html (+15ms) 
14:17:17   ├─ /reference/api/core/src/functions/parsecircuitdocument/index.html (+7ms) 
14:17:17   ├─ /reference/api/core/src/functions/parsecircuitdocumentfile/index.html (+7ms) 
14:17:17   ├─ /reference/api/core/src/functions/parsecircuitjsondocument/index.html (+6ms) 
14:17:17   ├─ /reference/api/core/src/functions/parseinterchangeyaml/index.html (+6ms) 
14:17:17   ├─ /reference/api/core/src/functions/parseinterchangeyamlwithtopology/index.html (+6ms) 
14:17:17   ├─ /reference/api/core/src/functions/parseltspiceasc/index.html (+6ms) 
14:17:17   ├─ /reference/api/core/src/functions/parsequantity/index.html (+6ms) 
14:17:17   ├─ /reference/api/core/src/functions/parseschx/index.html (+6ms) 
14:17:17   ├─ /reference/api/core/src/functions/parsespicenetlist/index.html (+13ms) 
14:17:17   ├─ /reference/api/core/src/functions/parsevdspcircuitdocument/index.html (+7ms) 
14:17:17   ├─ /reference/api/core/src/functions/parsevdspcircuitdocumentwithtopology/index.html (+7ms) 
14:17:17   ├─ /reference/api/core/src/functions/pinkey/index.html (+7ms) 
14:17:17   ├─ /reference/api/core/src/functions/pointstosvg/index.html (+7ms) 
14:17:17   ├─ /reference/api/core/src/functions/propertybooleanvalue/index.html (+7ms) 
14:17:17   ├─ /reference/api/core/src/functions/propertynumericvalue/index.html (+7ms) 
14:17:17   ├─ /reference/api/core/src/functions/propertyquantityvalue/index.html (+7ms) 
14:17:17   ├─ /reference/api/core/src/functions/propertystringvalue/index.html (+6ms) 
14:17:17   ├─ /reference/api/core/src/functions/propertyvalueforsourceattribute/index.html (+15ms) 
14:17:17   ├─ /reference/api/core/src/functions/reseteditorstate/index.html (+7ms) 
14:17:17   ├─ /reference/api/core/src/functions/resolvecomponentterminalroles/index.html (+7ms) 
14:17:17   ├─ /reference/api/core/src/functions/resolveconnectivity/index.html (+7ms) 
14:17:17   ├─ /reference/api/core/src/functions/resolvedocumentpotentiometerterminalroles/index.html (+7ms) 
14:17:17   ├─ /reference/api/core/src/functions/resolvepotentiometerterminalroles/index.html (+6ms) 
14:17:17   ├─ /reference/api/core/src/functions/serializecircuitdocumentfile/index.html (+7ms) 
14:17:17   ├─ /reference/api/core/src/functions/serializecircuitjsondocument/index.html (+7ms) 
14:17:17   ├─ /reference/api/core/src/functions/serializeinterchangeyaml/index.html (+7ms) 
14:17:17   ├─ /reference/api/core/src/functions/serializeltspiceasc/index.html (+14ms) 
14:17:17   ├─ /reference/api/core/src/functions/serializeschx/index.html (+7ms) 
14:17:17   ├─ /reference/api/core/src/functions/serializespicenetlist/index.html (+7ms) 
14:17:17   ├─ /reference/api/core/src/functions/serializevdspcircuitdocument/index.html (+7ms) 
14:17:17   ├─ /reference/api/core/src/functions/shouldrenderlabeltextbox/index.html (+7ms) 
14:17:17   ├─ /reference/api/core/src/functions/snapknobposition/index.html (+7ms) 
14:17:17   ├─ /reference/api/core/src/functions/symbolfor/index.html (+7ms) 
14:17:17   ├─ /reference/api/core/src/functions/terminalrolesfor/index.html (+6ms) 
14:17:17   ├─ /reference/api/core/src/functions/tidydocumentlayout/index.html (+7ms) 
14:17:17   ├─ /reference/api/core/src/functions/tonetlistview/index.html (+15ms) 
14:17:17   ├─ /reference/api/core/src/functions/traceconnectivitycompleteness/index.html (+7ms) 
14:17:17   ├─ /reference/api/core/src/functions/validateampprofile/index.html (+6ms) 
14:17:17   ├─ /reference/api/core/src/functions/validateaudiotopologywarnings/index.html (+7ms) 
14:17:17   ├─ /reference/api/core/src/functions/validatecabinetprofile/index.html (+6ms) 
14:17:17   ├─ /reference/api/core/src/functions/validatecircuitjsondocument/index.html (+7ms) 
14:17:17   ├─ /reference/api/core/src/functions/validatecomponent/index.html (+7ms) 
14:17:17   ├─ /reference/api/core/src/functions/validatecomponentdevices/index.html (+7ms) 
14:17:17   ├─ /reference/api/core/src/functions/validatecomponentwindings/index.html (+7ms) 
14:17:17   ├─ /reference/api/core/src/functions/validatedocument/index.html (+15ms) 
14:17:17   ├─ /reference/api/core/src/functions/validatemessage/index.html (+7ms) 
14:17:17   ├─ /reference/api/core/src/functions/validatepreferredvalues/index.html (+6ms) 
14:17:17   ├─ /reference/api/core/src/functions/validaterccornerheuristic/index.html (+7ms) 
14:17:17   ├─ /reference/api/core/src/functions/validatesourceruntimeboundary/index.html (+7ms) 
14:17:17   ├─ /reference/api/core/src/functions/validatetraceplausibility/index.html (+6ms) 
14:17:17   ├─ /reference/api/core/src/functions/validatetracestructure/index.html (+7ms) 
14:17:17   ├─ /reference/api/core/src/functions/validatevdspcircuitdocumentschema/index.html (+7ms) 
14:17:17   ├─ /reference/api/core/src/functions/vdspfilenamefromname/index.html (+7ms) 
14:17:17   ├─ /reference/api/core/src/functions/viewboxstring/index.html (+14ms) 
14:17:17   ├─ /reference/api/core/src/functions/windingendsandtaps/index.html (+7ms) 
14:17:17   ├─ /reference/api/core/src/functions/windingimpedanceacross/index.html (+7ms) 
14:17:17   ├─ /reference/api/core/src/functions/windingofterminal/index.html (+7ms) 
14:17:17   ├─ /reference/api/core/src/type-aliases/ampappearanceprofile/index.html (+7ms) 
14:17:17   ├─ /reference/api/core/src/type-aliases/ampcontrolkind/index.html (+7ms) 
14:17:17   ├─ /reference/api/core/src/type-aliases/ampcontrolpanelprofile/index.html (+6ms) 
14:17:17   ├─ /reference/api/core/src/type-aliases/ampcontrolprofile/index.html (+7ms) 
14:17:17   ├─ /reference/api/core/src/type-aliases/ampdimensions/index.html (+6ms) 
14:17:17   ├─ /reference/api/core/src/type-aliases/ampprofile/index.html (+14ms) 
14:17:17   ├─ /reference/api/core/src/type-aliases/ampprofilevalidation/index.html (+7ms) 
14:17:17   ├─ /reference/api/core/src/type-aliases/anycircuitelement/index.html (+7ms) 
14:17:17   ├─ /reference/api/core/src/type-aliases/anycircuitelementinput/index.html (+6ms) 
14:17:17   ├─ /reference/api/core/src/type-aliases/boardapplicability/index.html (+6ms) 
14:17:17   ├─ /reference/api/core/src/type-aliases/boardedgeterminal/index.html (+6ms) 
14:17:17   ├─ /reference/api/core/src/type-aliases/boardfamily/index.html (+6ms) 
14:17:17   ├─ /reference/api/core/src/type-aliases/boardfootprint/index.html (+7ms) 
14:17:17   ├─ /reference/api/core/src/type-aliases/boardfootprintcatalog/index.html (+7ms) 
14:17:17   ├─ /reference/api/core/src/type-aliases/boardfootprintplacement/index.html (+15ms) 
14:17:17   ├─ /reference/api/core/src/type-aliases/boardhole/index.html (+7ms) 
14:17:17   ├─ /reference/api/core/src/type-aliases/boardkind/index.html (+7ms) 
14:17:17   ├─ /reference/api/core/src/type-aliases/boardnet/index.html (+7ms) 
14:17:17   ├─ /reference/api/core/src/type-aliases/boardnetlist/index.html (+7ms) 
14:17:17   ├─ /reference/api/core/src/type-aliases/boardnetmember/index.html (+7ms) 
14:17:17   ├─ /reference/api/core/src/type-aliases/boardnetref/index.html (+8ms) 
14:17:17   ├─ /reference/api/core/src/type-aliases/boardplacedpad/index.html (+7ms) 
14:17:17   ├─ /reference/api/core/src/type-aliases/boardrealization/index.html (+7ms) 
14:17:17   ├─ /reference/api/core/src/type-aliases/boardreview/index.html (+15ms) 
14:17:17   ├─ /reference/api/core/src/type-aliases/boardroute/index.html (+7ms) 
14:17:17   ├─ /reference/api/core/src/type-aliases/boardsourcecircuithash/index.html (+6ms) 
14:17:17   ├─ /reference/api/core/src/type-aliases/boardsubtype/index.html (+6ms) 
14:17:17   ├─ /reference/api/core/src/type-aliases/bounds/index.html (+6ms) 
14:17:17   ├─ /reference/api/core/src/type-aliases/buildbom/index.html (+6ms) 
14:17:17   ├─ /reference/api/core/src/type-aliases/buildbomitem/index.html (+7ms) 
14:17:17   ├─ /reference/api/core/src/type-aliases/buildbomref/index.html (+7ms) 
14:17:17   ├─ /reference/api/core/src/type-aliases/buildbomrefkind/index.html (+7ms) 
14:17:17   ├─ /reference/api/core/src/type-aliases/buildcompleteness/index.html (+14ms) 
14:17:17   ├─ /reference/api/core/src/type-aliases/buildintent/index.html (+7ms) 
14:17:17   ├─ /reference/api/core/src/type-aliases/buildpartprofile/index.html (+6ms) 
14:17:17   ├─ /reference/api/core/src/type-aliases/buildpartprofilecatalog/index.html (+6ms) 
14:17:17   ├─ /reference/api/core/src/type-aliases/buildscope/index.html (+6ms) 
14:17:17   ├─ /reference/api/core/src/type-aliases/cabinetappearanceprofile/index.html (+6ms) 
14:17:17   ├─ /reference/api/core/src/type-aliases/cabinetdimensions/index.html (+7ms) 
14:17:17   ├─ /reference/api/core/src/type-aliases/cabinetdimensionsm/index.html (+7ms) 
14:17:17   ├─ /reference/api/core/src/type-aliases/cabinetdriverloadout/index.html (+7ms) 
14:17:17   ├─ /reference/api/core/src/type-aliases/cabinetenclosure/index.html (+15ms) 
14:17:17   ├─ /reference/api/core/src/type-aliases/cabinetenclosureprofile/index.html (+7ms) 
14:17:17   ├─ /reference/api/core/src/type-aliases/cabinetenclosuretype/index.html (+7ms) 
14:17:17   ├─ /reference/api/core/src/type-aliases/cabinetport/index.html (+7ms) 
14:17:17   ├─ /reference/api/core/src/type-aliases/cabinetprofile/index.html (+7ms) 
14:17:17   ├─ /reference/api/core/src/type-aliases/cabinetprofilevalidation/index.html (+7ms) 
14:17:17   ├─ /reference/api/core/src/type-aliases/canonicalcircuitnetref/index.html (+6ms) 
14:17:17   ├─ /reference/api/core/src/type-aliases/circuitaudioportref/index.html (+6ms) 
14:17:17   ├─ /reference/api/core/src/type-aliases/circuitaudioports/index.html (+6ms) 
14:17:17   ├─ /reference/api/core/src/type-aliases/circuitdocument/index.html (+15ms) 
14:17:17   ├─ /reference/api/core/src/type-aliases/circuitdocumentbehaviorfirmwareartifacttype/index.html (+7ms) 
14:17:17   ├─ /reference/api/core/src/type-aliases/circuitdocumentbehaviorfirmwareowner/index.html (+7ms) 
14:17:17   ├─ /reference/api/core/src/type-aliases/circuitdocumentbehaviorfirmwareref/index.html (+8ms) 
14:17:17   ├─ /reference/api/core/src/type-aliases/circuitdocumentbehaviorfirmwaresourcevisibility/index.html (+7ms) 
14:17:17   ├─ /reference/api/core/src/type-aliases/circuitdocumentbehaviorfirmwarestatus/index.html (+6ms) 
14:17:18   ├─ /reference/api/core/src/type-aliases/circuitdocumentbehaviorrole/index.html (+6ms) 
14:17:18   ├─ /reference/api/core/src/type-aliases/circuitdocumentbehaviorrolekind/index.html (+7ms) 
14:17:18   ├─ /reference/api/core/src/type-aliases/circuitdocumentconversiondiagnostic/index.html (+6ms) 
14:17:18   ├─ /reference/api/core/src/type-aliases/circuitdocumentconversionlosspolicy/index.html (+14ms) 
14:17:18   ├─ /reference/api/core/src/type-aliases/circuitdocumentdevice/index.html (+7ms) 
14:17:18   ├─ /reference/api/core/src/type-aliases/circuitdocumentdevicekind/index.html (+6ms) 
14:17:18   ├─ /reference/api/core/src/type-aliases/circuitdocumentfileconversionreport/index.html (+6ms) 
14:17:18   ├─ /reference/api/core/src/type-aliases/circuitdocumentfileformat/index.html (+6ms) 
14:17:18   ├─ /reference/api/core/src/type-aliases/circuitformat/index.html (+7ms) 
14:17:18   ├─ /reference/api/core/src/type-aliases/circuitinterchangeschema/index.html (+8ms) 
14:17:18   ├─ /reference/api/core/src/type-aliases/circuitjson/index.html (+7ms) 
14:17:18   ├─ /reference/api/core/src/type-aliases/circuitjsonelement/index.html (+7ms) 
14:17:18   ├─ /reference/api/core/src/type-aliases/circuitjsonexport/index.html (+13ms) 
14:17:18   ├─ /reference/api/core/src/type-aliases/circuitjsonexportoptions/index.html (+7ms) 
14:17:18   ├─ /reference/api/core/src/type-aliases/circuitjsonexporttarget/index.html (+7ms) 
14:17:18   ├─ /reference/api/core/src/type-aliases/circuitjsonschemavalidationissue/index.html (+7ms) 
14:17:18   ├─ /reference/api/core/src/type-aliases/circuitjsonschemavalidationresult/index.html (+6ms) 
14:17:18   ├─ /reference/api/core/src/type-aliases/circuitjsonsourcecomponent/index.html (+6ms) 
14:17:18   ├─ /reference/api/core/src/type-aliases/circuitjsonsourcenet/index.html (+6ms) 
14:17:18   ├─ /reference/api/core/src/type-aliases/circuitjsonsourceport/index.html (+7ms) 
14:17:18   ├─ /reference/api/core/src/type-aliases/circuitjsonsourcetrace/index.html (+7ms) 
14:17:18   ├─ /reference/api/core/src/type-aliases/circuitpower/index.html (+14ms) 
14:17:18   ├─ /reference/api/core/src/type-aliases/circuitpowercoverage/index.html (+7ms) 
14:17:18   ├─ /reference/api/core/src/type-aliases/circuitpowerdomain/index.html (+7ms) 
14:17:18   ├─ /reference/api/core/src/type-aliases/circuitpowergroundpolarity/index.html (+7ms) 
14:17:18   ├─ /reference/api/core/src/type-aliases/circuitpowerrailbinding/index.html (+6ms) 
14:17:18   ├─ /reference/api/core/src/type-aliases/circuitpowerrailderivation/index.html (+6ms) 
14:17:18   ├─ /reference/api/core/src/type-aliases/circuitpowerrailrole/index.html (+6ms) 
14:17:18   ├─ /reference/api/core/src/type-aliases/circuitpowersourcekind/index.html (+7ms) 
14:17:18   ├─ /reference/api/core/src/type-aliases/component/index.html (+7ms) 
14:17:18   ├─ /reference/api/core/src/type-aliases/componentcontroller/index.html (+15ms) 
14:17:18   ├─ /reference/api/core/src/type-aliases/componentdevice/index.html (+7ms) 
14:17:18   ├─ /reference/api/core/src/type-aliases/componentkind/index.html (+7ms) 
14:17:18   ├─ /reference/api/core/src/type-aliases/componentprogram/index.html (+7ms) 
14:17:18   ├─ /reference/api/core/src/type-aliases/componentterminalref/index.html (+7ms) 
14:17:18   ├─ /reference/api/core/src/type-aliases/componentwinding/index.html (+7ms) 
14:17:18   ├─ /reference/api/core/src/type-aliases/connectivity/index.html (+7ms) 
14:17:18   ├─ /reference/api/core/src/type-aliases/controlapplicabilitypredicate/index.html (+7ms) 
14:17:18   ├─ /reference/api/core/src/type-aliases/controlcontext/index.html (+7ms) 
14:17:18   ├─ /reference/api/core/src/type-aliases/controlgroup/index.html (+13ms) 
14:17:18   ├─ /reference/api/core/src/type-aliases/controlgroupmember/index.html (+7ms) 
14:17:18   ├─ /reference/api/core/src/type-aliases/controlinterface/index.html (+7ms) 
14:17:18   ├─ /reference/api/core/src/type-aliases/controlinterfaceassignmenthint/index.html (+6ms) 
14:17:18   ├─ /reference/api/core/src/type-aliases/controlinterfacebinding/index.html (+7ms) 
14:17:18   ├─ /reference/api/core/src/type-aliases/controlinterfaceconnector/index.html (+6ms) 
14:17:18   ├─ /reference/api/core/src/type-aliases/controlinterfacepolarity/index.html (+6ms) 
14:17:18   ├─ /reference/api/core/src/type-aliases/controlinterfacerole/index.html (+6ms) 
14:17:18   ├─ /reference/api/core/src/type-aliases/controllerlatch/index.html (+6ms) 
14:17:18   ├─ /reference/api/core/src/type-aliases/controllerpin/index.html (+14ms) 
14:17:18   ├─ /reference/api/core/src/type-aliases/controllerpinpositions/index.html (+7ms) 
14:17:18   ├─ /reference/api/core/src/type-aliases/controloutput/index.html (+7ms) 
14:17:18   ├─ /reference/api/core/src/type-aliases/controloutputswitchmode/index.html (+7ms) 
14:17:18   ├─ /reference/api/core/src/type-aliases/controlrole/index.html (+7ms) 
14:17:18   ├─ /reference/api/core/src/type-aliases/controlstate/index.html (+6ms) 
14:17:18   ├─ /reference/api/core/src/type-aliases/controlvalue/index.html (+6ms) 
14:17:18   ├─ /reference/api/core/src/type-aliases/convertcircuitdocumentfileoptions/index.html (+6ms) 
14:17:18   ├─ /reference/api/core/src/type-aliases/convertcircuitdocumentfilewithreportoptions/index.html (+7ms) 
14:17:18   ├─ /reference/api/core/src/type-aliases/createcomponentargs/index.html (+14ms) 
14:17:18   ├─ /reference/api/core/src/type-aliases/deviceinterface/index.html (+7ms) 
14:17:18   ├─ /reference/api/core/src/type-aliases/deviceinterfaceaudiobinding/index.html (+6ms) 
14:17:18   ├─ /reference/api/core/src/type-aliases/deviceinterfacebinding/index.html (+6ms) 
14:17:18   ├─ /reference/api/core/src/type-aliases/deviceinterfacecontrol/index.html (+6ms) 
14:17:18   ├─ /reference/api/core/src/type-aliases/deviceinterfacecontrolkind/index.html (+7ms) 
14:17:18   ├─ /reference/api/core/src/type-aliases/deviceinterfaceprovenance/index.html (+7ms) 
14:17:18   ├─ /reference/api/core/src/type-aliases/devicepolarity/index.html (+7ms) 
14:17:18   ├─ /reference/api/core/src/type-aliases/deviceterminalrole/index.html (+7ms) 
14:17:18   ├─ /reference/api/core/src/type-aliases/deviceterminalroleverdict/index.html (+14ms) 
14:17:18   ├─ /reference/api/core/src/type-aliases/devicevalidationissue/index.html (+7ms) 
14:17:18   ├─ /reference/api/core/src/type-aliases/displaybuskind/index.html (+7ms) 
14:17:18   ├─ /reference/api/core/src/type-aliases/displaygrid/index.html (+7ms) 
14:17:18   ├─ /reference/api/core/src/type-aliases/displayindicator/index.html (+7ms) 
14:17:18   ├─ /reference/api/core/src/type-aliases/displaykind/index.html (+6ms) 
14:17:18   ├─ /reference/api/core/src/type-aliases/documentampappearance/index.html (+6ms) 
14:17:18   ├─ /reference/api/core/src/type-aliases/documentappearance/index.html (+6ms) 
14:17:18   ├─ /reference/api/core/src/type-aliases/documentappearancelabel/index.html (+6ms) 
14:17:18   ├─ /reference/api/core/src/type-aliases/documentappearancematerial/index.html (+9ms) 
14:17:18   ├─ /reference/api/core/src/type-aliases/documentcommand/index.html (+14ms) 
14:17:18   ├─ /reference/api/core/src/type-aliases/documentmetadata/index.html (+14ms) 
14:17:18   ├─ /reference/api/core/src/type-aliases/documentsource/index.html (+31ms) 
14:17:18   ├─ /reference/api/core/src/type-aliases/documentstompboxappearance/index.html (+8ms) 
14:17:18   ├─ /reference/api/core/src/type-aliases/documentvalidationcontext/index.html (+7ms) 
14:17:18   ├─ /reference/api/core/src/type-aliases/documentvalidationrule/index.html (+7ms) 
14:17:18   ├─ /reference/api/core/src/type-aliases/editorcommand/index.html (+7ms) 
14:17:18   ├─ /reference/api/core/src/type-aliases/editorstate/index.html (+7ms) 
14:17:18   ├─ /reference/api/core/src/type-aliases/externalcontrolassignmenthint/index.html (+9ms) 
14:17:18   ├─ /reference/api/core/src/type-aliases/extractedcontrolgroupmembership/index.html (+7ms) 
14:17:18   ├─ /reference/api/core/src/type-aliases/extracteddeviceinterface/index.html (+7ms) 
14:17:18   ├─ /reference/api/core/src/type-aliases/extracteddeviceinterfacecontrol/index.html (+7ms) 
14:17:18   ├─ /reference/api/core/src/type-aliases/hangingendpoint/index.html (+7ms) 
14:17:18   ├─ /reference/api/core/src/type-aliases/interchangesourceformat/index.html (+13ms) 
14:17:18   ├─ /reference/api/core/src/type-aliases/interchangetopologyparseresult/index.html (+7ms) 
14:17:18   ├─ /reference/api/core/src/type-aliases/jackaudiorole/index.html (+7ms) 
14:17:18   ├─ /reference/api/core/src/type-aliases/jackport/index.html (+7ms) 
14:17:18   ├─ /reference/api/core/src/type-aliases/jackrole/index.html (+7ms) 
14:17:18   ├─ /reference/api/core/src/type-aliases/knob/index.html (+7ms) 
14:17:18   ├─ /reference/api/core/src/type-aliases/knobcontrolmode/index.html (+7ms) 
14:17:18   ├─ /reference/api/core/src/type-aliases/knobstep/index.html (+7ms) 
14:17:18   ├─ /reference/api/core/src/type-aliases/knobtaper/index.html (+8ms) 
14:17:18   ├─ /reference/api/core/src/type-aliases/knobvalue/index.html (+16ms) 
14:17:18   ├─ /reference/api/core/src/type-aliases/knownphysicalprofile/index.html (+7ms) 
14:17:18   ├─ /reference/api/core/src/type-aliases/ledindicator/index.html (+7ms) 
14:17:18   ├─ /reference/api/core/src/type-aliases/ledvalue/index.html (+7ms) 
14:17:18   ├─ /reference/api/core/src/type-aliases/mechanicalbuildmetadata/index.html (+7ms) 
14:17:18   ├─ /reference/api/core/src/type-aliases/microphoneacousticcoupling/index.html (+6ms) 
14:17:18   ├─ /reference/api/core/src/type-aliases/microphoneelectrical/index.html (+7ms) 
14:17:18   ├─ /reference/api/core/src/type-aliases/microphonetransducer/index.html (+7ms) 
14:17:18   ├─ /reference/api/core/src/type-aliases/microphonetransducerprinciple/index.html (+6ms) 
14:17:18   ├─ /reference/api/core/src/type-aliases/microphonetransducerprofile/index.html (+13ms) 
14:17:18   ├─ /reference/api/core/src/type-aliases/millimeterrect/index.html (+7ms) 
14:17:18   ├─ /reference/api/core/src/type-aliases/movepanelelementoptions/index.html (+7ms) 
14:17:18   ├─ /reference/api/core/src/type-aliases/netlistcomponent/index.html (+7ms) 
14:17:18   ├─ /reference/api/core/src/type-aliases/netlistview/index.html (+7ms) 
14:17:18   ├─ /reference/api/core/src/type-aliases/nodeid/index.html (+7ms) 
14:17:18   ├─ /reference/api/core/src/type-aliases/offboardsignalref/index.html (+7ms) 
14:17:18   ├─ /reference/api/core/src/type-aliases/offboardwireattributes/index.html (+7ms) 
14:17:18   ├─ /reference/api/core/src/type-aliases/offboardwiringconnection/index.html (+7ms) 
14:17:18   ├─ /reference/api/core/src/type-aliases/offboardwiringcoverage/index.html (+14ms) 
14:17:18   ├─ /reference/api/core/src/type-aliases/offboardwiringendpoint/index.html (+8ms) 
14:17:18   ├─ /reference/api/core/src/type-aliases/offboardwiringendpointkind/index.html (+7ms) 
14:17:18   ├─ /reference/api/core/src/type-aliases/offboardwiringharness/index.html (+7ms) 
14:17:18   ├─ /reference/api/core/src/type-aliases/offboardwiringharnessstatus/index.html (+7ms) 
14:17:18   ├─ /reference/api/core/src/type-aliases/offboardwiringplan/index.html (+7ms) 
14:17:18   ├─ /reference/api/core/src/type-aliases/panel/index.html (+7ms) 
14:17:18   ├─ /reference/api/core/src/type-aliases/panelcolumnorder/index.html (+7ms) 
14:17:18   ├─ /reference/api/core/src/type-aliases/panelcontrolkind/index.html (+6ms) 
14:17:18   ├─ /reference/api/core/src/type-aliases/panelcontrolplacement/index.html (+13ms) 
14:17:18   ├─ /reference/api/core/src/type-aliases/panelelementbinding/index.html (+7ms) 
14:17:19   ├─ /reference/api/core/src/type-aliases/panelelementphysicalplacement/index.html (+6ms) 
14:17:19   ├─ /reference/api/core/src/type-aliases/panelelementplacement/index.html (+6ms) 
14:17:19   ├─ /reference/api/core/src/type-aliases/panelface/index.html (+6ms) 
14:17:19   ├─ /reference/api/core/src/type-aliases/panelfacegeometry/index.html (+6ms) 
14:17:19   ├─ /reference/api/core/src/type-aliases/panelgridindexing/index.html (+7ms) 
14:17:19   ├─ /reference/api/core/src/type-aliases/panelgridlayout/index.html (+6ms) 
14:17:19   ├─ /reference/api/core/src/type-aliases/panelgridposition/index.html (+7ms) 
14:17:19   ├─ /reference/api/core/src/type-aliases/panelmessage/index.html (+13ms) 
14:17:19   ├─ /reference/api/core/src/type-aliases/panelplacementmetadata/index.html (+7ms) 
14:17:19   ├─ /reference/api/core/src/type-aliases/panelroworder/index.html (+6ms) 
14:17:19   ├─ /reference/api/core/src/type-aliases/parsecircuitdocumentfileoptions/index.html (+7ms) 
14:17:19   ├─ /reference/api/core/src/type-aliases/parsecircuitdocumentoptions/index.html (+7ms) 
14:17:19   ├─ /reference/api/core/src/type-aliases/parsecircuitjsondocumentoptions/index.html (+6ms) 
14:17:19   ├─ /reference/api/core/src/type-aliases/parsedquantity/index.html (+6ms) 
14:17:19   ├─ /reference/api/core/src/type-aliases/physicalprofilebase/index.html (+6ms) 
14:17:19   ├─ /reference/api/core/src/type-aliases/physicalprofileidentity/index.html (+6ms) 
14:17:19   ├─ /reference/api/core/src/type-aliases/pinref/index.html (+13ms) 
14:17:19   ├─ /reference/api/core/src/type-aliases/point/index.html (+7ms) 
14:17:19   ├─ /reference/api/core/src/type-aliases/polarityissue/index.html (+6ms) 
14:17:19   ├─ /reference/api/core/src/type-aliases/polarityverdict/index.html (+7ms) 
14:17:19   ├─ /reference/api/core/src/type-aliases/port/index.html (+7ms) 
14:17:19   ├─ /reference/api/core/src/type-aliases/potentiometertaper/index.html (+6ms) 
14:17:19   ├─ /reference/api/core/src/type-aliases/potentiometerterminalrole/index.html (+7ms) 
14:17:19   ├─ /reference/api/core/src/type-aliases/potentiometerterminalroleresolution/index.html (+6ms) 
14:17:19   ├─ /reference/api/core/src/type-aliases/potentiometerterminalroleverdict/index.html (+6ms) 
14:17:19   ├─ /reference/api/core/src/type-aliases/profileresponseref/index.html (+13ms) 
14:17:19   ├─ /reference/api/core/src/type-aliases/profilevalidationresult/index.html (+7ms) 
14:17:19   ├─ /reference/api/core/src/type-aliases/programop/index.html (+6ms) 
14:17:19   ├─ /reference/api/core/src/type-aliases/programopvalue/index.html (+6ms) 
14:17:19   ├─ /reference/api/core/src/type-aliases/programparameter/index.html (+6ms) 
14:17:19   ├─ /reference/api/core/src/type-aliases/programparameterread/index.html (+7ms) 
14:17:19   ├─ /reference/api/core/src/type-aliases/programposition/index.html (+7ms) 
14:17:19   ├─ /reference/api/core/src/type-aliases/programroute/index.html (+6ms) 
14:17:19   ├─ /reference/api/core/src/type-aliases/programrouter/index.html (+7ms) 
14:17:19   ├─ /reference/api/core/src/type-aliases/programrouterread/index.html (+13ms) 
14:17:19   ├─ /reference/api/core/src/type-aliases/programtaplaw/index.html (+7ms) 
14:17:19   ├─ /reference/api/core/src/type-aliases/propertyobject/index.html (+6ms) 
14:17:19   ├─ /reference/api/core/src/type-aliases/propertyrule/index.html (+7ms) 
14:17:19   ├─ /reference/api/core/src/type-aliases/propertyvalue/index.html (+7ms) 
14:17:19   ├─ /reference/api/core/src/type-aliases/quantityrule/index.html (+7ms) 
14:17:19   ├─ /reference/api/core/src/type-aliases/resolvedcomponentdevice/index.html (+7ms) 
14:17:19   ├─ /reference/api/core/src/type-aliases/roleddevicekind/index.html (+6ms) 
14:17:19   ├─ /reference/api/core/src/type-aliases/rotation/index.html (+6ms) 
14:17:19   ├─ /reference/api/core/src/type-aliases/serializecircuitdocumentfileoptions/index.html (+13ms) 
14:17:19   ├─ /reference/api/core/src/type-aliases/serializeinterchangeyamloptions/index.html (+7ms) 
14:17:19   ├─ /reference/api/core/src/type-aliases/serializeltspiceascoptions/index.html (+7ms) 
14:17:19   ├─ /reference/api/core/src/type-aliases/serializevdspcircuitdocumentoptions/index.html (+6ms) 
14:17:19   ├─ /reference/api/core/src/type-aliases/simulationprofile/index.html (+6ms) 
14:17:19   ├─ /reference/api/core/src/type-aliases/simulationprofilecatalog/index.html (+7ms) 
14:17:19   ├─ /reference/api/core/src/type-aliases/slidercontrol/index.html (+6ms) 
14:17:19   ├─ /reference/api/core/src/type-aliases/sliderorientation/index.html (+6ms) 
14:17:19   ├─ /reference/api/core/src/type-aliases/sliderrange/index.html (+7ms) 
14:17:19   ├─ /reference/api/core/src/type-aliases/slidervalue/index.html (+13ms) 
14:17:19   ├─ /reference/api/core/src/type-aliases/speakerdrivergeometry/index.html (+8ms) 
14:17:19   ├─ /reference/api/core/src/type-aliases/speakerdriverprofile/index.html (+7ms) 
14:17:19   ├─ /reference/api/core/src/type-aliases/speakerdriversmallsignal/index.html (+6ms) 
14:17:19   ├─ /reference/api/core/src/type-aliases/spiceletter/index.html (+7ms) 
14:17:19   ├─ /reference/api/core/src/type-aliases/stringrule/index.html (+6ms) 
14:17:19   ├─ /reference/api/core/src/type-aliases/switchcontrol/index.html (+6ms) 
14:17:19   ├─ /reference/api/core/src/type-aliases/switchkind/index.html (+7ms) 
14:17:19   ├─ /reference/api/core/src/type-aliases/switchvalue/index.html (+6ms) 
14:17:19   ├─ /reference/api/core/src/type-aliases/symboldef/index.html (+13ms) 
14:17:19   ├─ /reference/api/core/src/type-aliases/taperissue/index.html (+7ms) 
14:17:19   ├─ /reference/api/core/src/type-aliases/taperverdict/index.html (+6ms) 
14:17:19   ├─ /reference/api/core/src/type-aliases/terminal/index.html (+7ms) 
14:17:19   ├─ /reference/api/core/src/type-aliases/terminalrole/index.html (+6ms) 
14:17:19   ├─ /reference/api/core/src/type-aliases/tidylayoutoptions/index.html (+7ms) 
14:17:19   ├─ /reference/api/core/src/type-aliases/traceplausibilityoptions/index.html (+7ms) 
14:17:19   ├─ /reference/api/core/src/type-aliases/validatedocumentoptions/index.html (+6ms) 
14:17:19   ├─ /reference/api/core/src/type-aliases/validatesourceruntimeboundaryoptions/index.html (+6ms) 
14:17:19   ├─ /reference/api/core/src/type-aliases/validatevdspcircuitdocumentschemaoptions/index.html (+13ms) 
14:17:19   ├─ /reference/api/core/src/type-aliases/validationcode/index.html (+8ms) 
14:17:19   ├─ /reference/api/core/src/type-aliases/validationissue/index.html (+7ms) 
14:17:19   ├─ /reference/api/core/src/type-aliases/validationseverity/index.html (+7ms) 
14:17:19   ├─ /reference/api/core/src/type-aliases/vdspbuilddataobject/index.html (+7ms) 
14:17:19   ├─ /reference/api/core/src/type-aliases/vdspbuilddatascalar/index.html (+7ms) 
14:17:19   ├─ /reference/api/core/src/type-aliases/vdspbuilddatavalue/index.html (+7ms) 
14:17:19   ├─ /reference/api/core/src/type-aliases/vdspschemavalidationissue/index.html (+7ms) 
14:17:19   ├─ /reference/api/core/src/type-aliases/vdspschemavalidationresult/index.html (+7ms) 
14:17:19   ├─ /reference/api/core/src/type-aliases/warning/index.html (+14ms) 
14:17:19   ├─ /reference/api/core/src/type-aliases/windingimpedance/index.html (+7ms) 
14:17:19   ├─ /reference/api/core/src/type-aliases/windingissue/index.html (+7ms) 
14:17:19   ├─ /reference/api/core/src/type-aliases/windingrole/index.html (+7ms) 
14:17:19   ├─ /reference/api/core/src/type-aliases/wire/index.html (+6ms) 
14:17:19   ├─ /reference/api/core/src/type-aliases/wirebodyhit/index.html (+6ms) 
14:17:19   ├─ /reference/api/core/src/variables/ambiguous_device_terminal_tokens/index.html (+6ms) 
14:17:19   ├─ /reference/api/core/src/variables/ambiguous_potentiometer_end_tokens/index.html (+6ms) 
14:17:19   ├─ /reference/api/core/src/variables/ampappearanceprofileschema/index.html (+7ms) 
14:17:19   ├─ /reference/api/core/src/variables/ampcontrolkindschema/index.html (+14ms) 
14:17:19   ├─ /reference/api/core/src/variables/ampcontrolpanelprofileschema/index.html (+7ms) 
14:17:19   ├─ /reference/api/core/src/variables/ampcontrolprofileschema/index.html (+6ms) 
14:17:19   ├─ /reference/api/core/src/variables/ampprofileschema/index.html (+6ms) 
14:17:19   ├─ /reference/api/core/src/variables/cabinetappearanceprofileschema/index.html (+6ms) 
14:17:19   ├─ /reference/api/core/src/variables/cabinetprofileschema/index.html (+7ms) 
14:17:19   ├─ /reference/api/core/src/variables/component_kinds/index.html (+7ms) 
14:17:19   ├─ /reference/api/core/src/variables/control_role_values/index.html (+6ms) 
14:17:19   ├─ /reference/api/core/src/variables/device_polarities/index.html (+7ms) 
14:17:19   ├─ /reference/api/core/src/variables/device_terminal_roles/index.html (+13ms) 
14:17:19   ├─ /reference/api/core/src/variables/empty_document/index.html (+7ms) 
14:17:19   ├─ /reference/api/core/src/variables/interchange_contract_version/index.html (+7ms) 
14:17:19   ├─ /reference/api/core/src/variables/panel_protocol_version/index.html (+6ms) 
14:17:19   ├─ /reference/api/core/src/variables/polarities_by_kind/index.html (+6ms) 
14:17:19   ├─ /reference/api/core/src/variables/polarity_property_key/index.html (+6ms) 
14:17:19   ├─ /reference/api/core/src/variables/potentiometer_tapers/index.html (+6ms) 
14:17:19   ├─ /reference/api/core/src/variables/potentiometer_terminal_role_aliases/index.html (+6ms) 
14:17:19   ├─ /reference/api/core/src/variables/potentiometer_terminal_roles/index.html (+6ms) 
14:17:19   ├─ /reference/api/core/src/variables/profiledimensionsschema/index.html (+13ms) 
14:17:19   ├─ /reference/api/core/src/variables/suffixable_device_terminal_roles/index.html (+7ms) 
14:17:19   ├─ /reference/api/core/src/variables/superseded_polarity_property_keys/index.html (+6ms) 
14:17:19   ├─ /reference/api/core/src/variables/superseded_taper_property_keys/index.html (+6ms) 
14:17:19   ├─ /reference/api/core/src/variables/taper_property_key/index.html (+6ms) 
14:17:19   ├─ /reference/api/core/src/variables/terminal_roles_by_kind/index.html (+6ms) 
14:17:19   ├─ /reference/api/core/src/variables/vdspfileextension/index.html (+7ms) 
14:17:19   ├─ /reference/api/core/src/variables/version/index.html (+7ms) 
14:17:19   ├─ /reference/api/core/src/variables/winding_roles/index.html (+6ms) 
14:17:19   ├─ /reference/api/readme/index.html (+14ms) 
14:17:19   ├─ /reference/api/runtime/src/classes/chainruntime/index.html (+7ms) 
14:17:19   ├─ /reference/api/runtime/src/classes/referenceruntime/index.html (+7ms) 
14:17:19   ├─ /reference/api/runtime/src/classes/runtimeerror/index.html (+7ms) 
14:17:19   ├─ /reference/api/runtime/src/classes/v2wasmengine/index.html (+7ms) 
14:17:19   ├─ /reference/api/runtime/src/functions/admissionverdict/index.html (+7ms) 
14:17:19   ├─ /reference/api/runtime/src/functions/bypassnotmodelledadvisories/index.html (+7ms) 
14:17:19   ├─ /reference/api/runtime/src/functions/calibratenspersolve/index.html (+7ms) 
14:17:19   ├─ /reference/api/runtime/src/functions/chainadvisories/index.html (+7ms) 
14:17:19   ├─ /reference/api/runtime/src/functions/dacscalefactor/index.html (+14ms) 
14:17:19   ├─ /reference/api/runtime/src/functions/denselinearsolveworkload/index.html (+8ms) 
14:17:19   ├─ /reference/api/runtime/src/functions/measureinputattributable/index.html (+7ms) 
14:17:19   ├─ /reference/api/runtime/src/functions/measuresharedwindow/index.html (+7ms) 
14:17:19   ├─ /reference/api/runtime/src/functions/outputconversionfullscale/index.html (+6ms) 
14:17:19   ├─ /reference/api/runtime/src/functions/outputdbfs/index.html (+6ms) 
14:17:19   ├─ /reference/api/runtime/src/functions/postv2workletmessage/index.html (+6ms) 
14:17:19   ├─ /reference/api/runtime/src/functions/predictedworstcasens/index.html (+7ms) 
14:17:19   ├─ /reference/api/runtime/src/functions/processorslot/index.html (+6ms) 
14:17:19   ├─ /reference/api/runtime/src/functions/programslot/index.html (+14ms) 
14:17:19   ├─ /reference/api/runtime/src/functions/resolvebypassmode/index.html (+7ms) 
14:17:20   ├─ /reference/api/runtime/src/functions/seamscale/index.html (+6ms) 
14:17:20   ├─ /reference/api/runtime/src/functions/settledrender/index.html (+6ms) 
14:17:20   ├─ /reference/api/runtime/src/functions/settledsweepverified/index.html (+7ms) 
14:17:20   ├─ /reference/api/runtime/src/functions/slotcontract/index.html (+6ms) 
14:17:20   ├─ /reference/api/runtime/src/functions/supplygroundconflicts/index.html (+6ms) 
14:17:20   ├─ /reference/api/runtime/src/functions/taperfraction/index.html (+6ms) 
14:17:20   ├─ /reference/api/runtime/src/type-aliases/admissionverdict/index.html (+7ms) 
14:17:20   ├─ /reference/api/runtime/src/type-aliases/bypassmode/index.html (+14ms) 
14:17:20   ├─ /reference/api/runtime/src/type-aliases/calibrateoptions/index.html (+7ms) 
14:17:20   ├─ /reference/api/runtime/src/type-aliases/calibrationcorrection/index.html (+7ms) 
14:17:20   ├─ /reference/api/runtime/src/type-aliases/calibrationreason/index.html (+7ms) 
14:17:20   ├─ /reference/api/runtime/src/type-aliases/calibrationrefusal/index.html (+7ms) 
14:17:20   ├─ /reference/api/runtime/src/type-aliases/calibrationresult/index.html (+7ms) 
14:17:20   ├─ /reference/api/runtime/src/type-aliases/calibrationrow/index.html (+6ms) 
14:17:20   ├─ /reference/api/runtime/src/type-aliases/chainadvisory/index.html (+7ms) 
14:17:20   ├─ /reference/api/runtime/src/type-aliases/chainslot/index.html (+6ms) 
14:17:20   ├─ /reference/api/runtime/src/type-aliases/externalprocessor/index.html (+13ms) 
14:17:20   ├─ /reference/api/runtime/src/type-aliases/realtimebudget/index.html (+7ms) 
14:17:20   ├─ /reference/api/runtime/src/type-aliases/runtimenodevoltagesnapshot/index.html (+7ms) 
14:17:20   ├─ /reference/api/runtime/src/type-aliases/settleoptions/index.html (+7ms) 
14:17:20   ├─ /reference/api/runtime/src/type-aliases/slotcontract/index.html (+6ms) 
14:17:20   ├─ /reference/api/runtime/src/type-aliases/stagecoverage/index.html (+6ms) 
14:17:20   ├─ /reference/api/runtime/src/type-aliases/supplyaddress/index.html (+7ms) 
14:17:20   ├─ /reference/api/runtime/src/type-aliases/supplygroundconflict/index.html (+7ms) 
14:17:20   ├─ /reference/api/runtime/src/type-aliases/supplyinfo/index.html (+6ms) 
14:17:20   ├─ /reference/api/runtime/src/type-aliases/torealtimebudgetargs/index.html (+14ms) 
14:17:20   ├─ /reference/api/runtime/src/type-aliases/v2workletinboundmessage/index.html (+7ms) 
14:17:20   ├─ /reference/api/runtime/src/type-aliases/v2workletoutboundmessage/index.html (+7ms) 
14:17:20   ├─ /reference/api/runtime/src/type-aliases/v2workletport/index.html (+7ms) 
14:17:20   ├─ /reference/api/runtime/src/type-aliases/v2workletslot/index.html (+6ms) 
14:17:20   ├─ /reference/api/runtime/src/variables/default_calibration_sizes/index.html (+7ms) 
14:17:20   ├─ /reference/api/runtime/src/variables/default_newton_max_iterations/index.html (+6ms) 
14:17:20   ├─ /reference/api/runtime/src/variables/settle_defaults/index.html (+7ms) 
14:17:20   ├─ /reference/api/runtime/src/variables/v2workletprocessorname/index.html (+6ms) 
14:17:20   ├─ /reference/api/stompbox/src/functions/applystompboxpedalstatecommand/index.html (+14ms) 
14:17:20   ├─ /reference/api/stompbox/src/functions/applystompboxpreviewinteraction/index.html (+7ms) 
14:17:20   ├─ /reference/api/stompbox/src/functions/applystompboxpreviewstatepatch/index.html (+6ms) 
14:17:20   ├─ /reference/api/stompbox/src/functions/createdefaultstompboxpedalstate/index.html (+7ms) 
14:17:20   ├─ /reference/api/stompbox/src/functions/createdefaultstompboxpedalstatefromvdsp/index.html (+7ms) 
14:17:20   ├─ /reference/api/stompbox/src/functions/createstompboxappearancepatch/index.html (+6ms) 
14:17:20   ├─ /reference/api/stompbox/src/functions/createstompboxcontrolsurface/index.html (+7ms) 
14:17:20   ├─ /reference/api/stompbox/src/functions/createstompboxdrilllayout/index.html (+7ms) 
14:17:20   ├─ /reference/api/stompbox/src/functions/createstompboxdrilllayoutfromvdsp/index.html (+8ms) 
14:17:20   ├─ /reference/api/stompbox/src/functions/createstompboxdrilltemplate/index.html (+15ms) 
14:17:20   ├─ /reference/api/stompbox/src/functions/createstompboxdrilltemplatefromvdsp/index.html (+8ms) 
14:17:20   ├─ /reference/api/stompbox/src/functions/createstompboxdrilltemplatesvg/index.html (+7ms) 
14:17:20   ├─ /reference/api/stompbox/src/functions/createstompboxdrilltemplatesvgfromvdsp/index.html (+7ms) 
14:17:20   ├─ /reference/api/stompbox/src/functions/createstompboxfootswitchpresscommand/index.html (+7ms) 
14:17:20   ├─ /reference/api/stompbox/src/functions/createstompboxhardwareprofilefromdocument/index.html (+7ms) 
14:17:20   ├─ /reference/api/stompbox/src/functions/createstompboxhardwareprofilefromvdsp/index.html (+7ms) 
14:17:20   ├─ /reference/api/stompbox/src/functions/createstompboxknobturncommand/index.html (+7ms) 
14:17:20   ├─ /reference/api/stompbox/src/functions/createstompboxpanelfromcontrolsurface/index.html (+7ms) 
14:17:20   ├─ /reference/api/stompbox/src/functions/createstompboxpedalstatefromcontrolsurface/index.html (+14ms) 
14:17:20   ├─ /reference/api/stompbox/src/functions/createstompboxpedalstatestore/index.html (+7ms) 
14:17:20   ├─ /reference/api/stompbox/src/functions/createstompboxpreview/index.html (+7ms) 
14:17:20   ├─ /reference/api/stompbox/src/functions/createstompboxpreviewfromvdsp/index.html (+7ms) 
14:17:20   ├─ /reference/api/stompbox/src/functions/createstompboxpreviewglb/index.html (+7ms) 
14:17:20   ├─ /reference/api/stompbox/src/functions/createstompboxpreviewglbfromvdsp/index.html (+7ms) 
14:17:20   ├─ /reference/api/stompbox/src/functions/createstompboxpreviewstatepatch/index.html (+8ms) 
14:17:20   ├─ /reference/api/stompbox/src/functions/createstompboxpreviewsvgviews/index.html (+8ms) 
14:17:20   ├─ /reference/api/stompbox/src/functions/createstompboxpreviewsvgviewsfromvdsp/index.html (+7ms) 
14:17:20   ├─ /reference/api/stompbox/src/functions/createstompboxruntimecommand/index.html (+16ms) 
14:17:20   ├─ /reference/api/stompbox/src/functions/createstompboxsourcepanelcontrols/index.html (+8ms) 
14:17:20   ├─ /reference/api/stompbox/src/functions/denormalizestompboxcontrolvalue/index.html (+9ms) 
14:17:20   ├─ /reference/api/stompbox/src/functions/getavailablestompboxstyleprofiles/index.html (+7ms) 
14:17:20   ├─ /reference/api/stompbox/src/functions/knobrotationdegforposition/index.html (+8ms) 
14:17:20   ├─ /reference/api/stompbox/src/functions/normalizestompboxcontrolvalue/index.html (+7ms) 
14:17:20   ├─ /reference/api/stompbox/src/functions/resolvestompboxappearance/index.html (+7ms) 
14:17:20   ├─ /reference/api/stompbox/src/functions/resolvestompboxassetpaths/index.html (+9ms) 
14:17:20   ├─ /reference/api/stompbox/src/functions/setstompboxcontrolvalue/index.html (+8ms) 
14:17:20   ├─ /reference/api/stompbox/src/functions/setstompboxpedalenabled/index.html (+16ms) 
14:17:20   ├─ /reference/api/stompbox/src/functions/validatestompboxglbasset/index.html (+9ms) 
14:17:20   ├─ /reference/api/stompbox/src/functions/validatestompboxglbassetfrompath/index.html (+8ms) 
14:17:20   ├─ /reference/api/stompbox/src/functions/validatestompboxhardwareprofileassets/index.html (+7ms) 
14:17:20   ├─ /reference/api/stompbox/src/type-aliases/resolvedstompboxassetpaths/index.html (+7ms) 
14:17:20   ├─ /reference/api/stompbox/src/type-aliases/stompboxappearance/index.html (+13ms) 
14:17:20   ├─ /reference/api/stompbox/src/type-aliases/stompboxappearanceoptions/index.html (+10ms) 
14:17:20   ├─ /reference/api/stompbox/src/type-aliases/stompboxappearancepatchtarget/index.html (+9ms) 
14:17:20   ├─ /reference/api/stompbox/src/type-aliases/stompboxassetfileoptions/index.html (+10ms) 
14:17:20   ├─ /reference/api/stompbox/src/type-aliases/stompboxassetfilereader/index.html (+29ms) 
14:17:20   ├─ /reference/api/stompbox/src/type-aliases/stompboxassetrefs/index.html (+11ms) 
14:17:20   ├─ /reference/api/stompbox/src/type-aliases/stompboxassetresolveoptions/index.html (+9ms) 
14:17:20   ├─ /reference/api/stompbox/src/type-aliases/stompboxaudiojacklabelstrategy/index.html (+8ms) 
14:17:20   ├─ /reference/api/stompbox/src/type-aliases/stompboxcompiledcontrollike/index.html (+7ms) 
14:17:20   ├─ /reference/api/stompbox/src/type-aliases/stompboxconcentricdial/index.html (+7ms) 
14:17:20   ├─ /reference/api/stompbox/src/type-aliases/stompboxcontrolstatelistener/index.html (+7ms) 
14:17:20   ├─ /reference/api/stompbox/src/type-aliases/stompboxcontrolsurface/index.html (+7ms) 
14:17:20   ├─ /reference/api/stompbox/src/type-aliases/stompboxdecalappearancepatchtarget/index.html (+10ms) 
14:17:20   ├─ /reference/api/stompbox/src/type-aliases/stompboxdecalgridplacement/index.html (+14ms) 
14:17:20   ├─ /reference/api/stompbox/src/type-aliases/stompboxdecalinput/index.html (+15ms) 
14:17:20   ├─ /reference/api/stompbox/src/type-aliases/stompboxdecalinputcommon/index.html (+14ms) 
14:17:20   ├─ /reference/api/stompbox/src/type-aliases/stompboxdecaloptions/index.html (+33ms) 
14:17:20   ├─ /reference/api/stompbox/src/type-aliases/stompboxdecalplacement/index.html (+9ms) 
14:17:20   ├─ /reference/api/stompbox/src/type-aliases/stompboxdefaultpartprofileids/index.html (+8ms) 
14:17:20   ├─ /reference/api/stompbox/src/type-aliases/stompboxdiagnostic/index.html (+8ms) 
14:17:20   ├─ /reference/api/stompbox/src/type-aliases/stompboxdiagnosticcode/index.html (+8ms) 
14:17:20   ├─ /reference/api/stompbox/src/type-aliases/stompboxdrillhole/index.html (+9ms) 
14:17:20   ├─ /reference/api/stompbox/src/type-aliases/stompboxdrillholemarker/index.html (+8ms) 
14:17:20   ├─ /reference/api/stompbox/src/type-aliases/stompboxdrillholeprofile/index.html (+8ms) 
14:17:20   ├─ /reference/api/stompbox/src/type-aliases/stompboxdrilllayout/index.html (+9ms) 
14:17:20   ├─ /reference/api/stompbox/src/type-aliases/stompboxdrilltemplate/index.html (+7ms) 
14:17:20   ├─ /reference/api/stompbox/src/type-aliases/stompboxdrilltemplatefromvdspoptions/index.html (+8ms) 
14:17:20   ├─ /reference/api/stompbox/src/type-aliases/stompboxdrilltemplatehole/index.html (+13ms) 
14:17:20   ├─ /reference/api/stompbox/src/type-aliases/stompboxdrilltemplateoptions/index.html (+7ms) 
14:17:20   ├─ /reference/api/stompbox/src/type-aliases/stompboxdrilltemplatepage/index.html (+9ms) 
14:17:20   ├─ /reference/api/stompbox/src/type-aliases/stompboxdrilltemplatescalemark/index.html (+7ms) 
14:17:20   ├─ /reference/api/stompbox/src/type-aliases/stompboxenclosureprofile/index.html (+7ms) 
14:17:20   ├─ /reference/api/stompbox/src/type-aliases/stompboxenclosureprofilecatalog/index.html (+6ms) 
14:17:20   ├─ /reference/api/stompbox/src/type-aliases/stompboxfaceid/index.html (+7ms) 
14:17:20   ├─ /reference/api/stompbox/src/type-aliases/stompboxfootswitchstrategy/index.html (+6ms) 
14:17:20   ├─ /reference/api/stompbox/src/type-aliases/stompboxfootswitchtravelaxis/index.html (+16ms) 
14:17:20   ├─ /reference/api/stompbox/src/type-aliases/stompboxfromvdspoptions/index.html (+7ms) 
14:17:20   ├─ /reference/api/stompbox/src/type-aliases/stompboxglbassetvalidation/index.html (+6ms) 
14:17:20   ├─ /reference/api/stompbox/src/type-aliases/stompboxglbassetvalidationoptions/index.html (+7ms) 
14:17:20   ├─ /reference/api/stompbox/src/type-aliases/stompboxglbstatetargetref/index.html (+7ms) 
14:17:20   ├─ /reference/api/stompbox/src/type-aliases/stompboxglbstatetargetrole/index.html (+7ms) 
14:17:20   ├─ /reference/api/stompbox/src/type-aliases/stompboxglbstatetargetselector/index.html (+7ms) 
14:17:21   ├─ /reference/api/stompbox/src/type-aliases/stompboxhardwareprofile/index.html (+6ms) 
14:17:21   ├─ /reference/api/stompbox/src/type-aliases/stompboxhardwareprofileassetvalidation/index.html (+6ms) 
14:17:21   ├─ /reference/api/stompbox/src/type-aliases/stompboxhardwareprofileassetvalidationoptions/index.html (+13ms) 
14:17:21   ├─ /reference/api/stompbox/src/type-aliases/stompboxhardwareprofilederiveoptions/index.html (+7ms) 
14:17:21   ├─ /reference/api/stompbox/src/type-aliases/stompboxhardwareprofileoptions/index.html (+7ms) 
14:17:21   ├─ /reference/api/stompbox/src/type-aliases/stompboximagedecalinput/index.html (+6ms) 
14:17:21   ├─ /reference/api/stompbox/src/type-aliases/stompboxknobgridstrategy/index.html (+6ms) 
14:17:21   ├─ /reference/api/stompbox/src/type-aliases/stompboxlabelappearance/index.html (+7ms) 
14:17:21   ├─ /reference/api/stompbox/src/type-aliases/stompboxlayoutoptions/index.html (+7ms) 
14:17:21   ├─ /reference/api/stompbox/src/type-aliases/stompboxpartappearancepatchtarget/index.html (+6ms) 
14:17:21   ├─ /reference/api/stompbox/src/type-aliases/stompboxpartgeometry/index.html (+6ms) 
14:17:21   ├─ /reference/api/stompbox/src/type-aliases/stompboxpartprofile/index.html (+14ms) 
14:17:21   ├─ /reference/api/stompbox/src/type-aliases/stompboxpartprofilecatalog/index.html (+7ms) 
14:17:21   ├─ /reference/api/stompbox/src/type-aliases/stompboxpartprovenance/index.html (+7ms) 
14:17:21   ├─ /reference/api/stompbox/src/type-aliases/stompboxpartstatetargets/index.html (+7ms) 
14:17:21   ├─ /reference/api/stompbox/src/type-aliases/stompboxpartsurface/index.html (+6ms) 
14:17:21   ├─ /reference/api/stompbox/src/type-aliases/stompboxpedalstate/index.html (+6ms) 
14:17:21   ├─ /reference/api/stompbox/src/type-aliases/stompboxpedalstatechange/index.html (+6ms) 
14:17:21   ├─ /reference/api/stompbox/src/type-aliases/stompboxpedalstatecommand/index.html (+7ms) 
14:17:21   ├─ /reference/api/stompbox/src/type-aliases/stompboxpedalstatelistener/index.html (+7ms) 
14:17:21   ├─ /reference/api/stompbox/src/type-aliases/stompboxpedalstatestore/index.html (+14ms) 
14:17:21   ├─ /reference/api/stompbox/src/type-aliases/stompboxplacementprovenance/index.html (+7ms) 
14:17:21   ├─ /reference/api/stompbox/src/type-aliases/stompboxpoint2/index.html (+7ms) 
14:17:21   ├─ /reference/api/stompbox/src/type-aliases/stompboxpoint3/index.html (+7ms) 
14:17:21   ├─ /reference/api/stompbox/src/type-aliases/stompboxpreview/index.html (+7ms) 
14:17:21   ├─ /reference/api/stompbox/src/type-aliases/stompboxpreviewdecal/index.html (+6ms) 
14:17:21   ├─ /reference/api/stompbox/src/type-aliases/stompboxpreviewdecalcommon/index.html (+7ms) 
14:17:21   ├─ /reference/api/stompbox/src/type-aliases/stompboxpreviewenclosure/index.html (+7ms) 
14:17:21   ├─ /reference/api/stompbox/src/type-aliases/stompboxpreviewfromvdspoptions/index.html (+6ms) 
14:17:21   ├─ /reference/api/stompbox/src/type-aliases/stompboxpreviewglb/index.html (+14ms) 
14:17:21   ├─ /reference/api/stompbox/src/type-aliases/stompboxpreviewglbfromvdspoptions/index.html (+7ms) 
14:17:21   ├─ /reference/api/stompbox/src/type-aliases/stompboxpreviewglboptions/index.html (+6ms) 
14:17:21   ├─ /reference/api/stompbox/src/type-aliases/stompboxpreviewimagedecal/index.html (+6ms) 
14:17:21   ├─ /reference/api/stompbox/src/type-aliases/stompboxpreviewmaterial/index.html (+6ms) 
14:17:21   ├─ /reference/api/stompbox/src/type-aliases/stompboxpreviewoptions/index.html (+6ms) 
14:17:21   ├─ /reference/api/stompbox/src/type-aliases/stompboxpreviewpart/index.html (+6ms) 
14:17:21   ├─ /reference/api/stompbox/src/type-aliases/stompboxpreviewstatepatch/index.html (+6ms) 
14:17:21   ├─ /reference/api/stompbox/src/type-aliases/stompboxpreviewstatepatchlistener/index.html (+7ms) 
14:17:21   ├─ /reference/api/stompbox/src/type-aliases/stompboxpreviewstatepatchtarget/index.html (+14ms) 
14:17:21   ├─ /reference/api/stompbox/src/type-aliases/stompboxpreviewsvgdecal/index.html (+7ms) 
14:17:21   ├─ /reference/api/stompbox/src/type-aliases/stompboxpreviewsvggrainoptions/index.html (+7ms) 
14:17:21   ├─ /reference/api/stompbox/src/type-aliases/stompboxpreviewsvgviewid/index.html (+7ms) 
14:17:21   ├─ /reference/api/stompbox/src/type-aliases/stompboxpreviewsvgviews/index.html (+7ms) 
14:17:21   ├─ /reference/api/stompbox/src/type-aliases/stompboxpreviewsvgviewsfromvdspoptions/index.html (+7ms) 
14:17:21   ├─ /reference/api/stompbox/src/type-aliases/stompboxpreviewsvgviewsoptions/index.html (+6ms) 
14:17:21   ├─ /reference/api/stompbox/src/type-aliases/stompboxpreviewtextdecal/index.html (+7ms) 
14:17:21   ├─ /reference/api/stompbox/src/type-aliases/stompboxresolvedappearance/index.html (+7ms) 
14:17:21   ├─ /reference/api/stompbox/src/type-aliases/stompboxresolvedglbstatetarget/index.html (+13ms) 
14:17:21   ├─ /reference/api/stompbox/src/type-aliases/stompboxresolvedpartstatetargets/index.html (+7ms) 
14:17:21   ├─ /reference/api/stompbox/src/type-aliases/stompboxrotationdeg/index.html (+6ms) 
14:17:21   ├─ /reference/api/stompbox/src/type-aliases/stompboxruntimecommand/index.html (+6ms) 
14:17:21   ├─ /reference/api/stompbox/src/type-aliases/stompboxruntimecontroldescriptor/index.html (+6ms) 
14:17:21   ├─ /reference/api/stompbox/src/type-aliases/stompboxruntimecontrolkind/index.html (+7ms) 
14:17:21   ├─ /reference/api/stompbox/src/type-aliases/stompboxruntimecontrolroute/index.html (+7ms) 
14:17:21   ├─ /reference/api/stompbox/src/type-aliases/stompboxsidehardwarestrategy/index.html (+7ms) 
14:17:21   ├─ /reference/api/stompbox/src/type-aliases/stompboxsize2/index.html (+7ms) 
14:17:21   ├─ /reference/api/stompbox/src/type-aliases/stompboxsourcepanelcontrol/index.html (+13ms) 
14:17:21   ├─ /reference/api/stompbox/src/type-aliases/stompboxstyleprofile/index.html (+7ms) 
14:17:21   ├─ /reference/api/stompbox/src/type-aliases/stompboxstyleprofilefilter/index.html (+7ms) 
14:17:21   ├─ /reference/api/stompbox/src/type-aliases/stompboxstyleprofileid/index.html (+7ms) 
14:17:21   ├─ /reference/api/stompbox/src/type-aliases/stompboxsvgdecalinput/index.html (+7ms) 
14:17:21   ├─ /reference/api/stompbox/src/type-aliases/stompboxtemplatemode/index.html (+7ms) 
14:17:21   ├─ /reference/api/stompbox/src/type-aliases/stompboxtextdecalinput/index.html (+7ms) 
14:17:21   ├─ /reference/api/stompbox/src/type-aliases/stompboxunits/index.html (+6ms) 
14:17:21   ├─ /reference/api/stompbox/src/type-aliases/stompboxunsubscribe/index.html (+6ms) 
14:17:21   ├─ /reference/api/stompbox/src/variables/stompbox_drill_hole_profile_catalog/index.html (+15ms) 
14:17:21   ├─ /reference/api/visual-effects/src/functions/addtoonoutlines/index.html (+7ms) 
14:17:21   ├─ /reference/api/visual-effects/src/functions/applymaterialgrain/index.html (+7ms) 
14:17:21   ├─ /reference/api/visual-effects/src/functions/applytoonmaterials/index.html (+7ms) 
14:17:21   ├─ /reference/api/visual-effects/src/functions/createglitchpass/index.html (+7ms) 
14:17:21   ├─ /reference/api/visual-effects/src/functions/createprevieweffectpipeline/index.html (+7ms) 
14:17:21   ├─ /reference/api/visual-effects/src/functions/createscreengrainpass/index.html (+7ms) 
14:17:21   ├─ /reference/api/visual-effects/src/functions/resolveprevieweffectpreset/index.html (+7ms) 
14:17:21   ├─ /reference/api/visual-effects/src/type-aliases/resolvedvesselprevieweffectpreset/index.html (+8ms) 
14:17:21   ├─ /reference/api/visual-effects/src/type-aliases/vesselglitchpass/index.html (+15ms) 
14:17:21   ├─ /reference/api/visual-effects/src/type-aliases/vesselpreviewcrtbackground/index.html (+7ms) 
14:17:21   ├─ /reference/api/visual-effects/src/type-aliases/vesselprevieweffectpipeline/index.html (+7ms) 
14:17:21   ├─ /reference/api/visual-effects/src/type-aliases/vesselprevieweffectpreset/index.html (+6ms) 
14:17:21   ├─ /reference/api/visual-effects/src/type-aliases/vesselscreengrainpass/index.html (+7ms) 
14:17:21   ├─ /reference/api/visual-effects/src/variables/vessel_preview_effect_defaults/index.html (+7ms) 
14:17:21 ✓ Completed in 7.11s.

14:17:21 [build] ✓ Completed in 11.05s.
14:17:21 [starlight:pagefind] Building search index with Pagefind...
14:17:22 [starlight:pagefind] Found 872 HTML files.
14:17:22 [starlight:pagefind] Finished building search index in 1.17s.
14:17:22 [@astrojs/sitemap] `sitemap-index.xml` created at `gh-pages`
14:17:22 [build] 872 page(s) built in 21.56s
14:17:22 [build] Complete!
exit 0
