player-proof: box 21:49:38 up  9:06,  0 users,  load average: 2.29, 4.94, 4.73
player-proof: chromium 149.0.7827.55, worklet 356209 bytes, dsp wasm 2147705 bytes, nam wasm 420095 bytes
player-proof: leg buffer-pedal oracle scale=1.0000 refPeak=0.2571 consoleDelta=3.02e-8
player-proof: leg buffer-pedal pre-click state=ready ctxCreated=false wasmHits=0
player-proof: leg buffer-pedal contextRate=48000 captured=61440
player-proof: leg buffer-pedal tightDist p50=1.41e-7 p90=8.65e-5 worstChunk=4 shift=7760 top5=@3:-2.2e-5,@4:-2.2e-5,@1:-2.2e-5,@0:-2.2e-5,@2:-2.2e-5 first5=[1.4e-7,1.4e-7,4.5e-5,1.2e-7,8.6e-5]
player-proof: leg buffer-pedal peak=0.2562 rms=0.1844 rate=48000 chunks=30 tightMax=8.65e-5 (<=0.002) vsTsMax=8.65e-5 (<=2.00e-3, consoleDelta=3.02e-8) cpuLoadMean=16.37 cpuP95Max=37.50 cpuSessionPeak=37.50 overruns=0 newOverruns=0 firstOverrunWindow=-1 PASS
player-proof: leg fuzz-pedal oracle scale=1.0000 refPeak=0.1418 consoleDelta=5.22e-8
player-proof: leg fuzz-pedal pre-click state=ready ctxCreated=false wasmHits=0
player-proof: leg fuzz-pedal contextRate=48000 captured=61440
player-proof: leg fuzz-pedal tightDist p50=1.34e-5 p90=9.70e-4 worstChunk=0 shift=26083 top5=@486:1.4e-3,@1686:1.4e-3,@977:-1.4e-3,@377:1.4e-3,@1577:1.4e-3 first5=[9.7e-4,1.3e-5,5.2e-8,1.3e-5,5.2e-8]
player-proof: leg fuzz-pedal peak=0.1383 rms=0.1054 rate=48000 chunks=30 tightMax=9.70e-4 (<=0.002) vsTsMax=9.70e-4 (<=2.00e-3, consoleDelta=5.22e-8) cpuLoadMean=4.29 cpuP95Max=32.14 cpuSessionPeak=37.50 overruns=0 newOverruns=0 firstOverrunWindow=-1 PASS
player-proof: leg buffer-plus-ir oracle scale=1.0000 refPeak=5.2220 consoleDelta=4.37e-8
player-proof: leg buffer-plus-ir pre-click state=ready ctxCreated=false wasmHits=0
player-proof: leg buffer-plus-ir contextRate=48000 captured=61440
player-proof: leg buffer-plus-ir tightDist p50=8.09e-4 p90=8.10e-4 worstChunk=1 shift=7677 top5=@15:-4.2e-2,@451:-4.2e-2,@124:-4.2e-2,@342:-4.2e-2,@233:-4.2e-2 first5=[7.7e-4,8.1e-4,8.1e-7,8.1e-4,7.4e-7]
player-proof: leg buffer-plus-ir peak=5.1691 rms=3.1492 rate=48000 chunks=30 tightMax=8.10e-4 (<=0.002) vsTsMax=8.10e-4 (<=2.00e-3, consoleDelta=4.37e-8) cpuLoadMean=20.36 cpuP95Max=39.64 cpuSessionPeak=112.50 overruns=2 newOverruns=0 firstOverrunWindow=0 PASS
player-proof: leg buffer-plus-nam oracle scale=1.0000 refPeak=0.0727 consoleDelta=1.02e-7
player-proof: leg buffer-plus-nam pre-click state=ready ctxCreated=false wasmHits=0
player-proof: leg buffer-plus-nam contextRate=48000 captured=61440
player-proof: leg buffer-plus-nam tightDist p50=1.92e-5 p90=2.02e-5 worstChunk=2 shift=9776 top5=@0:1.5e-6,@10:1.5e-6,@3:1.5e-6,@4:1.5e-6,@5:1.5e-6 first5=[2.0e-5,4.9e-7,2.0e-5,4.6e-7,1.9e-5]
player-proof: leg buffer-plus-nam peak=0.0713 rms=0.0506 rate=48000 chunks=30 tightMax=2.02e-5 (<=0.002) vsTsMax=2.02e-5 (<=2.00e-3, consoleDelta=1.02e-7) cpuLoadMean=16.24 cpuP95Max=37.50 cpuSessionPeak=37.50 overruns=0 newOverruns=0 firstOverrunWindow=-1 PASS
player-proof: leg phase90-pedal oracle scale=1.0000 refPeak=0.8037 consoleDelta=8.43e-2
player-proof: leg phase90-pedal pre-click state=ready ctxCreated=false wasmHits=0
player-proof: leg phase90-pedal contextRate=48000 captured=61440
player-proof: leg phase90-pedal tightDist p50=3.88e-1 p90=4.01e-1 worstChunk=2 shift=95596 top5=@508:-4.0e-1,@399:-4.0e-1,@72:-4.0e-1,@290:-4.0e-1,@181:-4.0e-1 first5=[3.6e-1,3.9e-1,4.0e-1,4.0e-1,3.8e-1]
player-proof: leg phase90-pedal HARVEST peak=0.5505 rms=0.2846 cpuLoadMean=50.96 overruns=154 (reported, not gated)
player-proof: leg phase90-pedal peak=0.5505 rms=0.2846 rate=48000 chunks=30 tightMax=4.01e-1 (<=0.002) vsTsMax=4.37e-1 (<=4.21e-1, consoleDelta=8.43e-2) cpuLoadMean=50.96 cpuP95Max=88.93 cpuSessionPeak=187.50 overruns=154 newOverruns=102 firstOverrunWindow=0 PASS
player-proof: PASS
