player-proof: box 21:50:33 up  9:07,  0 users,  load average: 1.36, 4.23, 4.50
player-proof: chromium 149.0.7827.55, worklet 356209 bytes, dsp wasm 2147705 bytes, nam wasm 420095 bytes
player-proof: leg buffer-pedal oracle scale=1.0000 refPeak=0.2571 consoleDelta=3.02e-8
player-proof: leg buffer-pedal pre-click state=ready ctxCreated=false wasmHits=0
player-proof: leg buffer-pedal contextRate=48000 captured=61440
player-proof: leg buffer-pedal tightDist p50=6.16e-5 p90=6.70e-5 worstChunk=0 shift=8192 top5=@4:-1.7e-5,@3:-1.7e-5,@2:-1.7e-5,@1:-1.7e-5,@0:-1.7e-5 first5=[6.7e-5,7.7e-8,6.2e-5,2.3e-7,6.2e-5]
player-proof: leg buffer-pedal peak=0.2533 rms=0.1839 rate=48000 chunks=30 tightMax=6.70e-5 (<=0.002) vsTsMax=6.70e-5 (<=2.00e-3, consoleDelta=3.02e-8) cpuLoadMean=15.97 cpuP95Max=37.50 cpuSessionPeak=37.50 overruns=0 newOverruns=0 firstOverrunWindow=-1 PASS
player-proof: leg fuzz-pedal oracle scale=1.0000 refPeak=0.1418 consoleDelta=5.22e-8
player-proof: leg fuzz-pedal pre-click state=ready ctxCreated=false wasmHits=0
player-proof: leg fuzz-pedal contextRate=48000 captured=61440
player-proof: leg fuzz-pedal tightDist p50=5.18e-8 p90=1.00e-3 worstChunk=5 shift=5187 top5=@873:1.4e-3,@655:1.4e-3,@764:1.4e-3,@109:1.4e-3,@0:1.4e-3 first5=[5.2e-8,5.2e-8,5.2e-8,5.2e-8,5.2e-8]
player-proof: leg fuzz-pedal peak=0.1419 rms=0.1057 rate=48000 chunks=30 tightMax=1.00e-3 (<=0.002) vsTsMax=1.00e-3 (<=2.00e-3, consoleDelta=5.22e-8) cpuLoadMean=4.02 cpuP95Max=26.79 cpuSessionPeak=37.50 overruns=0 newOverruns=0 firstOverrunWindow=-1 PASS
player-proof: leg buffer-plus-ir oracle scale=1.0000 refPeak=5.2220 consoleDelta=4.37e-8
player-proof: leg buffer-plus-ir pre-click state=ready ctxCreated=false wasmHits=0
player-proof: leg buffer-plus-ir contextRate=48000 captured=61440
player-proof: leg buffer-plus-ir tightDist p50=7.75e-4 p90=8.10e-4 worstChunk=3 shift=7677 top5=@15:-4.2e-2,@451:-4.2e-2,@124:-4.2e-2,@342:-4.2e-2,@233:-4.2e-2 first5=[7.7e-4,2.1e-5,8.9e-8,8.1e-4,1.1e-7]
player-proof: leg buffer-plus-ir peak=5.1691 rms=3.1509 rate=48000 chunks=30 tightMax=8.10e-4 (<=0.002) vsTsMax=8.10e-4 (<=2.00e-3, consoleDelta=4.37e-8) cpuLoadMean=19.65 cpuP95Max=38.57 cpuSessionPeak=112.50 overruns=1 newOverruns=0 firstOverrunWindow=0 PASS
player-proof: leg buffer-plus-nam oracle scale=1.0000 refPeak=0.0727 consoleDelta=1.02e-7
player-proof: leg buffer-plus-nam pre-click state=ready ctxCreated=false wasmHits=0
player-proof: leg buffer-plus-nam contextRate=48000 captured=61440
player-proof: leg buffer-plus-nam tightDist p50=4.90e-7 p90=4.36e-5 worstChunk=2 shift=8448 top5=@4:3.2e-6,@3:3.2e-6,@1:3.2e-6,@2:3.2e-6,@0:3.2e-6 first5=[4.7e-7,3.7e-7,4.4e-5,4.8e-7,2.0e-5]
player-proof: leg buffer-plus-nam peak=0.0711 rms=0.0504 rate=48000 chunks=30 tightMax=4.36e-5 (<=0.002) vsTsMax=4.36e-5 (<=2.00e-3, consoleDelta=1.02e-7) cpuLoadMean=16.14 cpuP95Max=37.50 cpuSessionPeak=37.50 overruns=0 newOverruns=0 firstOverrunWindow=-1 PASS
player-proof: leg phase90-pedal oracle scale=1.0000 refPeak=0.8037 consoleDelta=8.43e-2
player-proof: leg phase90-pedal pre-click state=ready ctxCreated=false wasmHits=0
player-proof: leg phase90-pedal HARVEST admission-refused with measured 7812 ns (refusal text: The chain cannot be shown to fit inside 5208 ns/sample at 48000 Hz: measured 7812 ns plus NAM/IR 0 ns.)
player-proof: PASS
